104.238.248.15 - - [16/May/2017:03:13:07 +0300] "GET /class=\x22to_contacts\x22>\xA7\xAC\xA7\xE0\xA7\xDF\xA7\xE4\xA7\xD1\xA7\xDC\xA7\xE4\xA7\xED</a> HTTP/1.1" 404 27 "-" "Mozilla/4.0 (compatible; MSIE 8.0; Windows NT 6.0)"
104.238.248.15 - - [16/May/2017:03:13:07 +0300] "GET /http%3A%2F%2Fwww%2Epolyanka44%2Einfo%2Fclass%3D%22to%5Fcontacts%22%3E%D0%9A%D0%BE%D0%BD%D1%82%D0%B0%D0%BA%D1%82%D1%8B%3C%2Fa%3E HTTP/1.1" 404 27 "-" "Mozilla/4.0 (compatible; MSIE 8.0; Windows NT 6.0)"
66.249.64.229 - - [16/May/2017:03:57:11 +0300] "GET / HTTP/1.1" 200 6856 "-" "Mozilla/5.0 (Linux; Android 6.0.1; Nexus 5X Build/MMB29P) AppleWebKit/537.36 (KHTML, like Gecko) Chrome/41.0.2272.96 Mobile Safari/537.36 (compatible; Googlebot/2.1; +http://www.google.com/bot.html)"
192.151.196.170 - - [16/May/2017:07:04:50 +0300] "HEAD /wp-login.php HTTP/1.1" 404 0 "-" "Mozilla/5.0 (Windows NT 6.1; WOW64) AppleWebKit/537.36 (KHTML, like Gecko) Chrome/51.0.2704.103 Safari/537.36"
66.249.64.237 - - [16/May/2017:07:15:38 +0300] "GET / HTTP/1.1" 200 6856 "-" "Mozilla/5.0 (compatible; Googlebot/2.1; +http://www.google.com/bot.html)"
66.249.64.229 - - [16/May/2017:07:58:26 +0300] "GET / HTTP/1.1" 200 6856 "-" "Mozilla/5.0 (compatible; Googlebot/2.1; +http://www.google.com/bot.html)"
128.69.210.206 - - [16/May/2017:09:36:41 +0300] "GET / HTTP/1.1" 200 6856 "http://yandex.ru/clck/jsredir?from=yandex.ru%3Bsearch%3Bweb%3B%3B&text=&etext=1423.uo9WRu0ObQL7EG-gdI0fOmyjSareeRmr1Ld-YhIr4hs0f3aArUieW1Ptiu8kWMTj.6bd849e034c6ff8fbcc42a47b502cf858d84a974&uuid=&state=_BLhILn4SxNIvvL0W45KSic66uCIg23qh8iRG98qeIXmeppkgUc0YM1sNxN_KHOPADPyHdOKa1Y&data=UlNrNmk5WktYejR0eWJFYk1Ldmtxci1oM2JaMVJMVDNVVjZBRXpEa2k4SVdQa0ZBWlduQ0U4TkdLQWNKRHoxcE56TGNnMGhsa0sycnRad2JIU1MtRFAwNHdCckYxdWxieHkwUTB3SWxiXzQ&b64e=2&sign=7bfca3680e975b281822c2bb7f590b3d&keyno=0&cst=AiuY0DBWFJ7IXge4WdYJQe3IrxbPWIv4rbMTWvTPvYIWFw85bDs-kX1UYF_Uccw-uYMlOx77NbxvlWvZi-aM_gH3rq0OLmKXFTXUYpdwsquqciw3e-LtufRQd0J2TemD9qdw0tC2RIothuxxZRVgBO9_WYPZMyGF&ref=orjY4mGPRjk5boDnW0uvlrrd71vZw9kp5uQozpMtKCV-bB70LKhDfJmvm9D4VJEfyzatfnKDTDXAK38gGwPFalmMns8CdVqIQ0ULro8QTg6y-HEF4rTRJw&l10n=ru&cts=1494915608909&mc=3.55429211949" "Mozilla/5.0 (Windows NT 6.1; rv:25.0) Gecko/20100101 Firefox/25.0"
66.249.64.233 - - [16/May/2017:09:46:26 +0300] "GET / HTTP/1.1" 200 6856 "-" "Mozilla/5.0 (Linux; Android 6.0.1; Nexus 5X Build/MMB29P) AppleWebKit/537.36 (KHTML, like Gecko) Chrome/41.0.2272.96 Mobile Safari/537.36 (compatible; Googlebot/2.1; +http://www.google.com/bot.html)"
66.249.64.237 - - [16/May/2017:12:28:26 +0300] "GET / HTTP/1.1" 200 6856 "-" "Mozilla/5.0 (compatible; Googlebot/2.1; +http://www.google.com/bot.html)"
66.249.64.233 - - [16/May/2017:13:04:26 +0300] "GET / HTTP/1.1" 200 6856 "-" "Mozilla/5.0 (compatible; Googlebot/2.1; +http://www.google.com/bot.html)"
66.249.64.229 - - [16/May/2017:16:04:26 +0300] "GET / HTTP/1.1" 200 6856 "-" "Mozilla/5.0 (Linux; Android 6.0.1; Nexus 5X Build/MMB29P) AppleWebKit/537.36 (KHTML, like Gecko) Chrome/41.0.2272.96 Mobile Safari/537.36 (compatible; Googlebot/2.1; +http://www.google.com/bot.html)"
2.92.153.189 - - [17/May/2017:02:00:33 +0300] "GET / HTTP/1.1" 200 6856 "-" "Mozilla/5.0 (Windows NT 6.1; Win64; x64) AppleWebKit/537.36 (KHTML, like Gecko) Chrome/58.0.3029.110 Safari/537.36"
66.249.64.237 - - [17/May/2017:02:04:18 +0300] "GET / HTTP/1.1" 200 6856 "-" "Mozilla/5.0 (compatible; Googlebot/2.1; +http://www.google.com/bot.html)"
66.249.64.233 - - [17/May/2017:02:26:04 +0300] "GET / HTTP/1.1" 200 6856 "-" "Mozilla/5.0 (compatible; Googlebot/2.1; +http://www.google.com/bot.html)"
66.249.64.229 - - [17/May/2017:07:30:42 +0300] "GET / HTTP/1.1" 200 6856 "-" "Mozilla/5.0 (Linux; Android 6.0.1; Nexus 5X Build/MMB29P) AppleWebKit/537.36 (KHTML, like Gecko) Chrome/41.0.2272.96 Mobile Safari/537.36 (compatible; Googlebot/2.1; +http://www.google.com/bot.html)"
66.249.64.233 - - [17/May/2017:09:30:42 +0300] "GET / HTTP/1.1" 200 6856 "-" "Mozilla/5.0 (compatible; Googlebot/2.1; +http://www.google.com/bot.html)"
66.249.64.229 - - [17/May/2017:10:35:18 +0300] "GET / HTTP/1.1" 200 6856 "-" "Mozilla/5.0 (compatible; Googlebot/2.1; +http://www.google.com/bot.html)"
94.25.176.31 - - [17/May/2017:13:19:09 +0300] "GET / HTTP/1.1" 200 6856 "-" "Mozilla/5.0 (Windows NT 6.1; Win64; x64) AppleWebKit/537.36 (KHTML, like Gecko) Chrome/56.0.2924.87 Safari/537.36"
94.25.176.31 - - [17/May/2017:13:19:11 +0300] "GET /fonts/RobotoLight/RobotoLight.woff HTTP/1.1" 200 25348 "http://polyanka44.info/css/fonts.css" "Mozilla/5.0 (Windows NT 6.1; Win64; x64) AppleWebKit/537.36 (KHTML, like Gecko) Chrome/56.0.2924.87 Safari/537.36"
94.25.176.31 - - [17/May/2017:13:19:11 +0300] "GET /fonts/RobotoBold/RobotoBold.woff HTTP/1.1" 200 24724 "http://polyanka44.info/css/fonts.css" "Mozilla/5.0 (Windows NT 6.1; Win64; x64) AppleWebKit/537.36 (KHTML, like Gecko) Chrome/56.0.2924.87 Safari/537.36"
94.25.176.31 - - [17/May/2017:13:19:11 +0300] "GET /libs/font-awesome-4.2.0/fonts/fontawesome-webfont.woff?v=4.2.0 HTTP/1.1" 200 65452 "http://polyanka44.info/libs/font-awesome-4.2.0/css/font-awesome.min.css" "Mozilla/5.0 (Windows NT 6.1; Win64; x64) AppleWebKit/537.36 (KHTML, like Gecko) Chrome/56.0.2924.87 Safari/537.36"
66.249.64.233 - - [17/May/2017:14:44:56 +0300] "GET / HTTP/1.1" 200 6856 "-" "Mozilla/5.0 (Linux; Android 6.0.1; Nexus 5X Build/MMB29P) AppleWebKit/537.36 (KHTML, like Gecko) Chrome/41.0.2272.96 Mobile Safari/537.36 (compatible; Googlebot/2.1; +http://www.google.com/bot.html)"
157.55.39.186 - - [17/May/2017:14:45:47 +0300] "GET / HTTP/1.1" 200 6856 "-" "Mozilla/5.0 (compatible; bingbot/2.0; +http://www.bing.com/bingbot.htm)"
173.208.169.26 - - [17/May/2017:15:13:59 +0300] "GET /wp/wp-admin/setup-config.php HTTP/1.1" 404 47 "-" "Mozilla/5.0 (Windows NT 6.1; Trident/7.0; rv:11.0) like Gecko"
173.208.169.26 - - [17/May/2017:15:13:59 +0300] "GET /blog/wp-admin/setup-config.php HTTP/1.1" 404 47 "-" "Mozilla/5.0 (Windows NT 6.1; Trident/7.0; rv:11.0) like Gecko"
173.208.169.26 - - [17/May/2017:15:13:59 +0300] "GET /wordpress/wp-admin/setup-config.php HTTP/1.1" 404 47 "-" "Mozilla/5.0 (Windows NT 6.1; Trident/7.0; rv:11.0) like Gecko"
173.208.169.26 - - [17/May/2017:15:13:59 +0300] "GET /old/wp-admin/setup-config.php HTTP/1.1" 404 47 "-" "Mozilla/5.0 (Windows NT 6.1; Trident/7.0; rv:11.0) like Gecko"
173.208.169.26 - - [17/May/2017:15:13:59 +0300] "GET /test/wp-admin/setup-config.php HTTP/1.1" 404 47 "-" "Mozilla/5.0 (Windows NT 6.1; Trident/7.0; rv:11.0) like Gecko"
66.249.64.237 - - [17/May/2017:15:54:20 +0300] "GET / HTTP/1.1" 200 6856 "-" "Mozilla/5.0 (Linux; Android 6.0.1; Nexus 5X Build/MMB29P) AppleWebKit/537.36 (KHTML, like Gecko) Chrome/41.0.2272.96 Mobile Safari/537.36 (compatible; Googlebot/2.1; +http://www.google.com/bot.html)"
195.210.139.130 - - [17/May/2017:18:35:39 +0300] "GET / HTTP/1.1" 200 6856 "-" "Mozilla/5.0 (Windows NT 10.0; Win64; x64) AppleWebKit/537.36 (KHTML, like Gecko) Chrome/58.0.3029.110 Safari/537.36"
195.210.139.130 - - [17/May/2017:18:35:40 +0300] "GET /fonts/RobotoLight/RobotoLight.woff HTTP/1.1" 200 25348 "http://polyanka44.info/css/fonts.css" "Mozilla/5.0 (Windows NT 10.0; Win64; x64) AppleWebKit/537.36 (KHTML, like Gecko) Chrome/58.0.3029.110 Safari/537.36"
195.210.139.130 - - [17/May/2017:18:35:40 +0300] "GET /fonts/RobotoBold/RobotoBold.woff HTTP/1.1" 200 24724 "http://polyanka44.info/css/fonts.css" "Mozilla/5.0 (Windows NT 10.0; Win64; x64) AppleWebKit/537.36 (KHTML, like Gecko) Chrome/58.0.3029.110 Safari/537.36"
195.210.139.130 - - [17/May/2017:18:35:43 +0300] "GET /libs/font-awesome-4.2.0/fonts/fontawesome-webfont.woff?v=4.2.0 HTTP/1.1" 200 65452 "http://polyanka44.info/libs/font-awesome-4.2.0/css/font-awesome.min.css" "Mozilla/5.0 (Windows NT 10.0; Win64; x64) AppleWebKit/537.36 (KHTML, like Gecko) Chrome/58.0.3029.110 Safari/537.36"
195.210.139.130 - - [17/May/2017:18:36:01 +0300] "POST /mail.php HTTP/1.1" 200 31 "http://polyanka44.info/" "Mozilla/5.0 (Windows NT 10.0; Win64; x64) AppleWebKit/537.36 (KHTML, like Gecko) Chrome/58.0.3029.110 Safari/537.36"
66.249.64.233 - - [17/May/2017:22:21:23 +0300] "GET / HTTP/1.1" 200 6856 "-" "Mozilla/5.0 (compatible; Googlebot/2.1; +http://www.google.com/bot.html)"
66.249.64.229 - - [17/May/2017:23:14:19 +0300] "GET / HTTP/1.1" 200 6856 "-" "Mozilla/5.0 (compatible; Googlebot/2.1; +http://www.google.com/bot.html)"
104.238.248.15 - - [18/May/2017:03:13:00 +0300] "GET / HTTP/1.1" 200 33649 "-" "Mozilla/4.0 (compatible; MSIE 8.0; Windows NT 6.0)"
104.238.248.15 - - [18/May/2017:03:13:01 +0300] "GET /class=\x22to_contacts\x22>\xA7\xAC\xA7\xE0\xA7\xDF\xA7\xE4\xA7\xD1\xA7\xDC\xA7\xE4\xA7\xED</a> HTTP/1.1" 404 27 "-" "Mozilla/4.0 (compatible; MSIE 8.0; Windows NT 6.0)"
104.238.248.15 - - [18/May/2017:03:13:02 +0300] "GET /http%3A%2F%2Fwww%2Epolyanka44%2Einfo%2Fclass%3D%22to%5Fcontacts%22%3E%D0%9A%D0%BE%D0%BD%D1%82%D0%B0%D0%BA%D1%82%D1%8B%3C%2Fa%3E HTTP/1.1" 404 27 "-" "Mozilla/4.0 (compatible; MSIE 8.0; Windows NT 6.0)"
195.210.139.130 - - [18/May/2017:12:00:45 +0300] "GET / HTTP/1.1" 200 6856 "-" "Mozilla/5.0 (Windows NT 6.1; WOW64) AppleWebKit/537.36 (KHTML, like Gecko) Chrome/49.0.2623.112 Safari/537.36"
195.210.139.130 - - [18/May/2017:12:00:46 +0300] "GET /fonts/RobotoBold/RobotoBold.woff HTTP/1.1" 200 24724 "http://polyanka44.info/css/fonts.css" "Mozilla/5.0 (Windows NT 6.1; WOW64) AppleWebKit/537.36 (KHTML, like Gecko) Chrome/49.0.2623.112 Safari/537.36"
195.210.139.130 - - [18/May/2017:12:00:46 +0300] "GET /fonts/RobotoLight/RobotoLight.woff HTTP/1.1" 200 25348 "http://polyanka44.info/css/fonts.css" "Mozilla/5.0 (Windows NT 6.1; WOW64) AppleWebKit/537.36 (KHTML, like Gecko) Chrome/49.0.2623.112 Safari/537.36"
195.210.139.130 - - [18/May/2017:12:00:46 +0300] "GET /libs/font-awesome-4.2.0/fonts/fontawesome-webfont.woff?v=4.2.0 HTTP/1.1" 200 65452 "http://polyanka44.info/libs/font-awesome-4.2.0/css/font-awesome.min.css" "Mozilla/5.0 (Windows NT 6.1; WOW64) AppleWebKit/537.36 (KHTML, like Gecko) Chrome/49.0.2623.112 Safari/537.36"
195.210.139.130 - - [18/May/2017:12:06:13 +0300] "GET / HTTP/1.1" 200 6856 "-" "Mozilla/5.0 (Windows NT 6.3; Win64; x64) AppleWebKit/537.36 (KHTML, like Gecko) Chrome/58.0.3029.110 Safari/537.36"
195.210.139.130 - - [18/May/2017:12:06:13 +0300] "GET /fonts/RobotoLight/RobotoLight.woff HTTP/1.1" 200 25348 "http://polyanka44.info/css/fonts.css" "Mozilla/5.0 (Windows NT 6.3; Win64; x64) AppleWebKit/537.36 (KHTML, like Gecko) Chrome/58.0.3029.110 Safari/537.36"
195.210.139.130 - - [18/May/2017:12:06:13 +0300] "GET /libs/font-awesome-4.2.0/fonts/fontawesome-webfont.woff?v=4.2.0 HTTP/1.1" 200 65452 "http://polyanka44.info/libs/font-awesome-4.2.0/css/font-awesome.min.css" "Mozilla/5.0 (Windows NT 6.3; Win64; x64) AppleWebKit/537.36 (KHTML, like Gecko) Chrome/58.0.3029.110 Safari/537.36"
195.210.139.130 - - [18/May/2017:12:06:13 +0300] "GET /fonts/RobotoBold/RobotoBold.woff HTTP/1.1" 200 24724 "http://polyanka44.info/css/fonts.css" "Mozilla/5.0 (Windows NT 6.3; Win64; x64) AppleWebKit/537.36 (KHTML, like Gecko) Chrome/58.0.3029.110 Safari/537.36"
195.210.139.130 - - [18/May/2017:13:17:28 +0300] "GET / HTTP/1.1" 200 6856 "-" "Mozilla/5.0 (Windows NT 6.1; Win64; x64) AppleWebKit/537.36 (KHTML, like Gecko) Chrome/58.0.3029.110 Safari/537.36"
195.210.139.130 - - [18/May/2017:13:17:28 +0300] "GET /fonts/RobotoBold/RobotoBold.woff HTTP/1.1" 200 24724 "http://polyanka44.info/css/fonts.css" "Mozilla/5.0 (Windows NT 6.1; Win64; x64) AppleWebKit/537.36 (KHTML, like Gecko) Chrome/58.0.3029.110 Safari/537.36"
195.210.139.130 - - [18/May/2017:13:17:28 +0300] "GET /fonts/RobotoLight/RobotoLight.woff HTTP/1.1" 200 25348 "http://polyanka44.info/css/fonts.css" "Mozilla/5.0 (Windows NT 6.1; Win64; x64) AppleWebKit/537.36 (KHTML, like Gecko) Chrome/58.0.3029.110 Safari/537.36"
195.210.139.130 - - [18/May/2017:13:17:28 +0300] "GET /libs/font-awesome-4.2.0/fonts/fontawesome-webfont.woff?v=4.2.0 HTTP/1.1" 200 65452 "http://polyanka44.info/libs/font-awesome-4.2.0/css/font-awesome.min.css" "Mozilla/5.0 (Windows NT 6.1; Win64; x64) AppleWebKit/537.36 (KHTML, like Gecko) Chrome/58.0.3029.110 Safari/537.36"
66.249.69.110 - - [18/May/2017:15:16:55 +0300] "GET / HTTP/1.1" 200 6856 "-" "Mozilla/5.0 (Linux; Android 6.0.1; Nexus 5X Build/MMB29P) AppleWebKit/537.36 (KHTML, like Gecko) Chrome/41.0.2272.96 Mobile Safari/537.36 (compatible; Googlebot/2.1; +http://www.google.com/bot.html)"
195.210.139.130 - - [18/May/2017:15:19:57 +0300] "GET / HTTP/1.1" 200 6856 "-" "Mozilla/5.0 (Windows NT 6.1; WOW64) AppleWebKit/537.36 (KHTML, like Gecko) Chrome/49.0.2623.112 Safari/537.36"
195.210.139.130 - - [18/May/2017:15:19:57 +0300] "GET /fonts/RobotoBold/RobotoBold.woff HTTP/1.1" 200 24724 "http://polyanka44.info/css/fonts.css" "Mozilla/5.0 (Windows NT 6.1; WOW64) AppleWebKit/537.36 (KHTML, like Gecko) Chrome/49.0.2623.112 Safari/537.36"
195.210.139.130 - - [18/May/2017:15:19:57 +0300] "GET /fonts/RobotoLight/RobotoLight.woff HTTP/1.1" 200 25348 "http://polyanka44.info/css/fonts.css" "Mozilla/5.0 (Windows NT 6.1; WOW64) AppleWebKit/537.36 (KHTML, like Gecko) Chrome/49.0.2623.112 Safari/537.36"
195.210.139.130 - - [18/May/2017:15:19:57 +0300] "GET /libs/font-awesome-4.2.0/fonts/fontawesome-webfont.woff?v=4.2.0 HTTP/1.1" 200 65452 "http://polyanka44.info/libs/font-awesome-4.2.0/css/font-awesome.min.css" "Mozilla/5.0 (Windows NT 6.1; WOW64) AppleWebKit/537.36 (KHTML, like Gecko) Chrome/49.0.2623.112 Safari/537.36"
66.249.69.106 - - [18/May/2017:17:50:05 +0300] "GET / HTTP/1.1" 200 6856 "-" "Mozilla/5.0 (compatible; Googlebot/2.1; +http://www.google.com/bot.html)"
66.249.69.102 - - [18/May/2017:17:55:13 +0300] "GET / HTTP/1.1" 200 6856 "-" "Mozilla/5.0 (compatible; Googlebot/2.1; +http://www.google.com/bot.html)"
66.249.69.7 - - [18/May/2017:19:57:24 +0300] "GET / HTTP/1.1" 200 6856 "-" "Mozilla/5.0 (compatible; Googlebot/2.1; +http://www.google.com/bot.html)"
66.249.69.7 - - [18/May/2017:20:02:22 +0300] "GET / HTTP/1.1" 200 6856 "-" "Mozilla/5.0 (compatible; Googlebot/2.1; +http://www.google.com/bot.html)"
66.249.69.3 - - [18/May/2017:21:03:33 +0300] "GET / HTTP/1.1" 200 6856 "-" "Mozilla/5.0 (Linux; Android 6.0.1; Nexus 5X Build/MMB29P) AppleWebKit/537.36 (KHTML, like Gecko) Chrome/41.0.2272.96 Mobile Safari/537.36 (compatible; Googlebot/2.1; +http://www.google.com/bot.html)"
66.249.69.7 - - [19/May/2017:01:03:04 +0300] "GET / HTTP/1.1" 200 6856 "-" "Mozilla/5.0 (Linux; Android 6.0.1; Nexus 5X Build/MMB29P) AppleWebKit/537.36 (KHTML, like Gecko) Chrome/41.0.2272.96 Mobile Safari/537.36 (compatible; Googlebot/2.1; +http://www.google.com/bot.html)"
66.249.69.3 - - [19/May/2017:02:19:25 +0300] "GET / HTTP/1.1" 200 6856 "-" "Mozilla/5.0 (compatible; Googlebot/2.1; +http://www.google.com/bot.html)"
66.249.69.11 - - [19/May/2017:02:29:33 +0300] "GET / HTTP/1.1" 200 6856 "-" "Mozilla/5.0 (compatible; Googlebot/2.1; +http://www.google.com/bot.html)"
66.249.69.3 - - [19/May/2017:02:49:55 +0300] "GET / HTTP/1.1" 200 6856 "-" "Mozilla/5.0 (Linux; Android 6.0.1; Nexus 5X Build/MMB29P) AppleWebKit/537.36 (KHTML, like Gecko) Chrome/41.0.2272.96 Mobile Safari/537.36 (compatible; Googlebot/2.1; +http://www.google.com/bot.html)"
54.72.162.28 - - [19/May/2017:03:50:44 +0300] "GET / HTTP/1.1" 200 33649 "-" "Mozilla/5.0 (Windows; U; Windows NT 6.0; en-US; rv:1.9.2.3) Gecko/20100401 Firefox/3.6.3 GTB6 (.NET CLR 3.5.30729)"
66.249.69.3 - - [19/May/2017:04:31:16 +0300] "GET / HTTP/1.1" 200 6856 "-" "Mozilla/5.0 (compatible; Googlebot/2.1; +http://www.google.com/bot.html)"
46.105.100.149 - - [19/May/2017:05:25:05 +0300] "GET / HTTP/1.1" 200 33649 "-" "Mozilla/5.0 (Windows NT 6.1) AppleWebKit/537.36 (KHTML, like Gecko) Chrome/27.0.1453.90 Safari/537.36"
66.249.69.3 - - [19/May/2017:05:57:46 +0300] "GET / HTTP/1.1" 200 6856 "-" "Mozilla/5.0 (compatible; Googlebot/2.1; +http://www.google.com/bot.html)"
66.249.69.7 - - [19/May/2017:07:13:17 +0300] "GET / HTTP/1.1" 200 6856 "-" "Mozilla/5.0 (compatible; Googlebot/2.1; +http://www.google.com/bot.html)"
66.249.69.3 - - [19/May/2017:08:23:56 +0300] "GET / HTTP/1.1" 200 6856 "-" "Mozilla/5.0 (compatible; Googlebot/2.1; +http://www.google.com/bot.html)"
66.249.69.3 - - [19/May/2017:08:23:57 +0300] "GET / HTTP/1.1" 200 6856 "-" "Mozilla/5.0 (compatible; Googlebot/2.1; +http://www.google.com/bot.html)"
163.172.4.153 - - [19/May/2017:09:28:07 +0300] "GET / HTTP/1.1" 200 6856 "http://polyanka44.info/" "Mozilla/5.0 (Windows NT 6.1; Win64; x64) AppleWebKit/537.36 (KHTML, like Gecko) Chrome/56.0.2924.87 Safari/537.36"
66.249.69.3 - - [19/May/2017:10:11:35 +0300] "GET / HTTP/1.1" 200 6856 "-" "Mozilla/5.0 (compatible; Googlebot/2.1; +http://www.google.com/bot.html)"
178.154.200.32 - - [19/May/2017:11:47:28 +0300] "GET / HTTP/1.1" 200 6856 "-" "Mozilla/5.0 (compatible; YandexBot/3.0; +http://yandex.com/bots)"
66.249.69.11 - - [19/May/2017:21:03:20 +0300] "GET / HTTP/1.1" 200 6856 "-" "Mozilla/5.0 (Linux; Android 6.0.1; Nexus 5X Build/MMB29P) AppleWebKit/537.36 (KHTML, like Gecko) Chrome/41.0.2272.96 Mobile Safari/537.36 (compatible; Googlebot/2.1; +http://www.google.com/bot.html)"
66.249.69.11 - - [19/May/2017:22:24:53 +0300] "GET / HTTP/1.1" 200 6856 "-" "Mozilla/5.0 (Linux; Android 6.0.1; Nexus 5X Build/MMB29P) AppleWebKit/537.36 (KHTML, like Gecko) Chrome/41.0.2272.96 Mobile Safari/537.36 (compatible; Googlebot/2.1; +http://www.google.com/bot.html)"
66.249.69.3 - - [20/May/2017:02:06:51 +0300] "GET / HTTP/1.1" 200 6856 "-" "Mozilla/5.0 (compatible; Googlebot/2.1; +http://www.google.com/bot.html)"
66.249.69.11 - - [20/May/2017:02:32:02 +0300] "GET / HTTP/1.1" 200 6856 "-" "Mozilla/5.0 (compatible; Googlebot/2.1; +http://www.google.com/bot.html)"
66.249.69.7 - - [20/May/2017:10:04:58 +0300] "GET / HTTP/1.1" 200 6856 "-" "Mozilla/5.0 (Linux; Android 6.0.1; Nexus 5X Build/MMB29P) AppleWebKit/537.36 (KHTML, like Gecko) Chrome/41.0.2272.96 Mobile Safari/537.36 (compatible; Googlebot/2.1; +http://www.google.com/bot.html)"
66.249.69.7 - - [20/May/2017:10:50:51 +0300] "GET / HTTP/1.1" 200 6856 "-" "Mozilla/5.0 (compatible; Googlebot/2.1; +http://www.google.com/bot.html)"
66.249.69.11 - - [20/May/2017:12:16:16 +0300] "GET / HTTP/1.1" 200 6856 "-" "Mozilla/5.0 (compatible; Googlebot/2.1; +http://www.google.com/bot.html)"
104.45.18.178 - - [20/May/2017:12:54:34 +0300] "GET / HTTP/1.1" 200 33649 "-" "Mozilla/5.0 (Windows NT 6.1; WOW64) SkypeUriPreview Preview/0.5"
40.78.146.128 - - [20/May/2017:12:54:36 +0300] "GET / HTTP/1.1" 200 33649 "-" "Mozilla/5.0 (Windows NT 6.1; WOW64) SkypeUriPreview Preview/0.5"
178.154.149.9 - - [20/May/2017:13:26:11 +0300] "GET / HTTP/1.1" 200 6856 "-" "Mozilla/5.0 (compatible; YandexBot/3.0; +http://yandex.com/bots)"
66.249.69.11 - - [20/May/2017:19:13:01 +0300] "GET / HTTP/1.1" 200 6856 "-" "Mozilla/5.0 (Linux; Android 6.0.1; Nexus 5X Build/MMB29P) AppleWebKit/537.36 (KHTML, like Gecko) Chrome/41.0.2272.96 Mobile Safari/537.36 (compatible; Googlebot/2.1; +http://www.google.com/bot.html)"
66.249.69.11 - - [20/May/2017:23:33:34 +0300] "GET / HTTP/1.1" 200 6856 "-" "Mozilla/5.0 (compatible; Googlebot/2.1; +http://www.google.com/bot.html)"
93.158.152.33 - - [21/May/2017:03:38:13 +0300] "GET / HTTP/1.1" 200 6856 "-" "Mozilla/5.0 (iPhone; CPU iPhone OS 8_1 like Mac OS X) AppleWebKit/600.1.4 (KHTML, like Gecko) Version/8.0 Mobile/12B411 Safari/600.1.4 (compatible; YandexMobileBot/3.0; +http://yandex.com/bots)"
178.154.189.18 - - [21/May/2017:03:38:41 +0300] "GET /fonts/RobotoLight/RobotoLight.woff HTTP/1.1" 200 25348 "http://polyanka44.info/css/fonts.css" "Mozilla/5.0 (iPhone; CPU iPhone OS 8_1 like Mac OS X) AppleWebKit/600.1.4 (KHTML, like Gecko) Version/8.0 Mobile/12B411 Safari/600.1.4 (compatible; YandexMobileBot/3.0; +http://yandex.com/bots)"
37.9.113.9 - - [21/May/2017:03:38:43 +0300] "GET /fonts/RobotoBold/RobotoBold.woff HTTP/1.1" 200 24724 "http://polyanka44.info/css/fonts.css" "Mozilla/5.0 (iPhone; CPU iPhone OS 8_1 like Mac OS X) AppleWebKit/600.1.4 (KHTML, like Gecko) Version/8.0 Mobile/12B411 Safari/600.1.4 (compatible; YandexMobileBot/3.0; +http://yandex.com/bots)"
178.154.200.6 - - [21/May/2017:03:38:43 +0300] "GET /libs/font-awesome-4.2.0/fonts/fontawesome-webfont.woff?v=4.2.0 HTTP/1.1" 200 65452 "http://polyanka44.info/libs/font-awesome-4.2.0/css/font-awesome.min.css" "Mozilla/5.0 (iPhone; CPU iPhone OS 8_1 like Mac OS X) AppleWebKit/600.1.4 (KHTML, like Gecko) Version/8.0 Mobile/12B411 Safari/600.1.4 (compatible; YandexMobileBot/3.0; +http://yandex.com/bots)"
95.108.179.23 - - [21/May/2017:03:38:46 +0300] "GET /libs/font-awesome-4.2.0/fonts/fontawesome-webfont.woff?v=4.2.0 HTTP/1.1" 200 65452 "http://polyanka44.info/libs/font-awesome-4.2.0/css/font-awesome.min.css" "Mozilla/5.0 (compatible; YandexBot/3.0; +http://yandex.com/bots)"
178.154.189.18 - - [21/May/2017:03:41:14 +0300] "GET /fonts/RobotoBold/RobotoBold.woff HTTP/1.1" 200 24724 "http://polyanka44.info/css/fonts.css" "Mozilla/5.0 (iPhone; CPU iPhone OS 8_1 like Mac OS X) AppleWebKit/600.1.4 (KHTML, like Gecko) Version/8.0 Mobile/12B411 Safari/600.1.4 (compatible; YandexMobileBot/3.0; +http://yandex.com/bots)"
37.9.113.9 - - [21/May/2017:03:41:15 +0300] "GET /libs/font-awesome-4.2.0/fonts/fontawesome-webfont.woff?v=4.2.0 HTTP/1.1" 200 65452 "http://polyanka44.info/libs/font-awesome-4.2.0/css/font-awesome.min.css" "Mozilla/5.0 (iPhone; CPU iPhone OS 8_1 like Mac OS X) AppleWebKit/600.1.4 (KHTML, like Gecko) Version/8.0 Mobile/12B411 Safari/600.1.4 (compatible; YandexMobileBot/3.0; +http://yandex.com/bots)"
178.154.200.6 - - [21/May/2017:03:41:16 +0300] "GET /fonts/RobotoLight/RobotoLight.woff HTTP/1.1" 200 25348 "http://polyanka44.info/css/fonts.css" "Mozilla/5.0 (iPhone; CPU iPhone OS 8_1 like Mac OS X) AppleWebKit/600.1.4 (KHTML, like Gecko) Version/8.0 Mobile/12B411 Safari/600.1.4 (compatible; YandexMobileBot/3.0; +http://yandex.com/bots)"
66.249.69.7 - - [21/May/2017:07:11:28 +0300] "GET / HTTP/1.1" 200 6856 "-" "Mozilla/5.0 (compatible; Googlebot/2.1; +http://www.google.com/bot.html)"
91.189.112.7 - - [21/May/2017:14:29:53 +0300] "GET / HTTP/1.1" 200 33649 "-" "Mozilla/5.0 (Macintosh; Intel Mac OS X 10_11_3) AppleWebKit/537.36 (KHTML, like Gecko) Chrome/48.0.2564.116 Safari/537.36"
178.154.200.48 - - [21/May/2017:15:15:49 +0300] "GET / HTTP/1.1" 200 6856 "-" "Mozilla/5.0 (compatible; YandexBot/3.0; +http://yandex.com/bots)"
66.249.66.179 - - [21/May/2017:18:47:36 +0300] "GET / HTTP/1.1" 200 6856 "-" "Mozilla/5.0 (Linux; Android 6.0.1; Nexus 5X Build/MMB29P) AppleWebKit/537.36 (KHTML, like Gecko) Chrome/41.0.2272.96 Mobile Safari/537.36 (compatible; Googlebot/2.1; +http://www.google.com/bot.html)"
66.249.66.173 - - [21/May/2017:19:13:15 +0300] "GET / HTTP/1.1" 200 6856 "-" "Mozilla/5.0 (compatible; Googlebot/2.1; +http://www.google.com/bot.html)"
66.249.66.179 - - [21/May/2017:19:13:16 +0300] "GET / HTTP/1.1" 200 6856 "-" "Mozilla/5.0 (compatible; Googlebot/2.1; +http://www.google.com/bot.html)"
66.249.66.179 - - [21/May/2017:21:41:09 +0300] "GET / HTTP/1.1" 200 6856 "-" "Mozilla/5.0 (compatible; Googlebot/2.1; +http://www.google.com/bot.html)"
66.249.66.179 - - [21/May/2017:22:47:30 +0300] "GET / HTTP/1.1" 200 6856 "-" "Mozilla/5.0 (compatible; Googlebot/2.1; +http://www.google.com/bot.html)"
66.249.66.179 - - [22/May/2017:01:40:32 +0300] "GET / HTTP/1.1" 200 6856 "-" "Mozilla/5.0 (Linux; Android 6.0.1; Nexus 5X Build/MMB29P) AppleWebKit/537.36 (KHTML, like Gecko) Chrome/41.0.2272.96 Mobile Safari/537.36 (compatible; Googlebot/2.1; +http://www.google.com/bot.html)"
64.246.165.160 - - [22/May/2017:03:23:23 +0300] "GET / HTTP/1.1" 200 6856 "http://whois.domaintools.com/polyanka44.info" "Mozilla/5.0 (Windows; U; Windows NT 5.1; en; rv:1.9.0.13) Gecko/2009073022 Firefox/3.5.2 (.NET CLR 3.5.30729) SurveyBot/2.3 (DomainTools)"
66.249.66.173 - - [22/May/2017:05:36:34 +0300] "GET / HTTP/1.1" 200 6856 "-" "Mozilla/5.0 (compatible; Googlebot/2.1; +http://www.google.com/bot.html)"
66.249.66.176 - - [22/May/2017:05:36:35 +0300] "GET / HTTP/1.1" 200 6856 "-" "Mozilla/5.0 (compatible; Googlebot/2.1; +http://www.google.com/bot.html)"
37.147.109.153 - - [22/May/2017:06:49:07 +0300] "GET / HTTP/1.1" 200 6856 "http://yandex.ru/clck/jsredir?from=yandex.ru%3Bsearch%3Bweb%3B%3B&text=&etext=1428.BDZDNGPVEYyzBcihumzYyqQk42qkQ6FkCc-y-1f16LKQVaUiwe614wOH2eFJEEwp.5c1fb68ab26f45f80f36140d2e8be3fb15d9db9c&uuid=&state=_BLhILn4SxNIvvL0W45KSic66uCIg23qh8iRG98qeIXmeppkgUc0YCYBcIrWNUha-mUlBiA3OhY&data=UlNrNmk5WktYejR0eWJFYk1Ldmtxci1oM2JaMVJMVDNVVjZBRXpEa2k4SVdQa0ZBWlduQ0UyY0VINmxFYjNLZHMzSXNQc29XR2FDTHNHV25VNFdibzBjandvWkF1LW1zeDJLdUpMSDJlWDg&b64e=2&sign=f114a837d34dea187d2cd3868e13e34e&keyno=0&cst=AiuY0DBWFJ7IXge4WdYJQXbYQp9t5VF618jId6uZaT18G8Q3H8r36ADrfZ6UJwVLLnmZW42mUdl-raov1hTD6ZyED9NaclcTsM7A1Z3InsTiylxE9wCWBEhCK8qjEeSH_-Aio1az8fbb-psANnF2yPnDmUvdsDmy&ref=orjY4mGPRjk5boDnW0uvlrrd71vZw9kp5uQozpMtKCUPlG4bHKQJvIuRnAQ2TBms8MHyqHUEUxzMUKK6DCdy3u4j8Wb0hwgOUdeUabXjtvxD5tmCS4pJ6g&l10n=ru&cts=1495412012937&mc=6.74394298594" "Mozilla/4.0 (compatible; MSIE 8.0; Windows NT 5.1; Trident/4.0; .NET CLR 2.0.50727; .NET CLR 3.0.4506.2152; .NET CLR 3.5.30729)"
37.147.109.153 - - [22/May/2017:06:49:21 +0300] "GET /fonts/RobotoRegular/RobotoRegular.eot? HTTP/1.1" 200 50854 "http://polyanka44.info/" "Mozilla/4.0 (compatible; MSIE 8.0; Windows NT 5.1; Trident/4.0; .NET CLR 2.0.50727; .NET CLR 3.0.4506.2152; .NET CLR 3.5.30729)"
37.147.109.153 - - [22/May/2017:06:49:21 +0300] "GET /fonts/RobotoLight/RobotoLight.eot? HTTP/1.1" 200 49434 "http://polyanka44.info/" "Mozilla/4.0 (compatible; MSIE 8.0; Windows NT 5.1; Trident/4.0; .NET CLR 2.0.50727; .NET CLR 3.0.4506.2152; .NET CLR 3.5.30729)"
37.147.109.153 - - [22/May/2017:06:49:22 +0300] "GET /fonts/RobotoMedium/RobotoMedium.eot? HTTP/1.1" 200 49802 "http://polyanka44.info/" "Mozilla/4.0 (compatible; MSIE 8.0; Windows NT 5.1; Trident/4.0; .NET CLR 2.0.50727; .NET CLR 3.0.4506.2152; .NET CLR 3.5.30729)"
37.147.109.153 - - [22/May/2017:06:49:22 +0300] "GET /fonts/RobotoBold/RobotoBold.eot? HTTP/1.1" 200 48606 "http://polyanka44.info/" "Mozilla/4.0 (compatible; MSIE 8.0; Windows NT 5.1; Trident/4.0; .NET CLR 2.0.50727; .NET CLR 3.0.4506.2152; .NET CLR 3.5.30729)"
37.147.109.153 - - [22/May/2017:06:49:28 +0300] "GET /libs/font-awesome-4.2.0/fonts/fontawesome-webfont.eot? HTTP/1.1" 200 56006 "http://polyanka44.info/" "Mozilla/4.0 (compatible; MSIE 8.0; Windows NT 5.1; Trident/4.0; .NET CLR 2.0.50727; .NET CLR 3.0.4506.2152; .NET CLR 3.5.30729)"
66.249.66.179 - - [22/May/2017:08:34:56 +0300] "GET / HTTP/1.1" 200 6856 "-" "Mozilla/5.0 (compatible; Googlebot/2.1; +http://www.google.com/bot.html)"
94.23.83.80 - - [22/May/2017:08:56:47 +0300] "GET / HTTP/1.1" 200 6856 "https://google.com/" "Mozilla/5.0 (X11; Ubuntu; Linux x86_64; rv:26.0) Gecko/20100101 Firefox/26.0"
66.249.66.179 - - [22/May/2017:09:05:30 +0300] "GET / HTTP/1.1" 200 6856 "-" "Mozilla/5.0 (Linux; Android 6.0.1; Nexus 5X Build/MMB29P) AppleWebKit/537.36 (KHTML, like Gecko) Chrome/41.0.2272.96 Mobile Safari/537.36 (compatible; Googlebot/2.1; +http://www.google.com/bot.html)"
118.89.176.70 - - [22/May/2017:10:06:37 +0300] "GET / HTTP/1.1" 200 6856 "-" "Mozilla/5.0 (Windows NT 6.1; WOW64; rv:33.0) Gecko/20100101 Firefox/33.0"
23.101.61.176 - - [22/May/2017:11:26:14 +0300] "GET / HTTP/1.1" 200 33649 "-" "Mozilla/5.0 (Windows NT 6.1; WOW64) SkypeUriPreview Preview/0.5"
66.249.66.176 - - [22/May/2017:11:43:43 +0300] "GET / HTTP/1.1" 200 6856 "-" "Mozilla/5.0 (compatible; Googlebot/2.1; +http://www.google.com/bot.html)"
66.249.66.176 - - [22/May/2017:13:31:25 +0300] "GET / HTTP/1.1" 200 6856 "-" "Mozilla/5.0 (compatible; Googlebot/2.1; +http://www.google.com/bot.html)"
66.249.66.176 - - [22/May/2017:13:36:33 +0300] "GET / HTTP/1.1" 200 6856 "-" "Mozilla/5.0 (Linux; Android 6.0.1; Nexus 5X Build/MMB29P) AppleWebKit/537.36 (KHTML, like Gecko) Chrome/41.0.2272.96 Mobile Safari/537.36 (compatible; Googlebot/2.1; +http://www.google.com/bot.html)"
66.249.66.179 - - [22/May/2017:13:56:50 +0300] "GET / HTTP/1.1" 200 6856 "-" "Mozilla/5.0 (compatible; Googlebot/2.1; +http://www.google.com/bot.html)"
195.210.139.130 - - [22/May/2017:14:03:12 +0300] "GET / HTTP/1.1" 304 0 "-" "Mozilla/5.0 (Windows NT 6.1; Win64; x64) AppleWebKit/537.36 (KHTML, like Gecko) Chrome/58.0.3029.110 Safari/537.36"
195.210.139.130 - - [22/May/2017:14:03:12 +0300] "GET /fonts/RobotoBold/RobotoBold.woff HTTP/1.1" 304 0 "http://polyanka44.info/css/fonts.css" "Mozilla/5.0 (Windows NT 6.1; Win64; x64) AppleWebKit/537.36 (KHTML, like Gecko) Chrome/58.0.3029.110 Safari/537.36"
195.210.139.130 - - [22/May/2017:14:03:12 +0300] "GET /libs/font-awesome-4.2.0/fonts/fontawesome-webfont.woff?v=4.2.0 HTTP/1.1" 304 0 "http://polyanka44.info/libs/font-awesome-4.2.0/css/font-awesome.min.css" "Mozilla/5.0 (Windows NT 6.1; Win64; x64) AppleWebKit/537.36 (KHTML, like Gecko) Chrome/58.0.3029.110 Safari/537.36"
195.210.139.130 - - [22/May/2017:14:03:12 +0300] "GET /fonts/RobotoLight/RobotoLight.woff HTTP/1.1" 304 0 "http://polyanka44.info/css/fonts.css" "Mozilla/5.0 (Windows NT 6.1; Win64; x64) AppleWebKit/537.36 (KHTML, like Gecko) Chrome/58.0.3029.110 Safari/537.36"
195.210.139.130 - - [22/May/2017:14:05:46 +0300] "GET / HTTP/1.1" 200 6856 "-" "Mozilla/5.0 (Windows NT 10.0; Win64; x64) AppleWebKit/537.36 (KHTML, like Gecko) Chrome/58.0.3029.110 Safari/537.36"
195.210.139.130 - - [22/May/2017:14:05:50 +0300] "GET /libs/font-awesome-4.2.0/fonts/fontawesome-webfont.woff?v=4.2.0 HTTP/1.1" 200 65452 "http://polyanka44.info/libs/font-awesome-4.2.0/css/font-awesome.min.css" "Mozilla/5.0 (Windows NT 10.0; Win64; x64) AppleWebKit/537.36 (KHTML, like Gecko) Chrome/58.0.3029.110 Safari/537.36"
195.210.139.130 - - [22/May/2017:14:05:50 +0300] "GET /fonts/RobotoLight/RobotoLight.woff HTTP/1.1" 200 25348 "http://polyanka44.info/css/fonts.css" "Mozilla/5.0 (Windows NT 10.0; Win64; x64) AppleWebKit/537.36 (KHTML, like Gecko) Chrome/58.0.3029.110 Safari/537.36"
195.210.139.130 - - [22/May/2017:14:05:50 +0300] "GET /fonts/RobotoBold/RobotoBold.woff HTTP/1.1" 200 24724 "http://polyanka44.info/css/fonts.css" "Mozilla/5.0 (Windows NT 10.0; Win64; x64) AppleWebKit/537.36 (KHTML, like Gecko) Chrome/58.0.3029.110 Safari/537.36"
95.28.172.247 - - [22/May/2017:14:27:33 +0300] "GET / HTTP/1.1" 200 6856 "http://yandex.ru/clck/jsredir?from=yandex.ru%3Bsearch%3Bweb%3B%3B&text=&etext=1429.9hgMvy8OU72nXL6WL-Qo0NhVua-wybEjO5UOXB2EE7JMbYMvk-t1MixpNvYtMRvR.06b124b117ff5e5468907ed7dc8fb86fe0ab400e&uuid=&state=_BLhILn4SxNIvvL0W45KSic66uCIg23qh8iRG98qeIXmeppkgUc0YMIVJNtoWDTa6Ctl47TPu5I&data=UlNrNmk5WktYejR0eWJFYk1Ldmtxci1oM2JaMVJMVDNVVjZBRXpEa2k4SVdQa0ZBWlduQ0U4dVlVMy1SeTNvaGZKY2hNM21jbUNMWWJmeDVYSHRXcmNIdnpFS3hjSVlEX3hJVTVhNjlLSDg&b64e=2&sign=63d4ccb33ece3fcc83112d7d5f4be968&keyno=0&cst=AiuY0DBWFJ7IXge4WdYJQaYgAYq7Jarrs5H9XuDjsnzGbG7POtY_iR3j0MnY8BHKFToaMMWWQIjJLZp4i4ubx102X4BGkh7UkDat1UuCIRdUVKjbiQXRMky8au-ZiIHt9X-cl2nMQ1-ReEF0Yt93kyT94Rud882V&ref=orjY4mGPRjk5boDnW0uvlrrd71vZw9kp5uQozpMtKCX9U1h5sqoIO26H00mTZM-dNWMI-GWi4XTkpqnDNDx4GCbGLQFlQJSFbu-M43JLhUcOUksT8ijlnQ&l10n=ru&cts=1495444152949&mc=6.57581150573" "Mozilla/4.0 (compatible; MSIE 8.0; Windows NT 5.1; Trident/4.0; .NET CLR 2.0.50727; .NET CLR 3.0.4506.2152; .NET CLR 3.5.30729)"
95.28.172.247 - - [22/May/2017:14:27:34 +0300] "GET /libs/font-awesome-4.2.0/fonts/fontawesome-webfont.eot? HTTP/1.1" 200 56006 "http://polyanka44.info/" "Mozilla/4.0 (compatible; MSIE 8.0; Windows NT 5.1; Trident/4.0; .NET CLR 2.0.50727; .NET CLR 3.0.4506.2152; .NET CLR 3.5.30729)"
95.28.172.247 - - [22/May/2017:14:27:38 +0300] "GET /fonts/RobotoLight/RobotoLight.eot? HTTP/1.1" 200 49434 "http://polyanka44.info/" "Mozilla/4.0 (compatible; MSIE 8.0; Windows NT 5.1; Trident/4.0; .NET CLR 2.0.50727; .NET CLR 3.0.4506.2152; .NET CLR 3.5.30729)"
95.28.172.247 - - [22/May/2017:14:27:38 +0300] "GET /fonts/RobotoMedium/RobotoMedium.eot? HTTP/1.1" 200 49802 "http://polyanka44.info/" "Mozilla/4.0 (compatible; MSIE 8.0; Windows NT 5.1; Trident/4.0; .NET CLR 2.0.50727; .NET CLR 3.0.4506.2152; .NET CLR 3.5.30729)"
95.28.172.247 - - [22/May/2017:14:27:40 +0300] "GET /fonts/RobotoRegular/RobotoRegular.eot? HTTP/1.1" 200 50854 "http://polyanka44.info/" "Mozilla/4.0 (compatible; MSIE 8.0; Windows NT 5.1; Trident/4.0; .NET CLR 2.0.50727; .NET CLR 3.0.4506.2152; .NET CLR 3.5.30729)"
95.28.172.247 - - [22/May/2017:14:27:41 +0300] "GET /fonts/RobotoBold/RobotoBold.eot? HTTP/1.1" 200 48606 "http://polyanka44.info/" "Mozilla/4.0 (compatible; MSIE 8.0; Windows NT 5.1; Trident/4.0; .NET CLR 2.0.50727; .NET CLR 3.0.4506.2152; .NET CLR 3.5.30729)"
66.249.66.179 - - [22/May/2017:14:47:43 +0300] "GET / HTTP/1.1" 200 6856 "-" "Mozilla/5.0 (compatible; Googlebot/2.1; +http://www.google.com/bot.html)"
66.249.66.173 - - [22/May/2017:14:52:44 +0300] "GET / HTTP/1.1" 200 6856 "-" "Mozilla/5.0 (Linux; Android 6.0.1; Nexus 5X Build/MMB29P) AppleWebKit/537.36 (KHTML, like Gecko) Chrome/41.0.2272.96 Mobile Safari/537.36 (compatible; Googlebot/2.1; +http://www.google.com/bot.html)"
66.249.66.176 - - [22/May/2017:15:02:53 +0300] "GET / HTTP/1.1" 200 6856 "-" "Mozilla/5.0 (compatible; Googlebot/2.1; +http://www.google.com/bot.html)"
79.98.214.154 - - [22/May/2017:16:34:41 +0300] "GET / HTTP/1.1" 200 33649 "-" "Mozilla/5.0 (Windows NT 10.0; Win64; x64) AppleWebKit/537.36 (KHTML, like Gecko) Chrome/58.0.3029.110 Safari/537.36"
79.98.214.154 - - [22/May/2017:16:34:41 +0300] "GET /fonts/RobotoLight/RobotoLight.woff HTTP/1.1" 200 25348 "http://polyanka44.info/css/fonts.css" "Mozilla/5.0 (Windows NT 10.0; Win64; x64) AppleWebKit/537.36 (KHTML, like Gecko) Chrome/58.0.3029.110 Safari/537.36"
79.98.214.154 - - [22/May/2017:16:34:41 +0300] "GET /fonts/RobotoBold/RobotoBold.woff HTTP/1.1" 200 24724 "http://polyanka44.info/css/fonts.css" "Mozilla/5.0 (Windows NT 10.0; Win64; x64) AppleWebKit/537.36 (KHTML, like Gecko) Chrome/58.0.3029.110 Safari/537.36"
79.98.214.154 - - [22/May/2017:16:34:41 +0300] "GET /libs/font-awesome-4.2.0/fonts/fontawesome-webfont.woff?v=4.2.0 HTTP/1.1" 200 65452 "http://polyanka44.info/libs/font-awesome-4.2.0/css/font-awesome.min.css" "Mozilla/5.0 (Windows NT 10.0; Win64; x64) AppleWebKit/537.36 (KHTML, like Gecko) Chrome/58.0.3029.110 Safari/537.36"
66.249.66.173 - - [22/May/2017:17:30:55 +0300] "GET / HTTP/1.1" 200 6856 "-" "Mozilla/5.0 (compatible; Googlebot/2.1; +http://www.google.com/bot.html)"
66.249.69.7 - - [22/May/2017:18:42:04 +0300] "GET / HTTP/1.1" 200 6856 "-" "Mozilla/5.0 (Linux; Android 6.0.1; Nexus 5X Build/MMB29P) AppleWebKit/537.36 (KHTML, like Gecko) Chrome/41.0.2272.96 Mobile Safari/537.36 (compatible; Googlebot/2.1; +http://www.google.com/bot.html)"
66.249.69.3 - - [22/May/2017:20:39:48 +0300] "GET / HTTP/1.1" 200 6856 "-" "Mozilla/5.0 (compatible; Googlebot/2.1; +http://www.google.com/bot.html)"
66.249.69.3 - - [22/May/2017:20:39:49 +0300] "GET / HTTP/1.1" 200 6856 "-" "Mozilla/5.0 (compatible; Googlebot/2.1; +http://www.google.com/bot.html)"
66.249.69.11 - - [22/May/2017:21:25:16 +0300] "GET / HTTP/1.1" 200 6856 "-" "Mozilla/5.0 (compatible; Googlebot/2.1; +http://www.google.com/bot.html)"
66.249.69.3 - - [22/May/2017:21:30:22 +0300] "GET / HTTP/1.1" 200 6856 "-" "Mozilla/5.0 (Linux; Android 6.0.1; Nexus 5X Build/MMB29P) AppleWebKit/537.36 (KHTML, like Gecko) Chrome/41.0.2272.96 Mobile Safari/537.36 (compatible; Googlebot/2.1; +http://www.google.com/bot.html)"
66.249.69.7 - - [22/May/2017:21:30:23 +0300] "GET / HTTP/1.1" 200 6856 "-" "Mozilla/5.0 (Linux; Android 6.0.1; Nexus 5X Build/MMB29P) AppleWebKit/537.36 (KHTML, like Gecko) Chrome/41.0.2272.96 Mobile Safari/537.36 (compatible; Googlebot/2.1; +http://www.google.com/bot.html)"
66.249.69.7 - - [23/May/2017:01:44:46 +0300] "GET / HTTP/1.1" 200 6856 "-" "Mozilla/5.0 (compatible; Googlebot/2.1; +http://www.google.com/bot.html)"
66.249.69.11 - - [23/May/2017:01:49:54 +0300] "GET / HTTP/1.1" 200 6856 "-" "Mozilla/5.0 (compatible; Googlebot/2.1; +http://www.google.com/bot.html)"
66.249.69.3 - - [23/May/2017:01:55:03 +0300] "GET / HTTP/1.1" 200 6856 "-" "Mozilla/5.0 (Linux; Android 6.0.1; Nexus 5X Build/MMB29P) AppleWebKit/537.36 (KHTML, like Gecko) Chrome/41.0.2272.96 Mobile Safari/537.36 (compatible; Googlebot/2.1; +http://www.google.com/bot.html)"
66.249.69.11 - - [23/May/2017:02:51:03 +0300] "GET / HTTP/1.1" 200 6856 "-" "Mozilla/5.0 (compatible; Googlebot/2.1; +http://www.google.com/bot.html)"
66.249.69.11 - - [23/May/2017:02:56:03 +0300] "GET / HTTP/1.1" 200 6856 "-" "Mozilla/5.0 (compatible; Googlebot/2.1; +http://www.google.com/bot.html)"
66.249.69.3 - - [23/May/2017:03:01:13 +0300] "GET / HTTP/1.1" 200 6856 "-" "Mozilla/5.0 (Linux; Android 6.0.1; Nexus 5X Build/MMB29P) AppleWebKit/537.36 (KHTML, like Gecko) Chrome/41.0.2272.96 Mobile Safari/537.36 (compatible; Googlebot/2.1; +http://www.google.com/bot.html)"
66.249.69.3 - - [23/May/2017:05:44:50 +0300] "GET / HTTP/1.1" 200 6856 "-" "Mozilla/5.0 (compatible; Googlebot/2.1; +http://www.google.com/bot.html)"
66.249.69.7 - - [23/May/2017:05:53:00 +0300] "GET / HTTP/1.1" 200 6856 "-" "Mozilla/5.0 (Linux; Android 6.0.1; Nexus 5X Build/MMB29P) AppleWebKit/537.36 (KHTML, like Gecko) Chrome/41.0.2272.96 Mobile Safari/537.36 (compatible; Googlebot/2.1; +http://www.google.com/bot.html)"
178.154.149.9 - - [23/May/2017:06:07:11 +0300] "GET / HTTP/1.1" 200 6856 "-" "Mozilla/5.0 (compatible; YandexBot/3.0; +http://yandex.com/bots)"
66.249.69.3 - - [23/May/2017:07:39:22 +0300] "GET / HTTP/1.1" 200 6856 "-" "Mozilla/5.0 (compatible; Googlebot/2.1; +http://www.google.com/bot.html)"
66.249.69.7 - - [23/May/2017:08:12:05 +0300] "GET / HTTP/1.1" 200 6856 "-" "Mozilla/5.0 (Linux; Android 6.0.1; Nexus 5X Build/MMB29P) AppleWebKit/537.36 (KHTML, like Gecko) Chrome/41.0.2272.96 Mobile Safari/537.36 (compatible; Googlebot/2.1; +http://www.google.com/bot.html)"
93.158.152.78 - - [23/May/2017:08:32:48 +0300] "GET / HTTP/1.1" 200 6856 "-" "Mozilla/5.0 (iPhone; CPU iPhone OS 8_1 like Mac OS X) AppleWebKit/600.1.4 (KHTML, like Gecko) Version/8.0 Mobile/12B411 Safari/600.1.4 (compatible; YandexMobileBot/3.0; +http://yandex.com/bots)"
178.154.149.9 - - [23/May/2017:08:33:15 +0300] "GET /fonts/RobotoLight/RobotoLight.woff HTTP/1.1" 200 25348 "http://polyanka44.info/css/fonts.css" "Mozilla/5.0 (iPhone; CPU iPhone OS 8_1 like Mac OS X) AppleWebKit/600.1.4 (KHTML, like Gecko) Version/8.0 Mobile/12B411 Safari/600.1.4 (compatible; YandexMobileBot/3.0; +http://yandex.com/bots)"
87.250.224.5 - - [23/May/2017:08:33:17 +0300] "GET /libs/font-awesome-4.2.0/fonts/fontawesome-webfont.woff?v=4.2.0 HTTP/1.1" 200 65452 "http://polyanka44.info/libs/font-awesome-4.2.0/css/font-awesome.min.css" "Mozilla/5.0 (iPhone; CPU iPhone OS 8_1 like Mac OS X) AppleWebKit/600.1.4 (KHTML, like Gecko) Version/8.0 Mobile/12B411 Safari/600.1.4 (compatible; YandexMobileBot/3.0; +http://yandex.com/bots)"
178.154.149.9 - - [23/May/2017:08:33:18 +0300] "GET /fonts/RobotoBold/RobotoBold.woff HTTP/1.1" 200 24724 "http://polyanka44.info/css/fonts.css" "Mozilla/5.0 (iPhone; CPU iPhone OS 8_1 like Mac OS X) AppleWebKit/600.1.4 (KHTML, like Gecko) Version/8.0 Mobile/12B411 Safari/600.1.4 (compatible; YandexMobileBot/3.0; +http://yandex.com/bots)"
66.249.69.11 - - [23/May/2017:10:41:45 +0300] "GET / HTTP/1.1" 200 6856 "-" "Mozilla/5.0 (compatible; Googlebot/2.1; +http://www.google.com/bot.html)"
66.249.69.11 - - [23/May/2017:11:16:00 +0300] "GET / HTTP/1.1" 200 6856 "-" "Mozilla/5.0 (Linux; Android 6.0.1; Nexus 5X Build/MMB29P) AppleWebKit/537.36 (KHTML, like Gecko) Chrome/41.0.2272.96 Mobile Safari/537.36 (compatible; Googlebot/2.1; +http://www.google.com/bot.html)"
79.98.214.154 - - [23/May/2017:11:57:54 +0300] "GET /libs/font-awesome-4.2.0/fonts/fontawesome-webfont.woff?v=4.2.0 HTTP/1.1" 200 65452 "http://polyanka44.info/libs/font-awesome-4.2.0/css/font-awesome.min.css" "Mozilla/5.0 (Windows NT 10.0; Win64; x64) AppleWebKit/537.36 (KHTML, like Gecko) Chrome/58.0.3029.110 Safari/537.36"
79.98.214.154 - - [23/May/2017:11:57:54 +0300] "GET /fonts/RobotoLight/RobotoLight.woff HTTP/1.1" 200 25348 "http://polyanka44.info/css/fonts.css" "Mozilla/5.0 (Windows NT 10.0; Win64; x64) AppleWebKit/537.36 (KHTML, like Gecko) Chrome/58.0.3029.110 Safari/537.36"
79.98.214.154 - - [23/May/2017:11:57:54 +0300] "GET /fonts/RobotoBold/RobotoBold.woff HTTP/1.1" 200 24724 "http://polyanka44.info/css/fonts.css" "Mozilla/5.0 (Windows NT 10.0; Win64; x64) AppleWebKit/537.36 (KHTML, like Gecko) Chrome/58.0.3029.110 Safari/537.36"
79.98.214.154 - - [23/May/2017:12:39:53 +0300] "GET / HTTP/1.1" 304 0 "-" "Mozilla/5.0 (Windows NT 10.0; Win64; x64) AppleWebKit/537.36 (KHTML, like Gecko) Chrome/58.0.3029.110 Safari/537.36"
66.249.69.163 - - [23/May/2017:17:23:50 +0300] "GET / HTTP/1.1" 200 6856 "-" "Mozilla/5.0 (compatible; Googlebot/2.1; +http://www.google.com/bot.html)"
66.249.69.166 - - [23/May/2017:17:23:51 +0300] "GET / HTTP/1.1" 200 6856 "-" "Mozilla/5.0 (compatible; Googlebot/2.1; +http://www.google.com/bot.html)"
128.72.221.187 - - [23/May/2017:18:20:30 +0300] "GET / HTTP/1.1" 200 6856 "http://yandex.ru/clck/jsredir?from=yandex.ru%3Bsearch%3Bweb%3B%3B&text=&etext=1430.3uny2onv_h29ajpXpDtX9c2BYFKZEDckOCf8G8mLTnZ2jb5Djt861ImpT8GnO7ER.1b7d092244c2f603d63cdc5776e93a2a8ec98898&uuid=&state=_BLhILn4SxNIvvL0W45KSic66uCIg23qh8iRG98qeIXmeppkgUc0YGHEttDsYq_w3pSJtejupWg&data=UlNrNmk5WktYejR0eWJFYk1Ldmtxci1oM2JaMVJMVDNVVjZBRXpEa2k4SVdQa0ZBWlduQ0V4MGxwb3V3a3p6X1BhRHM2SnZiUWdiSFdyTHBSX1dfenFYN1lidmVGaFdpVFZRcGh2QS1YRjg&b64e=2&sign=3c0392d61078248f9da619b8d1d56465&keyno=0&cst=AiuY0DBWFJ7IXge4WdYJQXbYQp9t5VF6ZeIo73-szfSiSPtDk11dP1nA8TxliKOGOsQIFccUNSuP8-GwsteD-gZ-9bNU5SG1XuF8O_-u_Tm97NyyReKa7oVEL1fyyvy6QhgwjOIQzeArMdXea79Vr-9FyO87Lahx&ref=orjY4mGPRjk5boDnW0uvlrrd71vZw9kp5uQozpMtKCWE0vFrzScna3jbTRfvwirYBjsfcJfpifyhuJz7EzYyZGxhDdR8pBG7P5ftnfjQDtgE5hCQQhq6uw&l10n=ru&cts=1495542070005&mc=4.03536633016" "Mozilla/4.0 (compatible; MSIE 8.0; Windows NT 5.1; Trident/4.0; .NET CLR 2.0.50727; .NET CLR 3.0.4506.2152; .NET CLR 3.5.30729)"
128.72.221.187 - - [23/May/2017:18:20:30 +0300] "GET /libs/font-awesome-4.2.0/fonts/fontawesome-webfont.eot? HTTP/1.1" 200 56006 "http://polyanka44.info/" "Mozilla/4.0 (compatible; MSIE 8.0; Windows NT 5.1; Trident/4.0; .NET CLR 2.0.50727; .NET CLR 3.0.4506.2152; .NET CLR 3.5.30729)"
128.72.221.187 - - [23/May/2017:18:20:30 +0300] "GET /fonts/RobotoRegular/RobotoRegular.eot? HTTP/1.1" 200 50854 "http://polyanka44.info/" "Mozilla/4.0 (compatible; MSIE 8.0; Windows NT 5.1; Trident/4.0; .NET CLR 2.0.50727; .NET CLR 3.0.4506.2152; .NET CLR 3.5.30729)"
128.72.221.187 - - [23/May/2017:18:20:30 +0300] "GET /fonts/RobotoLight/RobotoLight.eot? HTTP/1.1" 200 49434 "http://polyanka44.info/" "Mozilla/4.0 (compatible; MSIE 8.0; Windows NT 5.1; Trident/4.0; .NET CLR 2.0.50727; .NET CLR 3.0.4506.2152; .NET CLR 3.5.30729)"
128.72.221.187 - - [23/May/2017:18:20:30 +0300] "GET /fonts/RobotoMedium/RobotoMedium.eot? HTTP/1.1" 200 49802 "http://polyanka44.info/" "Mozilla/4.0 (compatible; MSIE 8.0; Windows NT 5.1; Trident/4.0; .NET CLR 2.0.50727; .NET CLR 3.0.4506.2152; .NET CLR 3.5.30729)"
128.72.221.187 - - [23/May/2017:18:20:30 +0300] "GET /fonts/RobotoBold/RobotoBold.eot? HTTP/1.1" 200 48606 "http://polyanka44.info/" "Mozilla/4.0 (compatible; MSIE 8.0; Windows NT 5.1; Trident/4.0; .NET CLR 2.0.50727; .NET CLR 3.0.4506.2152; .NET CLR 3.5.30729)"
66.249.75.39 - - [23/May/2017:21:02:22 +0300] "GET / HTTP/1.1" 200 6856 "-" "Mozilla/5.0 (compatible; Googlebot/2.1; +http://www.google.com/bot.html)"
66.249.75.36 - - [23/May/2017:21:32:50 +0300] "GET / HTTP/1.1" 200 6856 "-" "Mozilla/5.0 (Linux; Android 6.0.1; Nexus 5X Build/MMB29P) AppleWebKit/537.36 (KHTML, like Gecko) Chrome/41.0.2272.96 Mobile Safari/537.36 (compatible; Googlebot/2.1; +http://www.google.com/bot.html)"
188.226.129.55 - - [23/May/2017:22:04:14 +0300] "GET / HTTP/1.1" 200 6856 "-" "Mozilla/5.0 (Windows NT 6.0) AppleWebKit/537.36 (KHTML, like Gecko) Chrome/34.0.1847.116 Safari/537.36"
66.249.75.42 - - [23/May/2017:23:14:33 +0300] "GET / HTTP/1.1" 200 6856 "-" "Mozilla/5.0 (compatible; Googlebot/2.1; +http://www.google.com/bot.html)"
66.249.75.42 - - [23/May/2017:23:33:06 +0300] "GET / HTTP/1.1" 200 6856 "-" "Mozilla/5.0 (compatible; Googlebot/2.1; +http://www.google.com/bot.html)"
66.249.75.42 - - [23/May/2017:23:51:23 +0300] "GET / HTTP/1.1" 200 6856 "-" "Mozilla/5.0 (Linux; Android 6.0.1; Nexus 5X Build/MMB29P) AppleWebKit/537.36 (KHTML, like Gecko) Chrome/41.0.2272.96 Mobile Safari/537.36 (compatible; Googlebot/2.1; +http://www.google.com/bot.html)"
66.249.75.36 - - [24/May/2017:00:14:16 +0300] "GET / HTTP/1.1" 200 6856 "-" "Mozilla/5.0 (compatible; Googlebot/2.1; +http://www.google.com/bot.html)"
66.249.75.39 - - [24/May/2017:00:24:36 +0300] "GET / HTTP/1.1" 200 6856 "-" "Mozilla/5.0 (compatible; Googlebot/2.1; +http://www.google.com/bot.html)"
66.249.75.36 - - [24/May/2017:03:50:22 +0300] "GET / HTTP/1.1" 200 6856 "-" "Mozilla/5.0 (Linux; Android 6.0.1; Nexus 5X Build/MMB29P) AppleWebKit/537.36 (KHTML, like Gecko) Chrome/41.0.2272.96 Mobile Safari/537.36 (compatible; Googlebot/2.1; +http://www.google.com/bot.html)"
66.249.75.42 - - [24/May/2017:04:00:21 +0300] "GET / HTTP/1.1" 200 6856 "-" "Mozilla/5.0 (compatible; Googlebot/2.1; +http://www.google.com/bot.html)"
66.249.75.42 - - [24/May/2017:04:00:21 +0300] "GET / HTTP/1.1" 200 6856 "-" "Mozilla/5.0 (compatible; Googlebot/2.1; +http://www.google.com/bot.html)"
66.249.75.36 - - [24/May/2017:04:15:42 +0300] "GET / HTTP/1.1" 200 6856 "-" "Mozilla/5.0 (compatible; Googlebot/2.1; +http://www.google.com/bot.html)"
66.249.75.39 - - [24/May/2017:05:49:00 +0300] "GET / HTTP/1.1" 200 6856 "-" "Mozilla/5.0 (compatible; Googlebot/2.1; +http://www.google.com/bot.html)"
66.249.75.36 - - [24/May/2017:08:37:10 +0300] "GET / HTTP/1.1" 200 6856 "-" "Mozilla/5.0 (Linux; Android 6.0.1; Nexus 5X Build/MMB29P) AppleWebKit/537.36 (KHTML, like Gecko) Chrome/41.0.2272.96 Mobile Safari/537.36 (compatible; Googlebot/2.1; +http://www.google.com/bot.html)"
66.249.69.166 - - [24/May/2017:08:47:31 +0300] "GET / HTTP/1.1" 200 6856 "-" "Mozilla/5.0 (compatible; Googlebot/2.1; +http://www.google.com/bot.html)"
66.249.75.36 - - [24/May/2017:08:47:32 +0300] "GET / HTTP/1.1" 200 6856 "-" "Mozilla/5.0 (compatible; Googlebot/2.1; +http://www.google.com/bot.html)"
66.249.69.166 - - [24/May/2017:09:38:03 +0300] "GET / HTTP/1.1" 200 6856 "-" "Mozilla/5.0 (Linux; Android 6.0.1; Nexus 5X Build/MMB29P) AppleWebKit/537.36 (KHTML, like Gecko) Chrome/41.0.2272.96 Mobile Safari/537.36 (compatible; Googlebot/2.1; +http://www.google.com/bot.html)"
178.154.149.9 - - [24/May/2017:09:49:13 +0300] "GET / HTTP/1.1" 200 6856 "-" "Mozilla/5.0 (compatible; YandexBot/3.0; +http://yandex.com/bots)"
66.249.69.166 - - [24/May/2017:09:53:12 +0300] "GET / HTTP/1.1" 200 6856 "-" "Mozilla/5.0 (compatible; Googlebot/2.1; +http://www.google.com/bot.html)"
195.210.139.130 - - [24/May/2017:12:31:46 +0300] "GET / HTTP/1.1" 200 6856 "-" "Mozilla/5.0 (Windows NT 6.1; WOW64) AppleWebKit/537.36 (KHTML, like Gecko) Chrome/49.0.2623.112 Safari/537.36"
195.210.139.130 - - [24/May/2017:12:31:47 +0300] "GET /fonts/RobotoBold/RobotoBold.woff HTTP/1.1" 200 24724 "http://polyanka44.info/css/fonts.css" "Mozilla/5.0 (Windows NT 6.1; WOW64) AppleWebKit/537.36 (KHTML, like Gecko) Chrome/49.0.2623.112 Safari/537.36"
195.210.139.130 - - [24/May/2017:12:31:47 +0300] "GET /fonts/RobotoLight/RobotoLight.woff HTTP/1.1" 200 25348 "http://polyanka44.info/css/fonts.css" "Mozilla/5.0 (Windows NT 6.1; WOW64) AppleWebKit/537.36 (KHTML, like Gecko) Chrome/49.0.2623.112 Safari/537.36"
195.210.139.130 - - [24/May/2017:12:31:48 +0300] "GET /libs/font-awesome-4.2.0/fonts/fontawesome-webfont.woff?v=4.2.0 HTTP/1.1" 200 65452 "http://polyanka44.info/libs/font-awesome-4.2.0/css/font-awesome.min.css" "Mozilla/5.0 (Windows NT 6.1; WOW64) AppleWebKit/537.36 (KHTML, like Gecko) Chrome/49.0.2623.112 Safari/537.36"
37.110.148.171 - - [24/May/2017:12:33:40 +0300] "GET / HTTP/1.1" 200 6856 "http://yandex.ru/clck/jsredir?from=yandex.ru%3Bsearch%3Bweb%3B%3B&text=&etext=1431.dvC-7LmuniyKzULlO5n_SEhr7ekja7T5OUmLDRCSaF6UjZzdq1ram04DQsXgSjuJ.00ce25bd9c991f51f9f6160501947920865f3440&uuid=&state=_BLhILn4SxNIvvL0W45KSic66uCIg23qh8iRG98qeIXmeppkgUc0YCYBcIrWNUha-mUlBiA3OhY&data=UlNrNmk5WktYejR0eWJFYk1Ldmtxci1oM2JaMVJMVDNVVjZBRXpEa2k4SVdQa0ZBWlduQ0UzeDVTS1R2Nmx4UkVBcUFKemUydFNQWFJBNlhMdGpGUWlRSWJBRllaX3BJTXZUeThsMG9pT2s&b64e=2&sign=f03970a8f7c6749d3a7ca7d74510b7ea&keyno=0&cst=AiuY0DBWFJ7IXge4WdYJQXbYQp9t5VF6MXgj_GXm-crUfXIY8DJ-p9Kh2sWMLRlWiCgEk1ygmkEBZ1y5zxzxbo2W7PZPZgYrAQXADfrTgqhXFSVE1k-cQoqC9IqF74YglkEpeXS4fSkUpaK-0t2MUQ&ref=orjY4mGPRjk5boDnW0uvlrrd71vZw9kp5uQozpMtKCWbgDHRNa-0ypKwSV1eMje63JX8Nk4NU7-zow7Tz1LK-Cou8WcH3tuGarUud7ESZBGzPwvxT-2nxQ&l10n=ru&cts=1495613604539&mc=5.47986259434" "Mozilla/4.0 (compatible; MSIE 8.0; Windows NT 5.1; Trident/4.0; .NET CLR 2.0.50727; .NET CLR 3.0.4506.2152; .NET CLR 3.5.30729)"
37.110.148.171 - - [24/May/2017:12:33:41 +0300] "GET /fonts/RobotoLight/RobotoLight.eot? HTTP/1.1" 200 49434 "http://polyanka44.info/" "Mozilla/4.0 (compatible; MSIE 8.0; Windows NT 5.1; Trident/4.0; .NET CLR 2.0.50727; .NET CLR 3.0.4506.2152; .NET CLR 3.5.30729)"
37.110.148.171 - - [24/May/2017:12:33:41 +0300] "GET /fonts/RobotoBold/RobotoBold.eot? HTTP/1.1" 200 48606 "http://polyanka44.info/" "Mozilla/4.0 (compatible; MSIE 8.0; Windows NT 5.1; Trident/4.0; .NET CLR 2.0.50727; .NET CLR 3.0.4506.2152; .NET CLR 3.5.30729)"
188.32.24.133 - - [24/May/2017:12:33:41 +0300] "GET /fonts/RobotoRegular/RobotoRegular.eot? HTTP/1.1" 200 50854 "http://polyanka44.info/" "Mozilla/4.0 (compatible; MSIE 8.0; Windows NT 5.1; Trident/4.0; .NET CLR 2.0.50727; .NET CLR 3.0.4506.2152; .NET CLR 3.5.30729)"
188.32.24.133 - - [24/May/2017:12:33:41 +0300] "GET /libs/font-awesome-4.2.0/fonts/fontawesome-webfont.eot? HTTP/1.1" 200 56006 "http://polyanka44.info/" "Mozilla/4.0 (compatible; MSIE 8.0; Windows NT 5.1; Trident/4.0; .NET CLR 2.0.50727; .NET CLR 3.0.4506.2152; .NET CLR 3.5.30729)"
