188.32.24.133 - - [24/May/2017:12:33:42 +0300] "GET /fonts/RobotoMedium/RobotoMedium.eot? HTTP/1.1" 200 49802 "http://polyanka44.info/" "Mozilla/4.0 (compatible; MSIE 8.0; Windows NT 5.1; Trident/4.0; .NET CLR 2.0.50727; .NET CLR 3.0.4506.2152; .NET CLR 3.5.30729)"
66.249.69.163 - - [24/May/2017:12:51:05 +0300] "GET / HTTP/1.1" 200 6856 "-" "Mozilla/5.0 (Linux; Android 6.0.1; Nexus 5X Build/MMB29P) AppleWebKit/537.36 (KHTML, like Gecko) Chrome/41.0.2272.96 Mobile Safari/537.36 (compatible; Googlebot/2.1; +http://www.google.com/bot.html)"
66.249.69.163 - - [24/May/2017:12:55:50 +0300] "GET / HTTP/1.1" 200 6856 "-" "Mozilla/5.0 (compatible; Googlebot/2.1; +http://www.google.com/bot.html)"
66.249.69.163 - - [24/May/2017:13:06:01 +0300] "GET / HTTP/1.1" 200 6856 "-" "Mozilla/5.0 (compatible; Googlebot/2.1; +http://www.google.com/bot.html)"
66.249.69.169 - - [24/May/2017:14:05:36 +0300] "GET / HTTP/1.1" 200 6856 "-" "Mozilla/5.0 (Linux; Android 6.0.1; Nexus 5X Build/MMB29P) AppleWebKit/537.36 (KHTML, like Gecko) Chrome/41.0.2272.96 Mobile Safari/537.36 (compatible; Googlebot/2.1; +http://www.google.com/bot.html)"
66.249.69.154 - - [24/May/2017:14:10:40 +0300] "GET / HTTP/1.1" 200 6856 "-" "Mozilla/5.0 (compatible; Googlebot/2.1; +http://www.google.com/bot.html)"
66.249.75.42 - - [24/May/2017:14:36:06 +0300] "GET / HTTP/1.1" 200 6856 "-" "Mozilla/5.0 (compatible; Googlebot/2.1; +http://www.google.com/bot.html)"
66.102.9.5 - - [24/May/2017:16:29:46 +0300] "GET / HTTP/1.1" 200 33649 "-" "Mozilla/5.0 (Linux; Android 6.0; Redmi Pro Build/MRA58K) AppleWebKit/537.36 (KHTML, like Gecko) Chrome/58.0.3029.83 Mobile Safari/537.36"
66.102.9.2 - - [24/May/2017:16:29:47 +0300] "GET /fonts/RobotoLight/RobotoLight.woff HTTP/1.1" 200 25348 "http://polyanka44.info/css/fonts.css" "Mozilla/5.0 (Linux; Android 6.0; Redmi Pro Build/MRA58K) AppleWebKit/537.36 (KHTML, like Gecko) Chrome/58.0.3029.83 Mobile Safari/537.36"
66.102.9.5 - - [24/May/2017:16:29:47 +0300] "GET /fonts/RobotoBold/RobotoBold.woff HTTP/1.1" 200 24724 "http://polyanka44.info/css/fonts.css" "Mozilla/5.0 (Linux; Android 6.0; Redmi Pro Build/MRA58K) AppleWebKit/537.36 (KHTML, like Gecko) Chrome/58.0.3029.83 Mobile Safari/537.36"
66.102.9.2 - - [24/May/2017:16:29:47 +0300] "GET /libs/font-awesome-4.2.0/fonts/fontawesome-webfont.woff?v=4.2.0 HTTP/1.1" 200 65452 "http://polyanka44.info/libs/font-awesome-4.2.0/css/font-awesome.min.css" "Mozilla/5.0 (Linux; Android 6.0; Redmi Pro Build/MRA58K) AppleWebKit/537.36 (KHTML, like Gecko) Chrome/58.0.3029.83 Mobile Safari/537.36"
195.210.139.130 - - [24/May/2017:16:30:03 +0300] "GET / HTTP/1.1" 200 6856 "-" "Mozilla/5.0 (Linux; Android 7.0; SAMSUNG SM-G930F Build/NRD90M) AppleWebKit/537.36 (KHTML, like Gecko) SamsungBrowser/5.0 Chrome/51.0.2704.106 Mobile Safari/537.36"
195.210.139.130 - - [24/May/2017:16:30:04 +0300] "GET /fonts/RobotoLight/RobotoLight.woff HTTP/1.1" 200 25348 "http://polyanka44.info/css/fonts.css" "Mozilla/5.0 (Linux; Android 7.0; SAMSUNG SM-G930F Build/NRD90M) AppleWebKit/537.36 (KHTML, like Gecko) SamsungBrowser/5.0 Chrome/51.0.2704.106 Mobile Safari/537.36"
195.210.139.130 - - [24/May/2017:16:30:04 +0300] "GET /fonts/RobotoBold/RobotoBold.woff HTTP/1.1" 200 24724 "http://polyanka44.info/css/fonts.css" "Mozilla/5.0 (Linux; Android 7.0; SAMSUNG SM-G930F Build/NRD90M) AppleWebKit/537.36 (KHTML, like Gecko) SamsungBrowser/5.0 Chrome/51.0.2704.106 Mobile Safari/537.36"
195.210.139.130 - - [24/May/2017:16:30:04 +0300] "GET /libs/font-awesome-4.2.0/fonts/fontawesome-webfont.woff?v=4.2.0 HTTP/1.1" 200 65452 "http://polyanka44.info/libs/font-awesome-4.2.0/css/font-awesome.min.css" "Mozilla/5.0 (Linux; Android 7.0; SAMSUNG SM-G930F Build/NRD90M) AppleWebKit/537.36 (KHTML, like Gecko) SamsungBrowser/5.0 Chrome/51.0.2704.106 Mobile Safari/537.36"
66.102.9.30 - - [24/May/2017:16:30:17 +0300] "GET / HTTP/1.1" 304 0 "-" "Mozilla/5.0 (Linux; Android 6.0; Redmi Pro Build/MRA58K) AppleWebKit/537.36 (KHTML, like Gecko) Chrome/58.0.3029.83 Mobile Safari/537.36"
66.249.75.39 - - [24/May/2017:17:39:05 +0300] "GET / HTTP/1.1" 200 6856 "-" "Mozilla/5.0 (Linux; Android 6.0.1; Nexus 5X Build/MMB29P) AppleWebKit/537.36 (KHTML, like Gecko) Chrome/41.0.2272.96 Mobile Safari/537.36 (compatible; Googlebot/2.1; +http://www.google.com/bot.html)"
66.249.75.39 - - [24/May/2017:17:49:27 +0300] "GET / HTTP/1.1" 200 6856 "-" "Mozilla/5.0 (compatible; Googlebot/2.1; +http://www.google.com/bot.html)"
66.249.75.36 - - [24/May/2017:18:04:55 +0300] "GET / HTTP/1.1" 200 6856 "-" "Mozilla/5.0 (compatible; Googlebot/2.1; +http://www.google.com/bot.html)"
66.249.75.39 - - [24/May/2017:18:40:39 +0300] "GET / HTTP/1.1" 200 6856 "-" "Mozilla/5.0 (Linux; Android 6.0.1; Nexus 5X Build/MMB29P) AppleWebKit/537.36 (KHTML, like Gecko) Chrome/41.0.2272.96 Mobile Safari/537.36 (compatible; Googlebot/2.1; +http://www.google.com/bot.html)"
66.249.66.176 - - [24/May/2017:21:26:17 +0300] "GET / HTTP/1.1" 200 6856 "-" "Mozilla/5.0 (compatible; Googlebot/2.1; +http://www.google.com/bot.html)"
66.249.66.176 - - [24/May/2017:21:51:59 +0300] "GET / HTTP/1.1" 200 6856 "-" "Mozilla/5.0 (compatible; Googlebot/2.1; +http://www.google.com/bot.html)"
66.249.66.176 - - [24/May/2017:22:02:08 +0300] "GET / HTTP/1.1" 200 6856 "-" "Mozilla/5.0 (Linux; Android 6.0.1; Nexus 5X Build/MMB29P) AppleWebKit/537.36 (KHTML, like Gecko) Chrome/41.0.2272.96 Mobile Safari/537.36 (compatible; Googlebot/2.1; +http://www.google.com/bot.html)"
66.249.66.150 - - [25/May/2017:00:34:29 +0300] "GET / HTTP/1.1" 200 6856 "-" "Mozilla/5.0 (compatible; Googlebot/2.1; +http://www.google.com/bot.html)"
66.249.66.152 - - [25/May/2017:00:49:49 +0300] "GET / HTTP/1.1" 200 6856 "-" "Mozilla/5.0 (compatible; Googlebot/2.1; +http://www.google.com/bot.html)"
66.249.66.152 - - [25/May/2017:01:41:12 +0300] "GET / HTTP/1.1" 200 6856 "-" "Mozilla/5.0 (Linux; Android 6.0.1; Nexus 5X Build/MMB29P) AppleWebKit/537.36 (KHTML, like Gecko) Chrome/41.0.2272.96 Mobile Safari/537.36 (compatible; Googlebot/2.1; +http://www.google.com/bot.html)"
66.249.66.152 - - [25/May/2017:02:06:37 +0300] "GET / HTTP/1.1" 200 6856 "-" "Mozilla/5.0 (compatible; Googlebot/2.1; +http://www.google.com/bot.html)"
66.249.66.150 - - [25/May/2017:02:16:57 +0300] "GET / HTTP/1.1" 200 6856 "-" "Mozilla/5.0 (compatible; Googlebot/2.1; +http://www.google.com/bot.html)"
66.249.66.150 - - [25/May/2017:02:52:47 +0300] "GET / HTTP/1.1" 200 6856 "-" "Mozilla/5.0 (Linux; Android 6.0.1; Nexus 5X Build/MMB29P) AppleWebKit/537.36 (KHTML, like Gecko) Chrome/41.0.2272.96 Mobile Safari/537.36 (compatible; Googlebot/2.1; +http://www.google.com/bot.html)"
144.217.167.240 - - [25/May/2017:03:26:56 +0300] "GET / HTTP/1.1" 200 33649 "-" "Mozilla/5.0 (Windows NT 6.1) AppleWebKit/537.36 (KHTML, like Gecko) Chrome/27.0.1453.90 Safari/537.36"
66.249.66.150 - - [25/May/2017:04:23:57 +0300] "GET / HTTP/1.1" 200 6856 "-" "Mozilla/5.0 (compatible; Googlebot/2.1; +http://www.google.com/bot.html)"
66.249.66.154 - - [25/May/2017:04:41:05 +0300] "GET / HTTP/1.1" 200 6856 "-" "Mozilla/5.0 (compatible; Googlebot/2.1; +http://www.google.com/bot.html)"
66.249.66.154 - - [25/May/2017:10:06:47 +0300] "GET / HTTP/1.1" 200 6856 "-" "Mozilla/5.0 (Linux; Android 6.0.1; Nexus 5X Build/MMB29P) AppleWebKit/537.36 (KHTML, like Gecko) Chrome/41.0.2272.96 Mobile Safari/537.36 (compatible; Googlebot/2.1; +http://www.google.com/bot.html)"
195.210.139.130 - - [25/May/2017:11:21:37 +0300] "GET / HTTP/1.1" 304 0 "-" "Mozilla/5.0 (Windows NT 6.1; Win64; x64) AppleWebKit/537.36 (KHTML, like Gecko) Chrome/58.0.3029.110 Safari/537.36"
195.210.139.130 - - [25/May/2017:11:21:37 +0300] "GET /fonts/RobotoBold/RobotoBold.woff HTTP/1.1" 304 0 "http://polyanka44.info/css/fonts.css" "Mozilla/5.0 (Windows NT 6.1; Win64; x64) AppleWebKit/537.36 (KHTML, like Gecko) Chrome/58.0.3029.110 Safari/537.36"
195.210.139.130 - - [25/May/2017:11:21:37 +0300] "GET /libs/font-awesome-4.2.0/fonts/fontawesome-webfont.woff?v=4.2.0 HTTP/1.1" 304 0 "http://polyanka44.info/libs/font-awesome-4.2.0/css/font-awesome.min.css" "Mozilla/5.0 (Windows NT 6.1; Win64; x64) AppleWebKit/537.36 (KHTML, like Gecko) Chrome/58.0.3029.110 Safari/537.36"
195.210.139.130 - - [25/May/2017:11:21:37 +0300] "GET /fonts/RobotoLight/RobotoLight.woff HTTP/1.1" 304 0 "http://polyanka44.info/css/fonts.css" "Mozilla/5.0 (Windows NT 6.1; Win64; x64) AppleWebKit/537.36 (KHTML, like Gecko) Chrome/58.0.3029.110 Safari/537.36"
195.210.139.130 - - [25/May/2017:17:15:49 +0300] "GET / HTTP/1.1" 200 6856 "-" "Mozilla/5.0 (Windows NT 6.1; WOW64) AppleWebKit/537.36 (KHTML, like Gecko) Chrome/49.0.2623.112 Safari/537.36"
195.210.139.130 - - [25/May/2017:17:15:50 +0300] "GET /fonts/RobotoBold/RobotoBold.woff HTTP/1.1" 200 24724 "http://polyanka44.info/css/fonts.css" "Mozilla/5.0 (Windows NT 6.1; WOW64) AppleWebKit/537.36 (KHTML, like Gecko) Chrome/49.0.2623.112 Safari/537.36"
195.210.139.130 - - [25/May/2017:17:15:50 +0300] "GET /fonts/RobotoLight/RobotoLight.woff HTTP/1.1" 200 25348 "http://polyanka44.info/css/fonts.css" "Mozilla/5.0 (Windows NT 6.1; WOW64) AppleWebKit/537.36 (KHTML, like Gecko) Chrome/49.0.2623.112 Safari/537.36"
195.210.139.130 - - [25/May/2017:17:15:50 +0300] "GET /libs/font-awesome-4.2.0/fonts/fontawesome-webfont.woff?v=4.2.0 HTTP/1.1" 200 65452 "http://polyanka44.info/libs/font-awesome-4.2.0/css/font-awesome.min.css" "Mozilla/5.0 (Windows NT 6.1; WOW64) AppleWebKit/537.36 (KHTML, like Gecko) Chrome/49.0.2623.112 Safari/537.36"
87.250.224.5 - - [25/May/2017:17:22:56 +0300] "GET / HTTP/1.1" 200 6856 "-" "Mozilla/5.0 (compatible; YandexBot/3.0; +http://yandex.com/bots)"
52.201.242.147 - - [25/May/2017:20:12:49 +0300] "GET / HTTP/1.1" 200 33649 "-" "Mozilla/5.0 (X11; Ubuntu; Linux x86_64; rv:30.0) Gecko/20100101 Firefox/30.0"
95.213.184.251 - - [25/May/2017:22:26:07 +0300] "GET / HTTP/1.1" 200 33649 "-" "Mozilla/5.0 (Windows NT 10.0) AppleWebKit/537.36 (KHTML, like Gecko) Chrome/58.0.3029.110 Safari/537.36"
66.249.66.150 - - [25/May/2017:23:01:00 +0300] "GET / HTTP/1.1" 200 6856 "-" "Mozilla/5.0 (compatible; Googlebot/2.1; +http://www.google.com/bot.html)"
66.249.66.150 - - [25/May/2017:23:12:14 +0300] "GET / HTTP/1.1" 200 6856 "-" "Mozilla/5.0 (compatible; Googlebot/2.1; +http://www.google.com/bot.html)"
66.249.66.152 - - [26/May/2017:05:11:19 +0300] "GET / HTTP/1.1" 200 6856 "-" "Mozilla/5.0 (Linux; Android 6.0.1; Nexus 5X Build/MMB29P) AppleWebKit/537.36 (KHTML, like Gecko) Chrome/41.0.2272.96 Mobile Safari/537.36 (compatible; Googlebot/2.1; +http://www.google.com/bot.html)"
163.172.4.153 - - [26/May/2017:07:31:23 +0300] "GET / HTTP/1.1" 200 6856 "http://polyanka44.info/" "Mozilla/5.0 (Macintosh; Intel Mac OS X 10_12_3) AppleWebKit/602.4.8 (KHTML, like Gecko) Version/10.0.3 Safari/602.4.8"
66.249.66.150 - - [26/May/2017:10:18:49 +0300] "GET / HTTP/1.1" 200 6856 "-" "Mozilla/5.0 (compatible; Googlebot/2.1; +http://www.google.com/bot.html)"
66.249.66.154 - - [26/May/2017:10:33:49 +0300] "GET / HTTP/1.1" 200 6856 "-" "Mozilla/5.0 (compatible; Googlebot/2.1; +http://www.google.com/bot.html)"
66.249.66.154 - - [26/May/2017:11:33:49 +0300] "GET / HTTP/1.1" 200 6856 "-" "Mozilla/5.0 (Linux; Android 6.0.1; Nexus 5X Build/MMB29P) AppleWebKit/537.36 (KHTML, like Gecko) Chrome/41.0.2272.96 Mobile Safari/537.36 (compatible; Googlebot/2.1; +http://www.google.com/bot.html)"
66.249.66.152 - - [26/May/2017:15:56:19 +0300] "GET / HTTP/1.1" 200 6856 "-" "Mozilla/5.0 (compatible; Googlebot/2.1; +http://www.google.com/bot.html)"
195.210.139.130 - - [26/May/2017:16:26:45 +0300] "GET /fonts/RobotoBold/RobotoBold.woff HTTP/1.1" 200 24724 "http://polyanka44.info/css/fonts.css" "Mozilla/5.0 (Windows NT 6.1; WOW64) AppleWebKit/537.36 (KHTML, like Gecko) Chrome/49.0.2623.112 Safari/537.36"
195.210.139.130 - - [26/May/2017:16:26:45 +0300] "GET /fonts/RobotoLight/RobotoLight.woff HTTP/1.1" 200 25348 "http://polyanka44.info/css/fonts.css" "Mozilla/5.0 (Windows NT 6.1; WOW64) AppleWebKit/537.36 (KHTML, like Gecko) Chrome/49.0.2623.112 Safari/537.36"
195.210.139.130 - - [26/May/2017:16:26:46 +0300] "GET /libs/font-awesome-4.2.0/fonts/fontawesome-webfont.woff?v=4.2.0 HTTP/1.1" 200 65452 "http://polyanka44.info/libs/font-awesome-4.2.0/css/font-awesome.min.css" "Mozilla/5.0 (Windows NT 6.1; WOW64) AppleWebKit/537.36 (KHTML, like Gecko) Chrome/49.0.2623.112 Safari/537.36"
66.249.66.150 - - [26/May/2017:16:27:38 +0300] "GET / HTTP/1.1" 200 6856 "-" "Mozilla/5.0 (compatible; Googlebot/2.1; +http://www.google.com/bot.html)"
178.154.149.9 - - [26/May/2017:17:21:33 +0300] "GET / HTTP/1.1" 200 6856 "-" "Mozilla/5.0 (compatible; YandexBot/3.0; +http://yandex.com/bots)"
91.189.112.7 - - [26/May/2017:21:54:30 +0300] "GET / HTTP/1.1" 200 33649 "-" "Mozilla/5.0 (Windows NT 10.0; WOW64) AppleWebKit/537.36 (KHTML, like Gecko) Chrome/48.0.2564.109 Safari/537.36"
66.249.66.152 - - [26/May/2017:22:35:26 +0300] "GET / HTTP/1.1" 200 6856 "-" "Mozilla/5.0 (Linux; Android 6.0.1; Nexus 5X Build/MMB29P) AppleWebKit/537.36 (KHTML, like Gecko) Chrome/41.0.2272.96 Mobile Safari/537.36 (compatible; Googlebot/2.1; +http://www.google.com/bot.html)"
66.249.66.30 - - [27/May/2017:06:26:26 +0300] "GET / HTTP/1.1" 200 6856 "-" "Mozilla/5.0 (compatible; Googlebot/2.1; +http://www.google.com/bot.html)"
66.249.66.29 - - [27/May/2017:08:37:22 +0300] "GET / HTTP/1.1" 200 6856 "-" "Mozilla/5.0 (compatible; Googlebot/2.1; +http://www.google.com/bot.html)"
160.202.163.41 - - [27/May/2017:13:14:14 +0300] "GET /wp-login.php HTTP/1.1" 404 27 "http://polyanka44.info/wp-login.php" "Mozilla/4.0 (compatible; MSIE 9.0; Windows NT 6.1; 125LA; .NET CLR 2.0.50727; .NET CLR 3.0.04506.648; .NET CLR 3.5.21022)"
160.202.163.41 - - [27/May/2017:13:14:14 +0300] "GET /wp-login.php HTTP/1.1" 404 27 "http://polyanka44.info/wp-login.php" "Mozilla/4.0 (compatible; MSIE 9.0; Windows NT 6.1; 125LA; .NET CLR 2.0.50727; .NET CLR 3.0.04506.648; .NET CLR 3.5.21022)"
188.32.24.176 - - [27/May/2017:16:00:44 +0300] "GET / HTTP/1.1" 200 6856 "http://yandex.ru/clck/jsredir?from=yandex.ru%3Bsearch%3Bweb%3B%3B&text=&etext=1434.kspgEcEevBQ04LuCd0eTJsA5nXVgeUf99BcUshLhcT_n1e_61H-twssTrQzeUnMi.d955d9902d5eb6f10d2240612640ff83cf9e6436&uuid=&state=_BLhILn4SxNIvvL0W45KSic66uCIg23qh8iRG98qeIXmeppkgUc0YGHEttDsYq_w3pSJtejupWg&data=UlNrNmk5WktYejR0eWJFYk1Ldmtxci1oM2JaMVJMVDNVVjZBRXpEa2k4SVdQa0ZBWlduQ0UwbDZDWE5wNmQtM0xPekxDbGxIc2xQcXVuUDFWQnAtQ2pHdE9OcjhWQk5sdTU5cjE1eFJDczA&b64e=2&sign=e6f3cf9578751c0a6945947e07acd413&keyno=0&cst=AiuY0DBWFJ7IXge4WdYJQa9gkHE_3kbiPYpxBcpoYQQEfzsbCLuiqhm2vm1pEwwcX4hyH5Zm5GcW7zpY_23ycnmTHHJr2lHfOgyp4bHSq2mhwxQGrbx-vk8K3FhGksZHTIRwvFUgLgbWIYIVB9AgbSZDBBPv0HYB&ref=orjY4mGPRjk5boDnW0uvlrrd71vZw9kp5uQozpMtKCXma_RTIh0ntAUS-lDXJqJprzA1rBDZ8h6KBvrdJWY85UfIk9LRZ0q2b5j-NIoo64JDsnMpwc4Sjg&l10n=ru&cts=1495889716060&mc=1.57722830994" "Mozilla/4.0 (compatible; MSIE 6.0; Windows NT 5.1; SV1; .NET CLR 2.0.50727)"
188.32.24.176 - - [27/May/2017:16:01:07 +0300] "GET /libs/font-awesome-4.2.0/fonts/fontawesome-webfont.eot? HTTP/1.1" 200 56006 "http://polyanka44.info/" "Mozilla/4.0 (compatible; MSIE 6.0; Windows NT 5.1; SV1; .NET CLR 2.0.50727)"
188.32.24.176 - - [27/May/2017:16:01:07 +0300] "GET /fonts/RobotoBold/RobotoBold.eot? HTTP/1.1" 200 48606 "http://polyanka44.info/" "Mozilla/4.0 (compatible; MSIE 6.0; Windows NT 5.1; SV1; .NET CLR 2.0.50727)"
188.32.24.176 - - [27/May/2017:16:01:07 +0300] "GET /fonts/RobotoLight/RobotoLight.eot? HTTP/1.1" 200 49434 "http://polyanka44.info/" "Mozilla/4.0 (compatible; MSIE 6.0; Windows NT 5.1; SV1; .NET CLR 2.0.50727)"
66.249.66.29 - - [27/May/2017:17:16:47 +0300] "GET / HTTP/1.1" 200 6856 "-" "Mozilla/5.0 (Linux; Android 6.0.1; Nexus 5X Build/MMB29P) AppleWebKit/537.36 (KHTML, like Gecko) Chrome/41.0.2272.96 Mobile Safari/537.36 (compatible; Googlebot/2.1; +http://www.google.com/bot.html)"
178.140.87.197 - - [27/May/2017:17:24:45 +0300] "GET / HTTP/1.1" 200 6856 "http://yandex.ru/clck/jsredir?from=yandex.ru%3Bsearch%3Bweb%3B%3B&text=&etext=1434.V8-c1d7VLJiLmGKIjr1ya_4pKbxu3rS-XTT6i6sJTEzhWDkht41qPbKSeItQs0HA.93c738369e43dd155405be92bee3796f263f9cb3&uuid=&state=_BLhILn4SxNIvvL0W45KSic66uCIg23qh8iRG98qeIXmeppkgUc0YMkOSpatjLUqgxH-XWLwn-g&data=UlNrNmk5WktYejR0eWJFYk1Ldmtxci1oM2JaMVJMVDNVVjZBRXpEa2k4SVdQa0ZBWlduQ0UyMV90VzlwbEp3dUJGdTdKTlN4MDVpRmxQTmNEMWhWWWN1QXIxYjJIaXFGSmh1TGJvS2gyR2c&b64e=2&sign=587021de28968558c73c7b4597bd1f08&keyno=0&cst=AiuY0DBWFJ7IXge4WdYJQYuwSQLovbTTYyfmWz26o0KTKVDHrcDDPXCJyPKedLNya1iGd3vRrW3Qm6vgmQaBOl-siiKlFDQxf7NFOUEUTi4ruXg0qhCZbq8iUt_bC6idN0-vsfmhRxo34NAu452KjTBtcZI44hL4&ref=orjY4mGPRjk5boDnW0uvlrrd71vZw9kp5uQozpMtKCW8s5kfnNkNj7Cuf347gNib5vWCNVGUoMSvMLGL6EmgxZW1F3KY7CyJFahjIN5q1DCSbhhH5Het-w&l10n=ru&cts=1495894284835&mc=1.94766246488" "Mozilla/5.0 (compatible; MSIE 10.0; Windows NT 6.2; WOW64; Trident/6.0; MATMJS)"
66.249.64.210 - - [28/May/2017:04:04:52 +0300] "GET / HTTP/1.1" 200 6856 "-" "Mozilla/5.0 (compatible; Googlebot/2.1; +http://www.google.com/bot.html)"
66.249.64.210 - - [28/May/2017:05:20:14 +0300] "GET / HTTP/1.1" 200 6856 "-" "Mozilla/5.0 (compatible; Googlebot/2.1; +http://www.google.com/bot.html)"
178.154.149.9 - - [28/May/2017:06:35:47 +0300] "GET / HTTP/1.1" 200 6856 "-" "Mozilla/5.0 (compatible; YandexBot/3.0; +http://yandex.com/bots)"
87.250.224.5 - - [28/May/2017:10:58:18 +0300] "GET / HTTP/1.1" 200 6856 "-" "Mozilla/5.0 (iPhone; CPU iPhone OS 8_1 like Mac OS X) AppleWebKit/600.1.4 (KHTML, like Gecko) Version/8.0 Mobile/12B411 Safari/600.1.4 (compatible; YandexMobileBot/3.0; +http://yandex.com/bots)"
87.250.224.5 - - [28/May/2017:10:58:45 +0300] "GET /libs/font-awesome-4.2.0/fonts/fontawesome-webfont.woff?v=4.2.0 HTTP/1.1" 200 65452 "http://polyanka44.info/libs/font-awesome-4.2.0/css/font-awesome.min.css" "Mozilla/5.0 (iPhone; CPU iPhone OS 8_1 like Mac OS X) AppleWebKit/600.1.4 (KHTML, like Gecko) Version/8.0 Mobile/12B411 Safari/600.1.4 (compatible; YandexMobileBot/3.0; +http://yandex.com/bots)"
178.154.149.9 - - [28/May/2017:10:58:46 +0300] "GET /fonts/RobotoBold/RobotoBold.woff HTTP/1.1" 200 24724 "http://polyanka44.info/css/fonts.css" "Mozilla/5.0 (iPhone; CPU iPhone OS 8_1 like Mac OS X) AppleWebKit/600.1.4 (KHTML, like Gecko) Version/8.0 Mobile/12B411 Safari/600.1.4 (compatible; YandexMobileBot/3.0; +http://yandex.com/bots)"
87.250.224.5 - - [28/May/2017:10:58:47 +0300] "GET /fonts/RobotoLight/RobotoLight.woff HTTP/1.1" 200 25348 "http://polyanka44.info/css/fonts.css" "Mozilla/5.0 (iPhone; CPU iPhone OS 8_1 like Mac OS X) AppleWebKit/600.1.4 (KHTML, like Gecko) Version/8.0 Mobile/12B411 Safari/600.1.4 (compatible; YandexMobileBot/3.0; +http://yandex.com/bots)"
66.249.64.214 - - [28/May/2017:12:39:52 +0300] "GET / HTTP/1.1" 200 6856 "-" "Mozilla/5.0 (Linux; Android 6.0.1; Nexus 5X Build/MMB29P) AppleWebKit/537.36 (KHTML, like Gecko) Chrome/41.0.2272.96 Mobile Safari/537.36 (compatible; Googlebot/2.1; +http://www.google.com/bot.html)"
66.249.64.212 - - [28/May/2017:14:46:56 +0300] "GET / HTTP/1.1" 200 6856 "-" "Mozilla/5.0 (compatible; Googlebot/2.1; +http://www.google.com/bot.html)"
66.249.64.214 - - [28/May/2017:15:34:14 +0300] "GET / HTTP/1.1" 200 6856 "-" "Mozilla/5.0 (compatible; Googlebot/2.1; +http://www.google.com/bot.html)"
50.116.2.119 - - [28/May/2017:16:04:00 +0300] "GET / HTTP/1.1" 200 33649 "-" "Mozilla/5.0 (compatible; Baiduspider/2.0; +http://www.baidu.com/search/spider.html\xEF\xBC\x89"
66.249.64.210 - - [28/May/2017:16:58:14 +0300] "GET / HTTP/1.1" 200 6856 "-" "Mozilla/5.0 (Linux; Android 6.0.1; Nexus 5X Build/MMB29P) AppleWebKit/537.36 (KHTML, like Gecko) Chrome/41.0.2272.96 Mobile Safari/537.36 (compatible; Googlebot/2.1; +http://www.google.com/bot.html)"
66.249.64.212 - - [28/May/2017:17:28:13 +0300] "GET / HTTP/1.1" 200 6856 "-" "Mozilla/5.0 (compatible; Googlebot/2.1; +http://www.google.com/bot.html)"
91.210.144.132 - - [28/May/2017:18:16:12 +0300] "GET / HTTP/1.1" 200 6856 "http://polyanka44.info" "Mozilla/5.0 (Windows NT 6.1; WOW64) AppleWebKit/537.36 (KHTML, like Gecko) Chrome/31.0.1650.57 Safari/537.36"
91.210.144.132 - - [28/May/2017:18:16:28 +0300] "GET /blog/ HTTP/1.1" 404 47 "http://polyanka44.info/blog/" "Mozilla/5.0 (Windows NT 6.1; WOW64) AppleWebKit/537.36 (KHTML, like Gecko) Chrome/31.0.1650.57 Safari/537.36"
66.249.64.214 - - [28/May/2017:18:34:15 +0300] "GET / HTTP/1.1" 200 6856 "-" "Mozilla/5.0 (compatible; Googlebot/2.1; +http://www.google.com/bot.html)"
66.249.64.214 - - [28/May/2017:22:28:13 +0300] "GET / HTTP/1.1" 200 6856 "-" "Mozilla/5.0 (Linux; Android 6.0.1; Nexus 5X Build/MMB29P) AppleWebKit/537.36 (KHTML, like Gecko) Chrome/41.0.2272.96 Mobile Safari/537.36 (compatible; Googlebot/2.1; +http://www.google.com/bot.html)"
66.249.64.214 - - [28/May/2017:22:46:13 +0300] "GET / HTTP/1.1" 200 6856 "-" "Mozilla/5.0 (compatible; Googlebot/2.1; +http://www.google.com/bot.html)"
66.249.64.210 - - [29/May/2017:01:11:17 +0300] "GET / HTTP/1.1" 200 6856 "-" "Mozilla/5.0 (compatible; Googlebot/2.1; +http://www.google.com/bot.html)"
178.154.149.9 - - [29/May/2017:05:03:43 +0300] "GET / HTTP/1.1" 200 6856 "-" "Mozilla/5.0 (compatible; YandexBot/3.0; +http://yandex.com/bots)"
93.158.152.78 - - [29/May/2017:05:24:00 +0300] "GET / HTTP/1.1" 304 0 "-" "Mozilla/5.0 (iPhone; CPU iPhone OS 8_1 like Mac OS X) AppleWebKit/600.1.4 (KHTML, like Gecko) Version/8.0 Mobile/12B411 Safari/600.1.4 (compatible; YandexMobileBot/3.0; +http://yandex.com/bots)"
178.154.149.9 - - [29/May/2017:05:25:21 +0300] "GET /fonts/RobotoLight/RobotoLight.woff HTTP/1.1" 304 0 "http://polyanka44.info/css/fonts.css" "Mozilla/5.0 (iPhone; CPU iPhone OS 8_1 like Mac OS X) AppleWebKit/600.1.4 (KHTML, like Gecko) Version/8.0 Mobile/12B411 Safari/600.1.4 (compatible; YandexMobileBot/3.0; +http://yandex.com/bots)"
87.250.224.5 - - [29/May/2017:05:25:24 +0300] "GET /libs/font-awesome-4.2.0/fonts/fontawesome-webfont.woff?v=4.2.0 HTTP/1.1" 304 0 "http://polyanka44.info/libs/font-awesome-4.2.0/css/font-awesome.min.css" "Mozilla/5.0 (iPhone; CPU iPhone OS 8_1 like Mac OS X) AppleWebKit/600.1.4 (KHTML, like Gecko) Version/8.0 Mobile/12B411 Safari/600.1.4 (compatible; YandexMobileBot/3.0; +http://yandex.com/bots)"
178.154.149.9 - - [29/May/2017:05:25:27 +0300] "GET /fonts/RobotoBold/RobotoBold.woff HTTP/1.1" 304 0 "http://polyanka44.info/css/fonts.css" "Mozilla/5.0 (iPhone; CPU iPhone OS 8_1 like Mac OS X) AppleWebKit/600.1.4 (KHTML, like Gecko) Version/8.0 Mobile/12B411 Safari/600.1.4 (compatible; YandexMobileBot/3.0; +http://yandex.com/bots)"
195.210.139.130 - - [29/May/2017:11:52:10 +0300] "GET // HTTP/1.1" 200 6856 "-" "Mozilla/5.0 (Windows NT 6.1; WOW64) AppleWebKit/537.36 (KHTML, like Gecko) Chrome/49.0.2623.112 Safari/537.36"
195.210.139.130 - - [29/May/2017:11:52:10 +0300] "GET //fonts/RobotoLight/RobotoLight.woff HTTP/1.1" 200 25348 "http://polyanka44.info//css/fonts.css" "Mozilla/5.0 (Windows NT 6.1; WOW64) AppleWebKit/537.36 (KHTML, like Gecko) Chrome/49.0.2623.112 Safari/537.36"
195.210.139.130 - - [29/May/2017:11:52:10 +0300] "GET //fonts/RobotoBold/RobotoBold.woff HTTP/1.1" 200 24724 "http://polyanka44.info//css/fonts.css" "Mozilla/5.0 (Windows NT 6.1; WOW64) AppleWebKit/537.36 (KHTML, like Gecko) Chrome/49.0.2623.112 Safari/537.36"
195.210.139.130 - - [29/May/2017:11:52:11 +0300] "GET //libs/font-awesome-4.2.0/fonts/fontawesome-webfont.woff?v=4.2.0 HTTP/1.1" 200 65452 "http://polyanka44.info//libs/font-awesome-4.2.0/css/font-awesome.min.css" "Mozilla/5.0 (Windows NT 6.1; WOW64) AppleWebKit/537.36 (KHTML, like Gecko) Chrome/49.0.2623.112 Safari/537.36"
66.249.64.212 - - [29/May/2017:17:23:34 +0300] "GET / HTTP/1.1" 200 6856 "-" "Mozilla/5.0 (Linux; Android 6.0.1; Nexus 5X Build/MMB29P) AppleWebKit/537.36 (KHTML, like Gecko) Chrome/41.0.2272.96 Mobile Safari/537.36 (compatible; Googlebot/2.1; +http://www.google.com/bot.html)"
66.249.64.210 - - [29/May/2017:18:13:47 +0300] "GET / HTTP/1.1" 200 6856 "-" "Mozilla/5.0 (compatible; Googlebot/2.1; +http://www.google.com/bot.html)"
