66.249.64.229 - - [12/Apr/2017:06:50:30 +0300] "GET / HTTP/1.1" 200 7012 "-" "Mozilla/5.0 (compatible; Googlebot/2.1; +http://www.google.com/bot.html)"
66.249.64.229 - - [12/Apr/2017:07:54:38 +0300] "GET / HTTP/1.1" 200 7012 "-" "Mozilla/5.0 (compatible; Googlebot/2.1; +http://www.google.com/bot.html)"
66.249.64.233 - - [12/Apr/2017:10:56:00 +0300] "GET / HTTP/1.1" 200 7012 "-" "Mozilla/5.0 (compatible; Googlebot/2.1; +http://www.google.com/bot.html)"
66.249.64.229 - - [12/Apr/2017:14:23:20 +0300] "GET / HTTP/1.1" 200 7012 "-" "Mozilla/5.0 (compatible; Googlebot/2.1; +http://www.google.com/bot.html)"
66.249.64.229 - - [12/Apr/2017:18:57:08 +0300] "GET / HTTP/1.1" 200 7012 "-" "Mozilla/5.0 (compatible; Googlebot/2.1; +http://www.google.com/bot.html)"
66.249.64.233 - - [12/Apr/2017:19:43:50 +0300] "GET / HTTP/1.1" 200 7012 "-" "Mozilla/5.0 (compatible; Googlebot/2.1; +http://www.google.com/bot.html)"
66.249.64.229 - - [13/Apr/2017:00:46:29 +0300] "GET / HTTP/1.1" 200 7012 "-" "Mozilla/5.0 (compatible; Googlebot/2.1; +http://www.google.com/bot.html)"
66.249.64.237 - - [13/Apr/2017:03:26:28 +0300] "GET / HTTP/1.1" 200 7012 "-" "Mozilla/5.0 (compatible; Googlebot/2.1; +http://www.google.com/bot.html)"
66.249.64.233 - - [13/Apr/2017:05:26:28 +0300] "GET / HTTP/1.1" 200 7012 "-" "Mozilla/5.0 (compatible; Googlebot/2.1; +http://www.google.com/bot.html)"
66.249.64.237 - - [13/Apr/2017:09:26:28 +0300] "GET / HTTP/1.1" 200 7012 "-" "Mozilla/5.0 (compatible; Googlebot/2.1; +http://www.google.com/bot.html)"
66.249.64.233 - - [13/Apr/2017:12:59:49 +0300] "GET / HTTP/1.1" 200 7012 "-" "Mozilla/5.0 (compatible; Googlebot/2.1; +http://www.google.com/bot.html)"
174.138.65.99 - - [13/Apr/2017:15:09:37 +0300] "GET / HTTP/1.0" 200 33525 "-" "Mozilla/5.0 (compatible; NetcraftSurveyAgent/1.0; +info@netcraft.com)"
66.249.64.229 - - [13/Apr/2017:15:49:30 +0300] "GET / HTTP/1.1" 200 7012 "-" "Mozilla/5.0 (compatible; Googlebot/2.1; +http://www.google.com/bot.html)"
66.249.64.237 - - [13/Apr/2017:16:53:08 +0300] "GET / HTTP/1.1" 200 7012 "-" "Mozilla/5.0 (compatible; Googlebot/2.1; +http://www.google.com/bot.html)"
66.249.64.233 - - [13/Apr/2017:20:32:05 +0300] "GET / HTTP/1.1" 200 7012 "-" "Mozilla/5.0 (compatible; Googlebot/2.1; +http://www.google.com/bot.html)"
66.249.64.233 - - [14/Apr/2017:01:07:19 +0300] "GET / HTTP/1.1" 200 7012 "-" "Mozilla/5.0 (compatible; Googlebot/2.1; +http://www.google.com/bot.html)"
51.15.53.83 - - [14/Apr/2017:01:22:14 +0300] "GET / HTTP/1.1" 200 33525 "-" "Mozilla/5.0 (Windows NT 6.1) AppleWebKit/537.36 (KHTML, like Gecko) Chrome/27.0.1453.90 Safari/537.36"
66.249.64.233 - - [14/Apr/2017:04:08:37 +0300] "GET / HTTP/1.1" 200 7012 "-" "Mozilla/5.0 (compatible; Googlebot/2.1; +http://www.google.com/bot.html)"
66.249.64.233 - - [14/Apr/2017:04:46:48 +0300] "GET / HTTP/1.1" 200 7012 "-" "Mozilla/5.0 (compatible; Googlebot/2.1; +http://www.google.com/bot.html)"
66.249.64.237 - - [14/Apr/2017:06:37:12 +0300] "GET / HTTP/1.1" 200 7012 "-" "Mozilla/5.0 (compatible; Googlebot/2.1; +http://www.google.com/bot.html)"
66.249.64.229 - - [14/Apr/2017:09:41:44 +0300] "GET / HTTP/1.1" 200 7012 "-" "Mozilla/5.0 (compatible; Googlebot/2.1; +http://www.google.com/bot.html)"
195.210.139.130 - - [14/Apr/2017:10:55:15 +0300] "GET /libs/font-awesome-4.2.0/fonts/fontawesome-webfont.woff?v=4.2.0 HTTP/1.1" 304 0 "http://polyanka44.info/" "Mozilla/5.0 (Macintosh; Intel Mac OS X 10_10_5) AppleWebKit/603.1.30 (KHTML, like Gecko) Version/10.1 Safari/603.1.30"
195.210.139.130 - - [14/Apr/2017:10:55:15 +0300] "GET /fonts/RobotoLight/RobotoLight.woff HTTP/1.1" 304 0 "http://polyanka44.info/" "Mozilla/5.0 (Macintosh; Intel Mac OS X 10_10_5) AppleWebKit/603.1.30 (KHTML, like Gecko) Version/10.1 Safari/603.1.30"
195.210.139.130 - - [14/Apr/2017:11:09:50 +0300] "GET / HTTP/1.1" 200 7012 "-" "Mozilla/5.0 (Windows NT 6.1; WOW64) AppleWebKit/537.36 (KHTML, like Gecko) Chrome/49.0.2623.112 Safari/537.36"
195.210.139.130 - - [14/Apr/2017:11:09:55 +0300] "GET /fonts/RobotoLight/RobotoLight.woff HTTP/1.1" 200 25348 "http://polyanka44.info/css/fonts.css" "Mozilla/5.0 (Windows NT 6.1; WOW64) AppleWebKit/537.36 (KHTML, like Gecko) Chrome/49.0.2623.112 Safari/537.36"
195.210.139.130 - - [14/Apr/2017:11:09:55 +0300] "GET /libs/font-awesome-4.2.0/fonts/fontawesome-webfont.woff?v=4.2.0 HTTP/1.1" 200 65452 "http://polyanka44.info/libs/font-awesome-4.2.0/css/font-awesome.min.css" "Mozilla/5.0 (Windows NT 6.1; WOW64) AppleWebKit/537.36 (KHTML, like Gecko) Chrome/49.0.2623.112 Safari/537.36"
195.210.139.130 - - [14/Apr/2017:11:10:22 +0300] "GET /?name=&phone= HTTP/1.1" 200 7012 "http://polyanka44.info/" "Mozilla/5.0 (Windows NT 6.1; WOW64) AppleWebKit/537.36 (KHTML, like Gecko) Chrome/49.0.2623.112 Safari/537.36"
195.210.139.130 - - [14/Apr/2017:14:08:24 +0300] "GET / HTTP/1.1" 200 7012 "-" "Mozilla/5.0 (Macintosh; Intel Mac OS X 10_10_5) AppleWebKit/603.1.30 (KHTML, like Gecko) Version/10.1 Safari/603.1.30"
195.210.139.130 - - [14/Apr/2017:14:08:25 +0300] "GET /fonts/RobotoLight/RobotoLight.woff HTTP/1.1" 304 0 "http://polyanka44.info/" "Mozilla/5.0 (Macintosh; Intel Mac OS X 10_10_5) AppleWebKit/603.1.30 (KHTML, like Gecko) Version/10.1 Safari/603.1.30"
195.210.139.130 - - [14/Apr/2017:14:08:25 +0300] "GET /libs/font-awesome-4.2.0/fonts/fontawesome-webfont.woff?v=4.2.0 HTTP/1.1" 304 0 "http://polyanka44.info/" "Mozilla/5.0 (Macintosh; Intel Mac OS X 10_10_5) AppleWebKit/603.1.30 (KHTML, like Gecko) Version/10.1 Safari/603.1.30"
195.210.139.130 - - [14/Apr/2017:14:08:37 +0300] "GET / HTTP/1.1" 200 7012 "-" "Mozilla/5.0 (Macintosh; Intel Mac OS X 10_10_5) AppleWebKit/603.1.30 (KHTML, like Gecko) Version/10.1 Safari/603.1.30"
195.210.139.130 - - [14/Apr/2017:14:08:38 +0300] "GET /fonts/RobotoLight/RobotoLight.woff HTTP/1.1" 304 0 "http://polyanka44.info/" "Mozilla/5.0 (Macintosh; Intel Mac OS X 10_10_5) AppleWebKit/603.1.30 (KHTML, like Gecko) Version/10.1 Safari/603.1.30"
195.210.139.130 - - [14/Apr/2017:14:08:38 +0300] "GET /libs/font-awesome-4.2.0/fonts/fontawesome-webfont.woff?v=4.2.0 HTTP/1.1" 304 0 "http://polyanka44.info/" "Mozilla/5.0 (Macintosh; Intel Mac OS X 10_10_5) AppleWebKit/603.1.30 (KHTML, like Gecko) Version/10.1 Safari/603.1.30"
66.249.64.229 - - [14/Apr/2017:14:37:41 +0300] "GET / HTTP/1.1" 200 7012 "-" "Mozilla/5.0 (compatible; Googlebot/2.1; +http://www.google.com/bot.html)"
79.98.214.154 - - [14/Apr/2017:14:59:41 +0300] "GET / HTTP/1.1" 200 34777 "-" "Mozilla/5.0 (Windows NT 10.0; Win64; x64) AppleWebKit/537.36 (KHTML, like Gecko) Chrome/57.0.2987.133 Safari/537.36"
79.98.214.154 - - [14/Apr/2017:14:59:41 +0300] "GET /fonts/RobotoBold/RobotoBold.woff HTTP/1.1" 200 24724 "http://polyanka44.info/css/fonts.css" "Mozilla/5.0 (Windows NT 10.0; Win64; x64) AppleWebKit/537.36 (KHTML, like Gecko) Chrome/57.0.2987.133 Safari/537.36"
79.98.214.154 - - [14/Apr/2017:14:59:41 +0300] "GET /fonts/RobotoLight/RobotoLight.woff HTTP/1.1" 200 25348 "http://polyanka44.info/css/fonts.css" "Mozilla/5.0 (Windows NT 10.0; Win64; x64) AppleWebKit/537.36 (KHTML, like Gecko) Chrome/57.0.2987.133 Safari/537.36"
79.98.214.154 - - [14/Apr/2017:14:59:41 +0300] "GET /libs/font-awesome-4.2.0/fonts/fontawesome-webfont.woff?v=4.2.0 HTTP/1.1" 200 65452 "http://polyanka44.info/libs/font-awesome-4.2.0/css/font-awesome.min.css" "Mozilla/5.0 (Windows NT 10.0; Win64; x64) AppleWebKit/537.36 (KHTML, like Gecko) Chrome/57.0.2987.133 Safari/537.36"
79.98.214.154 - - [14/Apr/2017:14:59:45 +0300] "GET / HTTP/1.1" 304 0 "-" "Mozilla/5.0 (Windows NT 10.0; Win64; x64) AppleWebKit/537.36 (KHTML, like Gecko) Chrome/57.0.2987.133 Safari/537.36"
79.98.214.154 - - [14/Apr/2017:14:59:46 +0300] "GET /fonts/RobotoBold/RobotoBold.woff HTTP/1.1" 304 0 "http://polyanka44.info/css/fonts.css" "Mozilla/5.0 (Windows NT 10.0; Win64; x64) AppleWebKit/537.36 (KHTML, like Gecko) Chrome/57.0.2987.133 Safari/537.36"
79.98.214.154 - - [14/Apr/2017:14:59:46 +0300] "GET /fonts/RobotoLight/RobotoLight.woff HTTP/1.1" 304 0 "http://polyanka44.info/css/fonts.css" "Mozilla/5.0 (Windows NT 10.0; Win64; x64) AppleWebKit/537.36 (KHTML, like Gecko) Chrome/57.0.2987.133 Safari/537.36"
79.98.214.154 - - [14/Apr/2017:14:59:46 +0300] "GET /libs/font-awesome-4.2.0/fonts/fontawesome-webfont.woff?v=4.2.0 HTTP/1.1" 304 0 "http://polyanka44.info/libs/font-awesome-4.2.0/css/font-awesome.min.css" "Mozilla/5.0 (Windows NT 10.0; Win64; x64) AppleWebKit/537.36 (KHTML, like Gecko) Chrome/57.0.2987.133 Safari/537.36"
79.98.214.154 - - [14/Apr/2017:14:59:57 +0300] "GET /?name=dasd&phone=%2B74546546546546 HTTP/1.1" 200 34777 "http://polyanka44.info/" "Mozilla/5.0 (Windows NT 10.0; Win64; x64) AppleWebKit/537.36 (KHTML, like Gecko) Chrome/57.0.2987.133 Safari/537.36"
79.98.214.154 - - [14/Apr/2017:14:59:57 +0300] "GET /fonts/RobotoBold/RobotoBold.woff HTTP/1.1" 304 0 "http://polyanka44.info/css/fonts.css" "Mozilla/5.0 (Windows NT 10.0; Win64; x64) AppleWebKit/537.36 (KHTML, like Gecko) Chrome/57.0.2987.133 Safari/537.36"
79.98.214.154 - - [14/Apr/2017:14:59:57 +0300] "GET /fonts/RobotoLight/RobotoLight.woff HTTP/1.1" 304 0 "http://polyanka44.info/css/fonts.css" "Mozilla/5.0 (Windows NT 10.0; Win64; x64) AppleWebKit/537.36 (KHTML, like Gecko) Chrome/57.0.2987.133 Safari/537.36"
79.98.214.154 - - [14/Apr/2017:14:59:57 +0300] "GET /libs/font-awesome-4.2.0/fonts/fontawesome-webfont.woff?v=4.2.0 HTTP/1.1" 304 0 "http://polyanka44.info/libs/font-awesome-4.2.0/css/font-awesome.min.css" "Mozilla/5.0 (Windows NT 10.0; Win64; x64) AppleWebKit/537.36 (KHTML, like Gecko) Chrome/57.0.2987.133 Safari/537.36"
79.98.214.154 - - [14/Apr/2017:15:00:01 +0300] "GET /?name=dasd&phone=%2B74546546546546 HTTP/1.1" 200 34777 "http://polyanka44.info/" "Mozilla/5.0 (Windows NT 10.0; Win64; x64) AppleWebKit/537.36 (KHTML, like Gecko) Chrome/57.0.2987.133 Safari/537.36"
79.98.214.154 - - [14/Apr/2017:15:00:01 +0300] "GET /fonts/RobotoLight/RobotoLight.woff HTTP/1.1" 200 25348 "http://polyanka44.info/css/fonts.css" "Mozilla/5.0 (Windows NT 10.0; Win64; x64) AppleWebKit/537.36 (KHTML, like Gecko) Chrome/57.0.2987.133 Safari/537.36"
79.98.214.154 - - [14/Apr/2017:15:00:01 +0300] "GET /fonts/RobotoBold/RobotoBold.woff HTTP/1.1" 200 24724 "http://polyanka44.info/css/fonts.css" "Mozilla/5.0 (Windows NT 10.0; Win64; x64) AppleWebKit/537.36 (KHTML, like Gecko) Chrome/57.0.2987.133 Safari/537.36"
79.98.214.154 - - [14/Apr/2017:15:00:01 +0300] "GET /libs/font-awesome-4.2.0/fonts/fontawesome-webfont.woff?v=4.2.0 HTTP/1.1" 200 65452 "http://polyanka44.info/libs/font-awesome-4.2.0/css/font-awesome.min.css" "Mozilla/5.0 (Windows NT 10.0; Win64; x64) AppleWebKit/537.36 (KHTML, like Gecko) Chrome/57.0.2987.133 Safari/537.36"
79.98.214.154 - - [14/Apr/2017:15:00:11 +0300] "GET /?name=dasdasd&phone=%2B79169485555 HTTP/1.1" 200 34777 "http://polyanka44.info/?name=dasd&phone=%2B74546546546546" "Mozilla/5.0 (Windows NT 10.0; Win64; x64) AppleWebKit/537.36 (KHTML, like Gecko) Chrome/57.0.2987.133 Safari/537.36"
79.98.214.154 - - [14/Apr/2017:15:00:11 +0300] "GET /fonts/RobotoBold/RobotoBold.woff HTTP/1.1" 304 0 "http://polyanka44.info/css/fonts.css" "Mozilla/5.0 (Windows NT 10.0; Win64; x64) AppleWebKit/537.36 (KHTML, like Gecko) Chrome/57.0.2987.133 Safari/537.36"
79.98.214.154 - - [14/Apr/2017:15:00:11 +0300] "GET /fonts/RobotoLight/RobotoLight.woff HTTP/1.1" 304 0 "http://polyanka44.info/css/fonts.css" "Mozilla/5.0 (Windows NT 10.0; Win64; x64) AppleWebKit/537.36 (KHTML, like Gecko) Chrome/57.0.2987.133 Safari/537.36"
79.98.214.154 - - [14/Apr/2017:15:00:11 +0300] "GET /libs/font-awesome-4.2.0/fonts/fontawesome-webfont.woff?v=4.2.0 HTTP/1.1" 304 0 "http://polyanka44.info/libs/font-awesome-4.2.0/css/font-awesome.min.css" "Mozilla/5.0 (Windows NT 10.0; Win64; x64) AppleWebKit/537.36 (KHTML, like Gecko) Chrome/57.0.2987.133 Safari/537.36"
79.98.214.154 - - [14/Apr/2017:15:00:14 +0300] "GET /?name=dasdasd&phone=%2B79169485555 HTTP/1.1" 200 34777 "http://polyanka44.info/?name=dasd&phone=%2B74546546546546" "Mozilla/5.0 (Windows NT 10.0; Win64; x64) AppleWebKit/537.36 (KHTML, like Gecko) Chrome/57.0.2987.133 Safari/537.36"
79.98.214.154 - - [14/Apr/2017:15:00:14 +0300] "GET /fonts/RobotoBold/RobotoBold.woff HTTP/1.1" 200 24724 "http://polyanka44.info/css/fonts.css" "Mozilla/5.0 (Windows NT 10.0; Win64; x64) AppleWebKit/537.36 (KHTML, like Gecko) Chrome/57.0.2987.133 Safari/537.36"
79.98.214.154 - - [14/Apr/2017:15:00:14 +0300] "GET /fonts/RobotoLight/RobotoLight.woff HTTP/1.1" 200 25348 "http://polyanka44.info/css/fonts.css" "Mozilla/5.0 (Windows NT 10.0; Win64; x64) AppleWebKit/537.36 (KHTML, like Gecko) Chrome/57.0.2987.133 Safari/537.36"
79.98.214.154 - - [14/Apr/2017:15:00:14 +0300] "GET /libs/font-awesome-4.2.0/fonts/fontawesome-webfont.woff?v=4.2.0 HTTP/1.1" 200 65452 "http://polyanka44.info/libs/font-awesome-4.2.0/css/font-awesome.min.css" "Mozilla/5.0 (Windows NT 10.0; Win64; x64) AppleWebKit/537.36 (KHTML, like Gecko) Chrome/57.0.2987.133 Safari/537.36"
79.98.214.154 - - [14/Apr/2017:15:05:08 +0300] "GET /?name=dasdasd&phone=%2B79169485555Synchronous%20XMLHttpRequest%20on%20the%20main%20thread%20is%20deprecated%20because%20of%20its%20detrimental%20effects%20to%20the%20end%20user%27s%20experience. HTTP/1.1" 200 34777 "-" "Mozilla/5.0 (Windows NT 10.0; Win64; x64) AppleWebKit/537.36 (KHTML, like Gecko) Chrome/57.0.2987.133 Safari/537.36"
79.98.214.154 - - [14/Apr/2017:15:05:08 +0300] "GET /fonts/RobotoBold/RobotoBold.woff HTTP/1.1" 304 0 "http://polyanka44.info/css/fonts.css" "Mozilla/5.0 (Windows NT 10.0; Win64; x64) AppleWebKit/537.36 (KHTML, like Gecko) Chrome/57.0.2987.133 Safari/537.36"
79.98.214.154 - - [14/Apr/2017:15:05:08 +0300] "GET /fonts/RobotoLight/RobotoLight.woff HTTP/1.1" 304 0 "http://polyanka44.info/css/fonts.css" "Mozilla/5.0 (Windows NT 10.0; Win64; x64) AppleWebKit/537.36 (KHTML, like Gecko) Chrome/57.0.2987.133 Safari/537.36"
79.98.214.154 - - [14/Apr/2017:15:05:08 +0300] "GET /libs/font-awesome-4.2.0/fonts/fontawesome-webfont.woff?v=4.2.0 HTTP/1.1" 304 0 "http://polyanka44.info/libs/font-awesome-4.2.0/css/font-awesome.min.css" "Mozilla/5.0 (Windows NT 10.0; Win64; x64) AppleWebKit/537.36 (KHTML, like Gecko) Chrome/57.0.2987.133 Safari/537.36"
195.210.139.130 - - [14/Apr/2017:16:37:48 +0300] "GET /?name=%D0%98%D1%80%D0%B8%D0%BD%D0%B0&phone=84959567799 HTTP/1.1" 200 7135 "http://polyanka44.info/" "Mozilla/5.0 (Windows NT 6.1; WOW64) AppleWebKit/537.36 (KHTML, like Gecko) Chrome/49.0.2623.112 Safari/537.36"
195.210.139.130 - - [14/Apr/2017:16:38:28 +0300] "GET /?name=test&phone=%2B74959567799 HTTP/1.1" 200 7135 "http://polyanka44.info/?name=%D0%98%D1%80%D0%B8%D0%BD%D0%B0&phone=84959567799" "Mozilla/5.0 (Windows NT 6.1; WOW64) AppleWebKit/537.36 (KHTML, like Gecko) Chrome/49.0.2623.112 Safari/537.36"
195.210.139.130 - - [14/Apr/2017:16:44:22 +0300] "GET / HTTP/1.1" 200 7135 "-" "Mozilla/5.0 (Windows NT 6.1; Win64; x64) AppleWebKit/537.36 (KHTML, like Gecko) Chrome/57.0.2987.133 Safari/537.36"
195.210.139.130 - - [14/Apr/2017:16:44:22 +0300] "GET /fonts/RobotoBold/RobotoBold.woff HTTP/1.1" 200 24724 "http://polyanka44.info/css/fonts.css" "Mozilla/5.0 (Windows NT 6.1; Win64; x64) AppleWebKit/537.36 (KHTML, like Gecko) Chrome/57.0.2987.133 Safari/537.36"
195.210.139.130 - - [14/Apr/2017:16:44:22 +0300] "GET /fonts/RobotoLight/RobotoLight.woff HTTP/1.1" 200 25348 "http://polyanka44.info/css/fonts.css" "Mozilla/5.0 (Windows NT 6.1; Win64; x64) AppleWebKit/537.36 (KHTML, like Gecko) Chrome/57.0.2987.133 Safari/537.36"
195.210.139.130 - - [14/Apr/2017:16:44:22 +0300] "GET /libs/font-awesome-4.2.0/fonts/fontawesome-webfont.woff?v=4.2.0 HTTP/1.1" 200 65452 "http://polyanka44.info/libs/font-awesome-4.2.0/css/font-awesome.min.css" "Mozilla/5.0 (Windows NT 6.1; Win64; x64) AppleWebKit/537.36 (KHTML, like Gecko) Chrome/57.0.2987.133 Safari/537.36"
195.210.139.130 - - [14/Apr/2017:16:44:34 +0300] "POST /mail.php HTTP/1.1" 200 31 "http://polyanka44.info/" "Mozilla/5.0 (Windows NT 6.1; Win64; x64) AppleWebKit/537.36 (KHTML, like Gecko) Chrome/57.0.2987.133 Safari/537.36"
195.210.139.130 - - [14/Apr/2017:16:44:46 +0300] "GET /?name=test&phone=4959567799 HTTP/1.1" 200 7135 "http://polyanka44.info/" "Mozilla/5.0 (Windows NT 6.1; Win64; x64) AppleWebKit/537.36 (KHTML, like Gecko) Chrome/57.0.2987.133 Safari/537.36"
195.210.139.130 - - [14/Apr/2017:16:45:01 +0300] "POST /mail.php HTTP/1.1" 200 31 "http://polyanka44.info/?name=test&phone=4959567799" "Mozilla/5.0 (Windows NT 6.1; Win64; x64) AppleWebKit/537.36 (KHTML, like Gecko) Chrome/57.0.2987.133 Safari/537.36"
195.210.139.130 - - [14/Apr/2017:16:45:24 +0300] "GET / HTTP/1.1" 200 7135 "-" "Mozilla/5.0 (Linux; Android 5.0.1; SAMSUNG GT-I9500 Build/LRX22C) AppleWebKit/537.36 (KHTML, like Gecko) SamsungBrowser/2.1 Chrome/34.0.1847.76 Mobile Safari/537.36"
195.210.139.130 - - [14/Apr/2017:16:45:27 +0300] "GET /fonts/RobotoBold/RobotoBold.woff HTTP/1.1" 200 24724 "http://polyanka44.info/" "Mozilla/5.0 (Linux; Android 5.0.1; SAMSUNG GT-I9500 Build/LRX22C) AppleWebKit/537.36 (KHTML, like Gecko) SamsungBrowser/2.1 Chrome/34.0.1847.76 Mobile Safari/537.36"
195.210.139.130 - - [14/Apr/2017:16:45:27 +0300] "GET /fonts/RobotoLight/RobotoLight.woff HTTP/1.1" 200 25348 "http://polyanka44.info/" "Mozilla/5.0 (Linux; Android 5.0.1; SAMSUNG GT-I9500 Build/LRX22C) AppleWebKit/537.36 (KHTML, like Gecko) SamsungBrowser/2.1 Chrome/34.0.1847.76 Mobile Safari/537.36"
195.210.139.130 - - [14/Apr/2017:16:45:27 +0300] "GET /libs/font-awesome-4.2.0/fonts/fontawesome-webfont.woff?v=4.2.0 HTTP/1.1" 200 65452 "http://polyanka44.info/" "Mozilla/5.0 (Linux; Android 5.0.1; SAMSUNG GT-I9500 Build/LRX22C) AppleWebKit/537.36 (KHTML, like Gecko) SamsungBrowser/2.1 Chrome/34.0.1847.76 Mobile Safari/537.36"
195.210.139.130 - - [14/Apr/2017:16:46:41 +0300] "GET / HTTP/1.1" 200 7135 "-" "Mozilla/5.0 (Windows NT 6.1; WOW64) AppleWebKit/537.36 (KHTML, like Gecko) Chrome/49.0.2623.112 Safari/537.36"
66.249.64.229 - - [14/Apr/2017:18:38:37 +0300] "GET / HTTP/1.1" 200 7135 "-" "Mozilla/5.0 (compatible; Googlebot/2.1; +http://www.google.com/bot.html)"
109.252.76.36 - - [14/Apr/2017:22:15:31 +0300] "GET / HTTP/1.1" 200 7135 "-" "Mozilla/5.0 (Linux; Android 5.0.1; SAMSUNG GT-I9500 Build/LRX22C) AppleWebKit/537.36 (KHTML, like Gecko) SamsungBrowser/2.1 Chrome/34.0.1847.76 Mobile Safari/537.36"
91.189.112.7 - - [14/Apr/2017:22:57:15 +0300] "GET / HTTP/1.1" 200 34777 "-" "Mozilla/5.0 (Windows NT 10.0; WOW64; rv:44.0) Gecko/20100101 Firefox/44.0"
66.249.64.237 - - [14/Apr/2017:23:14:54 +0300] "GET / HTTP/1.1" 200 7135 "-" "Mozilla/5.0 (compatible; Googlebot/2.1; +http://www.google.com/bot.html)"
66.249.64.229 - - [15/Apr/2017:04:21:35 +0300] "GET / HTTP/1.1" 200 7135 "-" "Mozilla/5.0 (compatible; Googlebot/2.1; +http://www.google.com/bot.html)"
66.249.64.233 - - [15/Apr/2017:09:39:47 +0300] "GET / HTTP/1.1" 200 7135 "-" "Mozilla/5.0 (compatible; Googlebot/2.1; +http://www.google.com/bot.html)"
216.145.5.42 - - [15/Apr/2017:14:38:15 +0300] "GET / HTTP/1.1" 200 7135 "http://whois.domaintools.com/polyanka44.info" "Mozilla/5.0 (Windows; U; Windows NT 5.1; en; rv:1.9.0.13) Gecko/2009073022 Firefox/3.5.2 (.NET CLR 3.5.30729) SurveyBot/2.3 (DomainTools)"
94.217.100.54 - - [15/Apr/2017:19:24:19 +0300] "GET / HTTP/1.1" 200 7135 "-" "Mozilla/5.0 (Windows NT 10.0; WOW64; rv:52.0) Gecko/20100101 Firefox/52.0"
94.217.100.54 - - [15/Apr/2017:19:24:21 +0300] "GET /fonts/RobotoBold/RobotoBold.woff HTTP/1.1" 200 24724 "http://polyanka44.info/css/fonts.css" "Mozilla/5.0 (Windows NT 10.0; WOW64; rv:52.0) Gecko/20100101 Firefox/52.0"
94.217.100.54 - - [15/Apr/2017:19:24:22 +0300] "GET /fonts/RobotoLight/RobotoLight.woff HTTP/1.1" 200 25348 "http://polyanka44.info/css/fonts.css" "Mozilla/5.0 (Windows NT 10.0; WOW64; rv:52.0) Gecko/20100101 Firefox/52.0"
94.217.100.54 - - [15/Apr/2017:19:24:22 +0300] "GET /libs/font-awesome-4.2.0/fonts/fontawesome-webfont.woff?v=4.2.0 HTTP/1.1" 200 65452 "http://polyanka44.info/libs/font-awesome-4.2.0/css/font-awesome.min.css" "Mozilla/5.0 (Windows NT 10.0; WOW64; rv:52.0) Gecko/20100101 Firefox/52.0"
66.249.64.229 - - [15/Apr/2017:19:52:24 +0300] "GET / HTTP/1.1" 200 7135 "-" "Mozilla/5.0 (compatible; Googlebot/2.1; +http://www.google.com/bot.html)"
66.249.64.233 - - [15/Apr/2017:21:25:06 +0300] "GET / HTTP/1.1" 200 7135 "-" "Mozilla/5.0 (compatible; Googlebot/2.1; +http://www.google.com/bot.html)"
66.249.64.233 - - [16/Apr/2017:07:29:37 +0300] "GET / HTTP/1.1" 200 7135 "-" "Mozilla/5.0 (compatible; Googlebot/2.1; +http://www.google.com/bot.html)"
66.249.64.229 - - [16/Apr/2017:07:29:39 +0300] "GET / HTTP/1.1" 200 7135 "-" "Mozilla/5.0 (compatible; Googlebot/2.1; +http://www.google.com/bot.html)"
66.249.64.237 - - [16/Apr/2017:13:02:21 +0300] "GET / HTTP/1.1" 200 7135 "-" "Mozilla/5.0 (compatible; Googlebot/2.1; +http://www.google.com/bot.html)"
188.35.131.182 - - [16/Apr/2017:16:31:52 +0300] "GET / HTTP/1.1" 200 7135 "-" "Mozilla/5.0 (Macintosh; Intel Mac OS X 10_12_4) AppleWebKit/603.1.30 (KHTML, like Gecko) Version/10.1 Safari/603.1.30"
188.35.131.182 - - [16/Apr/2017:16:31:52 +0300] "GET /libs/font-awesome-4.2.0/fonts/fontawesome-webfont.woff?v=4.2.0 HTTP/1.1" 200 65452 "http://polyanka44.info/" "Mozilla/5.0 (Macintosh; Intel Mac OS X 10_12_4) AppleWebKit/603.1.30 (KHTML, like Gecko) Version/10.1 Safari/603.1.30"
188.35.131.182 - - [16/Apr/2017:16:31:52 +0300] "GET /fonts/RobotoLight/RobotoLight.woff HTTP/1.1" 200 25348 "http://polyanka44.info/" "Mozilla/5.0 (Macintosh; Intel Mac OS X 10_12_4) AppleWebKit/603.1.30 (KHTML, like Gecko) Version/10.1 Safari/603.1.30"
188.35.131.182 - - [16/Apr/2017:16:31:52 +0300] "GET /fonts/RobotoBold/RobotoBold.woff HTTP/1.1" 200 24724 "http://polyanka44.info/" "Mozilla/5.0 (Macintosh; Intel Mac OS X 10_12_4) AppleWebKit/603.1.30 (KHTML, like Gecko) Version/10.1 Safari/603.1.30"
188.35.131.182 - - [16/Apr/2017:16:32:07 +0300] "GET /?name=%D0%A1%D0%B5%D1%80%D0%B3%D0%B5%D0%B9&phone=89243342876 HTTP/1.1" 200 7135 "http://polyanka44.info/" "Mozilla/5.0 (Macintosh; Intel Mac OS X 10_12_4) AppleWebKit/603.1.30 (KHTML, like Gecko) Version/10.1 Safari/603.1.30"
66.249.64.237 - - [16/Apr/2017:16:55:56 +0300] "GET / HTTP/1.1" 200 7135 "-" "Mozilla/5.0 (compatible; Googlebot/2.1; +http://www.google.com/bot.html)"
188.35.131.182 - - [16/Apr/2017:16:59:57 +0300] "GET / HTTP/1.1" 200 7135 "-" "Mozilla/5.0 (Macintosh; Intel Mac OS X 10_12_4) AppleWebKit/603.1.30 (KHTML, like Gecko) Version/10.1 Safari/603.1.30"
188.35.131.182 - - [16/Apr/2017:16:59:58 +0300] "GET /fonts/RobotoLight/RobotoLight.woff HTTP/1.1" 200 25348 "http://polyanka44.info/" "Mozilla/5.0 (Macintosh; Intel Mac OS X 10_12_4) AppleWebKit/603.1.30 (KHTML, like Gecko) Version/10.1 Safari/603.1.30"
188.35.131.182 - - [16/Apr/2017:16:59:58 +0300] "GET /fonts/RobotoBold/RobotoBold.woff HTTP/1.1" 200 24724 "http://polyanka44.info/" "Mozilla/5.0 (Macintosh; Intel Mac OS X 10_12_4) AppleWebKit/603.1.30 (KHTML, like Gecko) Version/10.1 Safari/603.1.30"
188.35.131.182 - - [16/Apr/2017:16:59:58 +0300] "GET /libs/font-awesome-4.2.0/fonts/fontawesome-webfont.woff?v=4.2.0 HTTP/1.1" 200 65452 "http://polyanka44.info/" "Mozilla/5.0 (Macintosh; Intel Mac OS X 10_12_4) AppleWebKit/603.1.30 (KHTML, like Gecko) Version/10.1 Safari/603.1.30"
66.249.64.233 - - [16/Apr/2017:19:38:35 +0300] "GET / HTTP/1.1" 200 7135 "-" "Mozilla/5.0 (compatible; Googlebot/2.1; +http://www.google.com/bot.html)"
158.69.25.178 - - [16/Apr/2017:22:03:08 +0300] "GET / HTTP/1.1" 200 7135 "-" "Mozilla/5.0 (X11; Ubuntu; Linux x86_64; rv:49.0) Gecko/20100101 Firefox/49.0"
66.249.64.233 - - [16/Apr/2017:22:28:21 +0300] "GET / HTTP/1.1" 200 7135 "-" "Mozilla/5.0 (compatible; Googlebot/2.1; +http://www.google.com/bot.html)"
66.249.64.237 - - [17/Apr/2017:00:09:19 +0300] "GET / HTTP/1.1" 200 7135 "-" "Mozilla/5.0 (compatible; Googlebot/2.1; +http://www.google.com/bot.html)"
66.249.64.237 - - [17/Apr/2017:01:45:51 +0300] "GET / HTTP/1.1" 200 7135 "-" "Mozilla/5.0 (compatible; Googlebot/2.1; +http://www.google.com/bot.html)"
66.249.64.229 - - [17/Apr/2017:02:57:00 +0300] "GET / HTTP/1.1" 200 7135 "-" "Mozilla/5.0 (compatible; Googlebot/2.1; +http://www.google.com/bot.html)"
66.249.64.233 - - [17/Apr/2017:04:08:39 +0300] "GET / HTTP/1.1" 200 7135 "-" "Mozilla/5.0 (compatible; Googlebot/2.1; +http://www.google.com/bot.html)"
66.249.64.229 - - [17/Apr/2017:10:37:47 +0300] "GET / HTTP/1.1" 200 7135 "-" "Mozilla/5.0 (compatible; Googlebot/2.1; +http://www.google.com/bot.html)"
66.249.64.229 - - [17/Apr/2017:14:05:37 +0300] "GET / HTTP/1.1" 200 7135 "-" "Mozilla/5.0 (compatible; Googlebot/2.1; +http://www.google.com/bot.html)"
66.249.64.233 - - [17/Apr/2017:20:25:29 +0300] "GET / HTTP/1.1" 200 7135 "-" "Mozilla/5.0 (compatible; Googlebot/2.1; +http://www.google.com/bot.html)"
188.35.131.182 - - [17/Apr/2017:22:10:00 +0300] "GET / HTTP/1.1" 200 7135 "-" "Mozilla/5.0 (Macintosh; Intel Mac OS X 10_12_4) AppleWebKit/603.1.30 (KHTML, like Gecko) Version/10.1 Safari/603.1.30"
188.35.131.182 - - [17/Apr/2017:22:10:09 +0300] "GET /fonts/RobotoLight/RobotoLight.woff HTTP/1.1" 200 25348 "http://polyanka44.info/" "Mozilla/5.0 (Macintosh; Intel Mac OS X 10_12_4) AppleWebKit/603.1.30 (KHTML, like Gecko) Version/10.1 Safari/603.1.30"
188.35.131.182 - - [17/Apr/2017:22:10:09 +0300] "GET /fonts/RobotoBold/RobotoBold.woff HTTP/1.1" 200 24724 "http://polyanka44.info/" "Mozilla/5.0 (Macintosh; Intel Mac OS X 10_12_4) AppleWebKit/603.1.30 (KHTML, like Gecko) Version/10.1 Safari/603.1.30"
188.35.131.182 - - [17/Apr/2017:22:10:10 +0300] "GET /libs/font-awesome-4.2.0/fonts/fontawesome-webfont.woff?v=4.2.0 HTTP/1.1" 200 65452 "http://polyanka44.info/" "Mozilla/5.0 (Macintosh; Intel Mac OS X 10_12_4) AppleWebKit/603.1.30 (KHTML, like Gecko) Version/10.1 Safari/603.1.30"
93.94.158.240 - - [17/Apr/2017:22:24:31 +0300] "GET / HTTP/1.1" 200 7135 "-" "Mozilla/5.0 (Windows NT 6.1; Win64; x64) AppleWebKit/537.36 (KHTML, like Gecko) Chrome/56.0.2924.87 Safari/537.36"
93.94.158.240 - - [17/Apr/2017:22:24:32 +0300] "GET /fonts/RobotoBold/RobotoBold.woff HTTP/1.1" 200 24724 "http://polyanka44.info/css/fonts.css" "Mozilla/5.0 (Windows NT 6.1; Win64; x64) AppleWebKit/537.36 (KHTML, like Gecko) Chrome/56.0.2924.87 Safari/537.36"
93.94.158.240 - - [17/Apr/2017:22:24:32 +0300] "GET /fonts/RobotoLight/RobotoLight.woff HTTP/1.1" 200 25348 "http://polyanka44.info/css/fonts.css" "Mozilla/5.0 (Windows NT 6.1; Win64; x64) AppleWebKit/537.36 (KHTML, like Gecko) Chrome/56.0.2924.87 Safari/537.36"
93.94.158.240 - - [17/Apr/2017:22:24:32 +0300] "GET /libs/font-awesome-4.2.0/fonts/fontawesome-webfont.woff?v=4.2.0 HTTP/1.1" 200 65452 "http://polyanka44.info/libs/font-awesome-4.2.0/css/font-awesome.min.css" "Mozilla/5.0 (Windows NT 6.1; Win64; x64) AppleWebKit/537.36 (KHTML, like Gecko) Chrome/56.0.2924.87 Safari/537.36"
66.249.64.237 - - [17/Apr/2017:23:12:59 +0300] "GET / HTTP/1.1" 200 7135 "-" "Mozilla/5.0 (compatible; Googlebot/2.1; +http://www.google.com/bot.html)"
66.249.64.229 - - [17/Apr/2017:23:28:54 +0300] "GET / HTTP/1.1" 200 7135 "-" "Mozilla/5.0 (compatible; Googlebot/2.1; +http://www.google.com/bot.html)"
148.62.14.156 - - [18/Apr/2017:01:40:26 +0300] "GET / HTTP/1.1" 200 7135 "-" "Mozilla/5.0 (Windows NT 6.1; WOW64) AppleWebKit/534.24 (KHTML, like Gecko) Chrome/11.0.696.71 Safari/534.24"
148.62.14.156 - - [18/Apr/2017:02:28:20 +0300] "GET / HTTP/1.1" 200 7135 "http://polyanka44.info/" "Mozilla/5.0 (Windows NT 6.1; WOW64) AppleWebKit/534.24 (KHTML, like Gecko) Chrome/11.0.696.71 Safari/534.24"
66.249.66.118 - - [18/Apr/2017:05:28:07 +0300] "GET / HTTP/1.1" 200 7135 "-" "Mozilla/5.0 (compatible; Googlebot/2.1; +http://www.google.com/bot.html)"
66.249.64.237 - - [18/Apr/2017:08:00:51 +0300] "GET / HTTP/1.1" 200 7135 "-" "Mozilla/5.0 (compatible; Googlebot/2.1; +http://www.google.com/bot.html)"
66.249.64.229 - - [18/Apr/2017:08:55:26 +0300] "GET / HTTP/1.1" 200 7135 "-" "Mozilla/5.0 (compatible; Googlebot/2.1; +http://www.google.com/bot.html)"
66.249.64.237 - - [18/Apr/2017:09:31:26 +0300] "GET / HTTP/1.1" 200 7135 "-" "Mozilla/5.0 (compatible; Googlebot/2.1; +http://www.google.com/bot.html)"
66.249.64.229 - - [18/Apr/2017:13:29:46 +0300] "GET / HTTP/1.1" 200 7135 "-" "Mozilla/5.0 (compatible; Googlebot/2.1; +http://www.google.com/bot.html)"
66.249.64.233 - - [18/Apr/2017:15:33:09 +0300] "GET / HTTP/1.1" 200 7135 "-" "Mozilla/5.0 (compatible; Googlebot/2.1; +http://www.google.com/bot.html)"
66.249.64.233 - - [18/Apr/2017:17:14:35 +0300] "GET / HTTP/1.1" 200 7135 "-" "Mozilla/5.0 (compatible; Googlebot/2.1; +http://www.google.com/bot.html)"
66.249.64.237 - - [18/Apr/2017:21:14:36 +0300] "GET / HTTP/1.1" 200 7135 "-" "Mozilla/5.0 (compatible; Googlebot/2.1; +http://www.google.com/bot.html)"
66.249.64.233 - - [18/Apr/2017:23:51:37 +0300] "GET / HTTP/1.1" 200 7135 "-" "Mozilla/5.0 (compatible; Googlebot/2.1; +http://www.google.com/bot.html)"
66.249.64.229 - - [19/Apr/2017:00:01:30 +0300] "GET / HTTP/1.1" 200 7135 "-" "Mozilla/5.0 (compatible; Googlebot/2.1; +http://www.google.com/bot.html)"
66.249.64.237 - - [19/Apr/2017:03:43:03 +0300] "GET / HTTP/1.1" 200 7135 "-" "Mozilla/5.0 (compatible; Googlebot/2.1; +http://www.google.com/bot.html)"
66.249.64.229 - - [19/Apr/2017:07:29:38 +0300] "GET / HTTP/1.1" 200 7135 "-" "Mozilla/5.0 (compatible; Googlebot/2.1; +http://www.google.com/bot.html)"
66.249.64.237 - - [19/Apr/2017:10:54:40 +0300] "GET / HTTP/1.1" 200 7135 "-" "Mozilla/5.0 (compatible; Googlebot/2.1; +http://www.google.com/bot.html)"
146.185.144.64 - - [19/Apr/2017:11:23:35 +0300] "GET / HTTP/1.1" 200 7135 "-" "Mozilla/5.0 (Windows NT 6.0) AppleWebKit/537.36 (KHTML, like Gecko) Chrome/34.0.1847.116 Safari/537.36"
66.249.64.233 - - [19/Apr/2017:12:27:20 +0300] "GET / HTTP/1.1" 200 7135 "-" "Mozilla/5.0 (compatible; Googlebot/2.1; +http://www.google.com/bot.html)"
66.249.64.229 - - [19/Apr/2017:16:56:27 +0300] "GET / HTTP/1.1" 200 7135 "-" "Mozilla/5.0 (compatible; Googlebot/2.1; +http://www.google.com/bot.html)"
66.249.64.237 - - [19/Apr/2017:17:12:15 +0300] "GET / HTTP/1.1" 200 7135 "-" "Mozilla/5.0 (compatible; Googlebot/2.1; +http://www.google.com/bot.html)"
66.249.64.237 - - [19/Apr/2017:19:04:13 +0300] "GET / HTTP/1.1" 200 7135 "-" "Mozilla/5.0 (compatible; Googlebot/2.1; +http://www.google.com/bot.html)"
66.249.64.237 - - [19/Apr/2017:19:09:22 +0300] "GET / HTTP/1.1" 200 7135 "-" "Mozilla/5.0 (compatible; Googlebot/2.1; +http://www.google.com/bot.html)"
66.249.64.233 - - [19/Apr/2017:20:15:51 +0300] "GET / HTTP/1.1" 200 7135 "-" "Mozilla/5.0 (compatible; Googlebot/2.1; +http://www.google.com/bot.html)"
66.249.64.237 - - [19/Apr/2017:20:15:52 +0300] "GET / HTTP/1.1" 200 7135 "-" "Mozilla/5.0 (compatible; Googlebot/2.1; +http://www.google.com/bot.html)"
91.189.112.7 - - [19/Apr/2017:20:41:54 +0300] "GET / HTTP/1.1" 200 34777 "-" "Mozilla/5.0 (Macintosh; Intel Mac OS X 10_11_3) AppleWebKit/601.4.4 (KHTML, like Gecko) Version/9.0.3 Safari/601.4.4"
66.249.64.102 - - [19/Apr/2017:21:52:11 +0300] "GET / HTTP/1.1" 200 7135 "-" "Mozilla/5.0 (compatible; Googlebot/2.1; +http://www.google.com/bot.html)"
66.249.64.237 - - [20/Apr/2017:01:09:12 +0300] "GET / HTTP/1.1" 200 7135 "-" "Mozilla/5.0 (compatible; Googlebot/2.1; +http://www.google.com/bot.html)"
66.249.64.233 - - [20/Apr/2017:02:22:52 +0300] "GET / HTTP/1.1" 200 7135 "-" "Mozilla/5.0 (compatible; Googlebot/2.1; +http://www.google.com/bot.html)"
66.249.64.102 - - [20/Apr/2017:04:49:29 +0300] "GET / HTTP/1.1" 200 7135 "-" "Mozilla/5.0 (compatible; Googlebot/2.1; +http://www.google.com/bot.html)"
66.249.64.233 - - [20/Apr/2017:08:35:54 +0300] "GET / HTTP/1.1" 200 7135 "-" "Mozilla/5.0 (compatible; Googlebot/2.1; +http://www.google.com/bot.html)"
66.249.64.229 - - [20/Apr/2017:10:15:52 +0300] "GET / HTTP/1.1" 200 7135 "-" "Mozilla/5.0 (compatible; Googlebot/2.1; +http://www.google.com/bot.html)"
66.249.64.237 - - [20/Apr/2017:12:01:48 +0300] "GET / HTTP/1.1" 200 7135 "-" "Mozilla/5.0 (compatible; Googlebot/2.1; +http://www.google.com/bot.html)"
66.249.64.237 - - [20/Apr/2017:13:15:52 +0300] "GET / HTTP/1.1" 200 7135 "-" "Mozilla/5.0 (compatible; Googlebot/2.1; +http://www.google.com/bot.html)"
66.249.64.233 - - [20/Apr/2017:15:45:44 +0300] "GET / HTTP/1.1" 200 7135 "-" "Mozilla/5.0 (compatible; Googlebot/2.1; +http://www.google.com/bot.html)"
178.154.149.9 - - [20/Apr/2017:16:35:34 +0300] "GET / HTTP/1.1" 200 7135 "-" "Mozilla/5.0 (compatible; YandexBot/3.0; +http://yandex.com/bots)"
66.249.64.106 - - [20/Apr/2017:18:00:44 +0300] "GET / HTTP/1.1" 200 7135 "-" "Mozilla/5.0 (compatible; Googlebot/2.1; +http://www.google.com/bot.html)"
188.35.131.182 - - [20/Apr/2017:23:46:12 +0300] "GET / HTTP/1.1" 200 7135 "-" "Mozilla/5.0 (Macintosh; Intel Mac OS X 10_12_4) AppleWebKit/603.1.30 (KHTML, like Gecko) Version/10.1 Safari/603.1.30"
188.35.131.182 - - [20/Apr/2017:23:46:12 +0300] "GET /fonts/RobotoLight/RobotoLight.woff HTTP/1.1" 200 25348 "http://polyanka44.info/" "Mozilla/5.0 (Macintosh; Intel Mac OS X 10_12_4) AppleWebKit/603.1.30 (KHTML, like Gecko) Version/10.1 Safari/603.1.30"
188.35.131.182 - - [20/Apr/2017:23:46:12 +0300] "GET /fonts/RobotoBold/RobotoBold.woff HTTP/1.1" 200 24724 "http://polyanka44.info/" "Mozilla/5.0 (Macintosh; Intel Mac OS X 10_12_4) AppleWebKit/603.1.30 (KHTML, like Gecko) Version/10.1 Safari/603.1.30"
188.35.131.182 - - [20/Apr/2017:23:46:12 +0300] "GET /libs/font-awesome-4.2.0/fonts/fontawesome-webfont.woff?v=4.2.0 HTTP/1.1" 200 65452 "http://polyanka44.info/" "Mozilla/5.0 (Macintosh; Intel Mac OS X 10_12_4) AppleWebKit/603.1.30 (KHTML, like Gecko) Version/10.1 Safari/603.1.30"
188.35.131.182 - - [20/Apr/2017:23:46:26 +0300] "GET /?name=&phone= HTTP/1.1" 200 7135 "http://polyanka44.info/" "Mozilla/5.0 (Macintosh; Intel Mac OS X 10_12_4) AppleWebKit/603.1.30 (KHTML, like Gecko) Version/10.1 Safari/603.1.30"
66.249.64.237 - - [21/Apr/2017:01:04:50 +0300] "GET / HTTP/1.1" 200 7135 "-" "Mozilla/5.0 (compatible; Googlebot/2.1; +http://www.google.com/bot.html)"
162.216.46.72 - - [21/Apr/2017:06:41:01 +0300] "GET / HTTP/1.1" 200 34777 "-" "Mozilla/5.0 (Windows NT 6.1) AppleWebKit/537.36 (KHTML, like Gecko) Chrome/27.0.1453.90 Safari/537.36"
66.249.64.237 - - [21/Apr/2017:06:57:59 +0300] "GET / HTTP/1.1" 200 7135 "-" "Mozilla/5.0 (compatible; Googlebot/2.1; +http://www.google.com/bot.html)"
66.249.64.233 - - [21/Apr/2017:09:56:48 +0300] "GET / HTTP/1.1" 200 7135 "-" "Mozilla/5.0 (compatible; Googlebot/2.1; +http://www.google.com/bot.html)"
66.249.64.229 - - [21/Apr/2017:11:32:52 +0300] "GET / HTTP/1.1" 200 7135 "-" "Mozilla/5.0 (compatible; Googlebot/2.1; +http://www.google.com/bot.html)"
66.249.64.229 - - [21/Apr/2017:13:56:49 +0300] "GET / HTTP/1.1" 200 7135 "-" "Mozilla/5.0 (compatible; Googlebot/2.1; +http://www.google.com/bot.html)"
66.249.64.237 - - [21/Apr/2017:14:20:48 +0300] "GET / HTTP/1.1" 200 7135 "-" "Mozilla/5.0 (compatible; Googlebot/2.1; +http://www.google.com/bot.html)"
66.249.64.237 - - [21/Apr/2017:19:08:49 +0300] "GET / HTTP/1.1" 200 7135 "-" "Mozilla/5.0 (compatible; Googlebot/2.1; +http://www.google.com/bot.html)"
66.249.64.27 - - [21/Apr/2017:23:51:38 +0300] "GET / HTTP/1.1" 200 7135 "-" "Mozilla/5.0 (compatible; Googlebot/2.1; +http://www.google.com/bot.html)"
66.249.64.233 - - [22/Apr/2017:12:26:50 +0300] "GET / HTTP/1.1" 200 7135 "-" "Mozilla/5.0 (compatible; Googlebot/2.1; +http://www.google.com/bot.html)"
66.249.64.233 - - [22/Apr/2017:16:20:29 +0300] "GET / HTTP/1.1" 200 7135 "-" "Mozilla/5.0 (compatible; Googlebot/2.1; +http://www.google.com/bot.html)"
66.249.64.233 - - [22/Apr/2017:20:15:55 +0300] "GET / HTTP/1.1" 200 7135 "-" "Mozilla/5.0 (compatible; Googlebot/2.1; +http://www.google.com/bot.html)"
66.249.64.229 - - [22/Apr/2017:21:44:26 +0300] "GET / HTTP/1.1" 200 7135 "-" "Mozilla/5.0 (compatible; Googlebot/2.1; +http://www.google.com/bot.html)"
66.249.64.237 - - [22/Apr/2017:23:26:23 +0300] "GET / HTTP/1.1" 200 7135 "-" "Mozilla/5.0 (compatible; Googlebot/2.1; +http://www.google.com/bot.html)"
66.249.64.229 - - [23/Apr/2017:05:22:03 +0300] "GET / HTTP/1.1" 200 7135 "-" "Mozilla/5.0 (compatible; Googlebot/2.1; +http://www.google.com/bot.html)"
66.249.64.233 - - [23/Apr/2017:09:25:29 +0300] "GET / HTTP/1.1" 200 7135 "-" "Mozilla/5.0 (compatible; Googlebot/2.1; +http://www.google.com/bot.html)"
66.249.64.229 - - [23/Apr/2017:10:26:09 +0300] "GET / HTTP/1.1" 200 7135 "-" "Mozilla/5.0 (compatible; Googlebot/2.1; +http://www.google.com/bot.html)"
66.249.64.229 - - [23/Apr/2017:11:42:19 +0300] "GET / HTTP/1.1" 200 7135 "-" "Mozilla/5.0 (compatible; Googlebot/2.1; +http://www.google.com/bot.html)"
66.249.64.233 - - [24/Apr/2017:01:20:41 +0300] "GET / HTTP/1.1" 200 7135 "-" "Mozilla/5.0 (compatible; Googlebot/2.1; +http://www.google.com/bot.html)"
66.249.64.229 - - [24/Apr/2017:09:20:50 +0300] "GET / HTTP/1.1" 200 7135 "-" "Mozilla/5.0 (compatible; Googlebot/2.1; +http://www.google.com/bot.html)"
107.21.1.8 - - [24/Apr/2017:13:09:22 +0300] "GET / HTTP/1.1" 200 7135 "http://polyanka44.info/" "Mozilla/5.0 (compatible; DuckDuckGo-Favicons-Bot/1.0; +http://duckduckgo.com)"
66.249.64.229 - - [24/Apr/2017:20:29:16 +0300] "GET / HTTP/1.1" 200 7135 "-" "Mozilla/5.0 (compatible; Googlebot/2.1; +http://www.google.com/bot.html)"
66.249.64.233 - - [24/Apr/2017:23:51:40 +0300] "GET / HTTP/1.1" 200 7135 "-" "Mozilla/5.0 (compatible; Googlebot/2.1; +http://www.google.com/bot.html)"
66.249.64.229 - - [25/Apr/2017:06:11:23 +0300] "GET / HTTP/1.1" 200 7135 "-" "Mozilla/5.0 (compatible; Googlebot/2.1; +http://www.google.com/bot.html)"
66.249.64.229 - - [25/Apr/2017:15:09:43 +0300] "GET / HTTP/1.1" 200 7135 "-" "Mozilla/5.0 (compatible; Googlebot/2.1; +http://www.google.com/bot.html)"
66.249.64.229 - - [25/Apr/2017:18:17:18 +0300] "GET / HTTP/1.1" 200 7135 "-" "Mozilla/5.0 (compatible; Googlebot/2.1; +http://www.google.com/bot.html)"
66.249.64.233 - - [25/Apr/2017:20:15:59 +0300] "GET / HTTP/1.1" 200 7135 "-" "Mozilla/5.0 (compatible; Googlebot/2.1; +http://www.google.com/bot.html)"
104.196.240.135 - - [26/Apr/2017:06:00:27 +0300] "GET / HTTP/1.1" 200 7135 "-" "Mozilla/5.0 (Windows NT 6.1) AppleWebKit/536.11 (KHTML like Gecko) Chrome/20.0.1132.47 Safari/536.11"
66.249.64.229 - - [26/Apr/2017:07:03:37 +0300] "GET / HTTP/1.1" 200 7135 "-" "Mozilla/5.0 (compatible; Googlebot/2.1; +http://www.google.com/bot.html)"
66.249.64.229 - - [26/Apr/2017:09:15:47 +0300] "GET / HTTP/1.1" 200 7135 "-" "Mozilla/5.0 (compatible; Googlebot/2.1; +http://www.google.com/bot.html)"
66.249.64.229 - - [26/Apr/2017:10:32:13 +0300] "GET / HTTP/1.1" 200 7135 "-" "Mozilla/5.0 (compatible; Googlebot/2.1; +http://www.google.com/bot.html)"
91.210.145.67 - - [26/Apr/2017:17:26:18 +0300] "GET / HTTP/1.1" 200 7135 "http://polyanka44.info" "Mozilla/5.0 (Windows NT 6.1; WOW64) AppleWebKit/537.36 (KHTML, like Gecko) Chrome/31.0.1650.57 Safari/537.36"
91.210.145.67 - - [26/Apr/2017:17:26:20 +0300] "GET /blog/ HTTP/1.1" 404 47 "http://polyanka44.info/blog/" "Mozilla/5.0 (Windows NT 6.1; WOW64) AppleWebKit/537.36 (KHTML, like Gecko) Chrome/31.0.1650.57 Safari/537.36"
66.249.64.229 - - [26/Apr/2017:18:45:40 +0300] "GET / HTTP/1.1" 200 7135 "-" "Mozilla/5.0 (compatible; Googlebot/2.1; +http://www.google.com/bot.html)"
66.249.64.237 - - [27/Apr/2017:04:19:41 +0300] "GET / HTTP/1.1" 200 7135 "-" "Mozilla/5.0 (compatible; Googlebot/2.1; +http://www.google.com/bot.html)"
66.249.64.233 - - [27/Apr/2017:22:04:04 +0300] "GET / HTTP/1.1" 200 7135 "-" "Mozilla/5.0 (compatible; Googlebot/2.1; +http://www.google.com/bot.html)"
66.249.64.233 - - [28/Apr/2017:00:19:41 +0300] "GET / HTTP/1.1" 200 7135 "-" "Mozilla/5.0 (compatible; Googlebot/2.1; +http://www.google.com/bot.html)"
66.249.64.233 - - [28/Apr/2017:02:06:22 +0300] "GET / HTTP/1.1" 200 7135 "-" "Mozilla/5.0 (compatible; Googlebot/2.1; +http://www.google.com/bot.html)"
66.249.64.229 - - [28/Apr/2017:05:26:54 +0300] "GET / HTTP/1.1" 200 7135 "-" "Mozilla/5.0 (compatible; Googlebot/2.1; +http://www.google.com/bot.html)"
66.249.64.229 - - [28/Apr/2017:05:52:31 +0300] "GET / HTTP/1.1" 200 7135 "-" "Mozilla/5.0 (compatible; Googlebot/2.1; +http://www.google.com/bot.html)"
66.249.64.237 - - [28/Apr/2017:15:34:38 +0300] "GET / HTTP/1.1" 200 7135 "-" "Mozilla/5.0 (Linux; Android 6.0.1; Nexus 5X Build/MMB29P) AppleWebKit/537.36 (KHTML, like Gecko) Chrome/41.0.2272.96 Mobile Safari/537.36 (compatible; Googlebot/2.1; +http://www.google.com/bot.html)"
157.55.39.145 - - [28/Apr/2017:16:25:34 +0300] "GET / HTTP/1.1" 200 7135 "-" "Mozilla/5.0 (compatible; bingbot/2.0; +http://www.bing.com/bingbot.htm)"
157.55.39.48 - - [28/Apr/2017:17:26:59 +0300] "GET /fonts/RobotoBold/RobotoBold.ttf HTTP/1.1" 200 48420 "-" "Mozilla/5.0 (compatible; bingbot/2.0; +http://www.bing.com/bingbot.htm)"
207.46.13.5 - - [28/Apr/2017:17:27:03 +0300] "GET /fonts/RobotoLight/RobotoLight.ttf HTTP/1.1" 200 49228 "-" "Mozilla/5.0 (compatible; bingbot/2.0; +http://www.bing.com/bingbot.htm)"
157.55.39.233 - - [28/Apr/2017:17:27:09 +0300] "GET /libs/font-awesome-4.2.0/fonts/fontawesome-webfont.svg?v=4.2.0 HTTP/1.1" 200 287007 "-" "Mozilla/5.0 (compatible; bingbot/2.0; +http://www.bing.com/bingbot.htm)"
157.55.39.233 - - [28/Apr/2017:17:27:10 +0300] "GET /libs/font-awesome-4.2.0/fonts/fontawesome-webfont.ttf?v=4.2.0 HTTP/1.1" 200 112160 "-" "Mozilla/5.0 (compatible; bingbot/2.0; +http://www.bing.com/bingbot.htm)"
128.68.129.55 - - [29/Apr/2017:00:07:24 +0300] "GET / HTTP/1.1" 200 7135 "http://yandex.ru/clck/jsredir?from=yandex.ru%3Bsearch%3Bweb%3B%3B&text=&etext=1405.G5NGPxw3cwLPBrH5I5JTiWYxsWCOL31h0WjG4Yk9z8vB5b-XZTWo9m_L4bffJdT5.47f01630492aa2bdc07d1f9372218e8af01913c7&uuid=&state=_BLhILn4SxNIvvL0W45KSic66uCIg23qh8iRG98qeIXmeppkgUc0YG-XUIUpxKrkaoPisARVvB8&data=UlNrNmk5WktYejR0eWJFYk1Ldmtxci1oM2JaMVJMVDNVVjZBRXpEa2k4SVdQa0ZBWlduQ0UyRklPN2hGWWU2REFNSS0wQkc1cDFsczNoR3BkcWVfZWhYT25VNzMtNWQ1ekpud0ZrNkxNdnM&b64e=2&sign=83016b54b93cb0a242a8720c8a827971&keyno=0&cst=AiuY0DBWFJ7IXge4WdYJQe3IrxbPWIv4q9hdsBnwoQaxAq-e_2j0g4AFCkmuvxMlM4O27pZN4gIiRqKI0BVtDvWoRvCIcSNmtS8eOn3dptzfaCzR6op2e8IgK_JwP58IbjGDroFN6202N7hOCJ7NzjmKqGIZ5YuS&ref=orjY4mGPRjk5boDnW0uvlrrd71vZw9kp5uQozpMtKCWbgDHRNa-0yv2A8UonCGCB3nB-I37FoQe_lkxv9NDd3PsBH-9ql-xlGQyRtcOGsQgmc_jOIBr4fg&l10n=ru&cts=1493403812635&mc=4.90550717864" "Mozilla/4.0 (compatible; MSIE 8.0; Windows NT 5.1; Trident/4.0)"
128.68.129.55 - - [29/Apr/2017:00:07:25 +0300] "GET /libs/font-awesome-4.2.0/fonts/fontawesome-webfont.eot? HTTP/1.1" 200 56006 "http://polyanka44.info/" "Mozilla/4.0 (compatible; MSIE 8.0; Windows NT 5.1; Trident/4.0)"
128.68.129.55 - - [29/Apr/2017:00:07:25 +0300] "GET /fonts/RobotoRegular/RobotoRegular.eot? HTTP/1.1" 200 50854 "http://polyanka44.info/" "Mozilla/4.0 (compatible; MSIE 8.0; Windows NT 5.1; Trident/4.0)"
128.68.129.55 - - [29/Apr/2017:00:07:25 +0300] "GET /fonts/RobotoLight/RobotoLight.eot? HTTP/1.1" 200 49434 "http://polyanka44.info/" "Mozilla/4.0 (compatible; MSIE 8.0; Windows NT 5.1; Trident/4.0)"
128.68.129.55 - - [29/Apr/2017:00:07:25 +0300] "GET /fonts/RobotoMedium/RobotoMedium.eot? HTTP/1.1" 200 49802 "http://polyanka44.info/" "Mozilla/4.0 (compatible; MSIE 8.0; Windows NT 5.1; Trident/4.0)"
128.68.129.55 - - [29/Apr/2017:00:07:25 +0300] "GET /fonts/RobotoBold/RobotoBold.eot? HTTP/1.1" 200 48606 "http://polyanka44.info/" "Mozilla/4.0 (compatible; MSIE 8.0; Windows NT 5.1; Trident/4.0)"
157.55.39.121 - - [29/Apr/2017:02:06:31 +0300] "GET / HTTP/1.1" 200 7135 "-" "Mozilla/5.0 (compatible; bingbot/2.0; +http://www.bing.com/bingbot.htm)"
66.249.64.237 - - [29/Apr/2017:04:34:27 +0300] "GET / HTTP/1.1" 200 7135 "-" "Mozilla/5.0 (Linux; Android 6.0.1; Nexus 5X Build/MMB29P) AppleWebKit/537.36 (KHTML, like Gecko) Chrome/41.0.2272.96 Mobile Safari/537.36 (compatible; Googlebot/2.1; +http://www.google.com/bot.html)"
61.154.29.197 - - [29/Apr/2017:07:30:26 +0300] "GET / HTTP/1.1" 200 34777 "-" "Mozilla/5.0 (Windows NT 6.1; WOW64) AppleWebKit/537.1 (KHTML, like Gecko) Chrome/21.0.1180.89 Safari/537.1"
66.249.64.229 - - [29/Apr/2017:07:32:31 +0300] "GET / HTTP/1.1" 200 7135 "-" "Mozilla/5.0 (compatible; Googlebot/2.1; +http://www.google.com/bot.html)"
66.249.64.237 - - [29/Apr/2017:08:13:11 +0300] "GET / HTTP/1.1" 200 7135 "-" "Mozilla/5.0 (Linux; Android 6.0.1; Nexus 5X Build/MMB29P) AppleWebKit/537.36 (KHTML, like Gecko) Chrome/41.0.2272.96 Mobile Safari/537.36 (compatible; Googlebot/2.1; +http://www.google.com/bot.html)"
66.249.64.229 - - [29/Apr/2017:11:13:13 +0300] "GET / HTTP/1.1" 200 7135 "-" "Mozilla/5.0 (Linux; Android 6.0.1; Nexus 5X Build/MMB29P) AppleWebKit/537.36 (KHTML, like Gecko) Chrome/41.0.2272.96 Mobile Safari/537.36 (compatible; Googlebot/2.1; +http://www.google.com/bot.html)"
66.249.64.237 - - [29/Apr/2017:13:15:15 +0300] "GET / HTTP/1.1" 200 7135 "-" "Mozilla/5.0 (compatible; Googlebot/2.1; +http://www.google.com/bot.html)"
89.178.0.38 - - [29/Apr/2017:19:06:09 +0300] "GET / HTTP/1.1" 200 7135 "http://yandex.ru/clck/jsredir?from=yandex.ru%3Bsearch%3Bweb%3B%3B&text=&etext=1406.gPUzOtYyOEvY60KRvkNbRyUxNLtfSpALtLHik1xysvhrZQUTXnIcJe4xzCXerKLD.c25b0a2b602290adb9064c7a509e0722b14eb32f&uuid=&state=_BLhILn4SxNIvvL0W45KSic66uCIg23qh8iRG98qeIXmeppkgUc0YMkOSpatjLUqgxH-XWLwn-g&data=UlNrNmk5WktYejR0eWJFYk1Ldmtxci1oM2JaMVJMVDNVVjZBRXpEa2k4SVdQa0ZBWlduQ0U1bTJEb2FfVWxfSl95TlZmenBSZmt4UzkyLUpGQVpPSHduX2QwRmk1TWh4TG5mdlYwWVpUdVU&b64e=2&sign=327fa09f5786abe01c2ab219b4baefc8&keyno=0&cst=AiuY0DBWFJ7IXge4WdYJQXbYQp9t5VF6FvT1UYXrhAxXUse8j3dX0bt2KSmmh1-_zvJN3KvdC9c9NWaHCfpQB3lgjK0_lilWdi_yJ7KSgeZuo5YKq3DHGK2w1M0aDkrIlrX9sM2cIKVkN3RVou3WaQODFM6nywQZ&ref=orjY4mGPRjk5boDnW0uvlrrd71vZw9kp5uQozpMtKCWE0vFrzScna0fEEduYhyZ458axjGTwdss_uBM1jjxS6ANbr_wFlF3DH7GFgG5tqF8sMN8R96XiZA&l10n=ru&cts=1493476339374&mc=6.81842842185" "Mozilla/4.0 (compatible; MSIE 8.0; Windows NT 5.1; Trident/4.0)"
89.178.0.38 - - [29/Apr/2017:19:06:10 +0300] "GET /libs/font-awesome-4.2.0/fonts/fontawesome-webfont.eot? HTTP/1.1" 200 56006 "http://polyanka44.info/" "Mozilla/4.0 (compatible; MSIE 8.0; Windows NT 5.1; Trident/4.0)"
89.178.0.38 - - [29/Apr/2017:19:06:10 +0300] "GET /fonts/RobotoRegular/RobotoRegular.eot? HTTP/1.1" 200 50854 "http://polyanka44.info/" "Mozilla/4.0 (compatible; MSIE 8.0; Windows NT 5.1; Trident/4.0)"
89.178.0.38 - - [29/Apr/2017:19:06:10 +0300] "GET /fonts/RobotoLight/RobotoLight.eot? HTTP/1.1" 200 49434 "http://polyanka44.info/" "Mozilla/4.0 (compatible; MSIE 8.0; Windows NT 5.1; Trident/4.0)"
89.178.0.38 - - [29/Apr/2017:19:06:10 +0300] "GET /fonts/RobotoMedium/RobotoMedium.eot? HTTP/1.1" 200 49802 "http://polyanka44.info/" "Mozilla/4.0 (compatible; MSIE 8.0; Windows NT 5.1; Trident/4.0)"
89.178.0.38 - - [29/Apr/2017:19:06:11 +0300] "GET /fonts/RobotoBold/RobotoBold.eot? HTTP/1.1" 200 48606 "http://polyanka44.info/" "Mozilla/4.0 (compatible; MSIE 8.0; Windows NT 5.1; Trident/4.0)"
66.249.64.237 - - [29/Apr/2017:19:41:34 +0300] "GET / HTTP/1.1" 200 7135 "-" "Mozilla/5.0 (compatible; Googlebot/2.1; +http://www.google.com/bot.html)"
66.249.64.229 - - [29/Apr/2017:21:38:33 +0300] "GET / HTTP/1.1" 200 7135 "-" "Mozilla/5.0 (compatible; Googlebot/2.1; +http://www.google.com/bot.html)"
66.249.64.237 - - [29/Apr/2017:22:39:33 +0300] "GET / HTTP/1.1" 200 7135 "-" "Mozilla/5.0 (compatible; Googlebot/2.1; +http://www.google.com/bot.html)"
66.249.64.237 - - [29/Apr/2017:22:39:33 +0300] "GET / HTTP/1.1" 200 7135 "-" "Mozilla/5.0 (compatible; Googlebot/2.1; +http://www.google.com/bot.html)"
66.249.64.237 - - [30/Apr/2017:00:28:21 +0300] "GET / HTTP/1.1" 200 7135 "-" "Mozilla/5.0 (Linux; Android 6.0.1; Nexus 5X Build/MMB29P) AppleWebKit/537.36 (KHTML, like Gecko) Chrome/41.0.2272.96 Mobile Safari/537.36 (compatible; Googlebot/2.1; +http://www.google.com/bot.html)"
66.249.64.229 - - [30/Apr/2017:06:08:10 +0300] "GET / HTTP/1.1" 200 7135 "-" "Mozilla/5.0 (Linux; Android 6.0.1; Nexus 5X Build/MMB29P) AppleWebKit/537.36 (KHTML, like Gecko) Chrome/41.0.2272.96 Mobile Safari/537.36 (compatible; Googlebot/2.1; +http://www.google.com/bot.html)"
66.249.64.233 - - [30/Apr/2017:08:24:06 +0300] "GET / HTTP/1.1" 200 7135 "-" "Mozilla/5.0 (Linux; Android 6.0.1; Nexus 5X Build/MMB29P) AppleWebKit/537.36 (KHTML, like Gecko) Chrome/41.0.2272.96 Mobile Safari/537.36 (compatible; Googlebot/2.1; +http://www.google.com/bot.html)"
66.249.64.237 - - [30/Apr/2017:10:46:30 +0300] "GET / HTTP/1.1" 200 7135 "-" "Mozilla/5.0 (Linux; Android 6.0.1; Nexus 5X Build/MMB29P) AppleWebKit/537.36 (KHTML, like Gecko) Chrome/41.0.2272.96 Mobile Safari/537.36 (compatible; Googlebot/2.1; +http://www.google.com/bot.html)"
66.249.64.229 - - [30/Apr/2017:10:46:32 +0300] "GET / HTTP/1.1" 200 7135 "-" "Mozilla/5.0 (Linux; Android 6.0.1; Nexus 5X Build/MMB29P) AppleWebKit/537.36 (KHTML, like Gecko) Chrome/41.0.2272.96 Mobile Safari/537.36 (compatible; Googlebot/2.1; +http://www.google.com/bot.html)"
66.249.64.237 - - [30/Apr/2017:13:03:52 +0300] "GET / HTTP/1.1" 200 7135 "-" "Mozilla/5.0 (Linux; Android 6.0.1; Nexus 5X Build/MMB29P) AppleWebKit/537.36 (KHTML, like Gecko) Chrome/41.0.2272.96 Mobile Safari/537.36 (compatible; Googlebot/2.1; +http://www.google.com/bot.html)"
66.249.64.229 - - [30/Apr/2017:13:03:53 +0300] "GET / HTTP/1.1" 200 7135 "-" "Mozilla/5.0 (Linux; Android 6.0.1; Nexus 5X Build/MMB29P) AppleWebKit/537.36 (KHTML, like Gecko) Chrome/41.0.2272.96 Mobile Safari/537.36 (compatible; Googlebot/2.1; +http://www.google.com/bot.html)"
66.249.64.229 - - [30/Apr/2017:15:53:06 +0300] "GET / HTTP/1.1" 200 7135 "-" "Mozilla/5.0 (compatible; Googlebot/2.1; +http://www.google.com/bot.html)"
91.189.112.7 - - [30/Apr/2017:17:27:35 +0300] "GET / HTTP/1.1" 200 34777 "-" "Mozilla/5.0 (Windows NT 6.1; WOW64) AppleWebKit/537.36 (KHTML, like Gecko) Chrome/48.0.2564.109 Safari/537.36"
66.249.64.233 - - [30/Apr/2017:20:02:45 +0300] "GET / HTTP/1.1" 200 7135 "-" "Mozilla/5.0 (compatible; Googlebot/2.1; +http://www.google.com/bot.html)"
66.249.64.233 - - [30/Apr/2017:21:12:35 +0300] "GET / HTTP/1.1" 200 7135 "-" "Mozilla/5.0 (compatible; Googlebot/2.1; +http://www.google.com/bot.html)"
