79.98.214.154 - - [03/May/2017:17:04:02 +0300] "GET /fonts/RobotoBold/RobotoBold.woff HTTP/1.1" 200 24724 "http://polyanka44.info/css/fonts.css" "Mozilla/5.0 (Windows NT 10.0; Win64; x64) AppleWebKit/537.36 (KHTML, like Gecko) Chrome/58.0.3029.81 Safari/537.36"
79.98.214.154 - - [03/May/2017:17:04:02 +0300] "GET /fonts/RobotoLight/RobotoLight.woff HTTP/1.1" 200 25348 "http://polyanka44.info/css/fonts.css" "Mozilla/5.0 (Windows NT 10.0; Win64; x64) AppleWebKit/537.36 (KHTML, like Gecko) Chrome/58.0.3029.81 Safari/537.36"
79.98.214.154 - - [03/May/2017:17:04:02 +0300] "GET /libs/font-awesome-4.2.0/fonts/fontawesome-webfont.woff?v=4.2.0 HTTP/1.1" 200 65452 "http://polyanka44.info/libs/font-awesome-4.2.0/css/font-awesome.min.css" "Mozilla/5.0 (Windows NT 10.0; Win64; x64) AppleWebKit/537.36 (KHTML, like Gecko) Chrome/58.0.3029.81 Safari/537.36"
79.98.214.154 - - [03/May/2017:17:04:11 +0300] "POST /mail.php HTTP/1.1" 200 5 "http://polyanka44.info/" "Mozilla/5.0 (Windows NT 10.0; Win64; x64) AppleWebKit/537.36 (KHTML, like Gecko) Chrome/58.0.3029.81 Safari/537.36"
79.98.214.154 - - [03/May/2017:17:04:35 +0300] "GET / HTTP/1.1" 200 33449 "-" "Mozilla/5.0 (Windows NT 10.0; Win64; x64) AppleWebKit/537.36 (KHTML, like Gecko) Chrome/58.0.3029.81 Safari/537.36"
79.98.214.154 - - [03/May/2017:17:04:35 +0300] "GET /fonts/RobotoBold/RobotoBold.woff HTTP/1.1" 200 24724 "http://polyanka44.info/css/fonts.css" "Mozilla/5.0 (Windows NT 10.0; Win64; x64) AppleWebKit/537.36 (KHTML, like Gecko) Chrome/58.0.3029.81 Safari/537.36"
79.98.214.154 - - [03/May/2017:17:04:35 +0300] "GET /fonts/RobotoLight/RobotoLight.woff HTTP/1.1" 200 25348 "http://polyanka44.info/css/fonts.css" "Mozilla/5.0 (Windows NT 10.0; Win64; x64) AppleWebKit/537.36 (KHTML, like Gecko) Chrome/58.0.3029.81 Safari/537.36"
79.98.214.154 - - [03/May/2017:17:04:35 +0300] "GET /libs/font-awesome-4.2.0/fonts/fontawesome-webfont.woff?v=4.2.0 HTTP/1.1" 200 65452 "http://polyanka44.info/libs/font-awesome-4.2.0/css/font-awesome.min.css" "Mozilla/5.0 (Windows NT 10.0; Win64; x64) AppleWebKit/537.36 (KHTML, like Gecko) Chrome/58.0.3029.81 Safari/537.36"
79.98.214.154 - - [03/May/2017:17:04:42 +0300] "POST /mail.php HTTP/1.1" 200 5 "http://polyanka44.info/" "Mozilla/5.0 (Windows NT 10.0; Win64; x64) AppleWebKit/537.36 (KHTML, like Gecko) Chrome/58.0.3029.81 Safari/537.36"
79.98.214.154 - - [03/May/2017:17:06:16 +0300] "GET / HTTP/1.1" 200 33449 "-" "Mozilla/5.0 (Windows NT 10.0; Win64; x64) AppleWebKit/537.36 (KHTML, like Gecko) Chrome/58.0.3029.81 Safari/537.36"
79.98.214.154 - - [03/May/2017:17:06:16 +0300] "GET /fonts/RobotoBold/RobotoBold.woff HTTP/1.1" 200 24724 "http://polyanka44.info/css/fonts.css" "Mozilla/5.0 (Windows NT 10.0; Win64; x64) AppleWebKit/537.36 (KHTML, like Gecko) Chrome/58.0.3029.81 Safari/537.36"
79.98.214.154 - - [03/May/2017:17:06:16 +0300] "GET /fonts/RobotoLight/RobotoLight.woff HTTP/1.1" 200 25348 "http://polyanka44.info/css/fonts.css" "Mozilla/5.0 (Windows NT 10.0; Win64; x64) AppleWebKit/537.36 (KHTML, like Gecko) Chrome/58.0.3029.81 Safari/537.36"
79.98.214.154 - - [03/May/2017:17:06:16 +0300] "GET /libs/font-awesome-4.2.0/fonts/fontawesome-webfont.woff?v=4.2.0 HTTP/1.1" 200 65452 "http://polyanka44.info/libs/font-awesome-4.2.0/css/font-awesome.min.css" "Mozilla/5.0 (Windows NT 10.0; Win64; x64) AppleWebKit/537.36 (KHTML, like Gecko) Chrome/58.0.3029.81 Safari/537.36"
79.98.214.154 - - [03/May/2017:17:06:19 +0300] "POST /mail.php HTTP/1.1" 200 5 "http://polyanka44.info/" "Mozilla/5.0 (Windows NT 10.0; Win64; x64) AppleWebKit/537.36 (KHTML, like Gecko) Chrome/58.0.3029.81 Safari/537.36"
199.30.231.2 - - [03/May/2017:20:02:41 +0300] "GET / HTTP/1.1" 200 6856 "-" "Mozilla/5.0 (Macintosh; Intel Mac OS X 10_10_5) AppleWebKit/537.36 (KHTML, like Gecko) Chrome/54.0.2840.98 Safari/537.36"
185.150.154.29 - - [03/May/2017:22:09:46 +0300] "GET / HTTP/1.1" 200 6856 "-" "Mozilla/5.0 (Macintosh; Intel Mac OS X 10_11_6) AppleWebKit/537.36 (KHTML, like Gecko) Chrome/57.0.2987.133 Safari/537.36"
185.150.154.29 - - [03/May/2017:22:09:47 +0300] "GET /fonts/RobotoBold/RobotoBold.woff HTTP/1.1" 200 24724 "http://polyanka44.info/css/fonts.css" "Mozilla/5.0 (Macintosh; Intel Mac OS X 10_11_6) AppleWebKit/537.36 (KHTML, like Gecko) Chrome/57.0.2987.133 Safari/537.36"
185.150.154.29 - - [03/May/2017:22:09:47 +0300] "GET /fonts/RobotoLight/RobotoLight.woff HTTP/1.1" 200 25348 "http://polyanka44.info/css/fonts.css" "Mozilla/5.0 (Macintosh; Intel Mac OS X 10_11_6) AppleWebKit/537.36 (KHTML, like Gecko) Chrome/57.0.2987.133 Safari/537.36"
185.150.154.29 - - [03/May/2017:22:09:47 +0300] "GET /libs/font-awesome-4.2.0/fonts/fontawesome-webfont.woff?v=4.2.0 HTTP/1.1" 200 65452 "http://polyanka44.info/libs/font-awesome-4.2.0/css/font-awesome.min.css" "Mozilla/5.0 (Macintosh; Intel Mac OS X 10_11_6) AppleWebKit/537.36 (KHTML, like Gecko) Chrome/57.0.2987.133 Safari/537.36"
185.150.154.29 - - [03/May/2017:22:10:24 +0300] "POST /mail.php HTTP/1.1" 200 31 "http://polyanka44.info/" "Mozilla/5.0 (Macintosh; Intel Mac OS X 10_11_6) AppleWebKit/537.36 (KHTML, like Gecko) Chrome/57.0.2987.133 Safari/537.36"
66.249.69.3 - - [04/May/2017:00:24:17 +0300] "GET / HTTP/1.1" 200 6856 "-" "Mozilla/5.0 (compatible; Googlebot/2.1; +http://www.google.com/bot.html)"
104.192.74.39 - - [04/May/2017:06:36:01 +0300] "GET / HTTP/1.1" 200 6856 "http://www.polyanka44.info" "Mozilla/5.0 (Windows NT 6.1; WOW64) AppleWebKit/537.36 (KHTML, like Gecko) Chrome/39.0.2171.95 Safari/537.36"
104.192.74.39 - - [04/May/2017:06:36:01 +0300] "GET / HTTP/1.1" 200 6856 "-" "Mozilla"
66.249.64.166 - - [04/May/2017:07:44:36 +0300] "GET / HTTP/1.1" 200 6856 "-" "Mozilla/5.0 (Linux; Android 6.0.1; Nexus 5X Build/MMB29P) AppleWebKit/537.36 (KHTML, like Gecko) Chrome/41.0.2272.96 Mobile Safari/537.36 (compatible; Googlebot/2.1; +http://www.google.com/bot.html)"
66.249.64.170 - - [04/May/2017:08:30:08 +0300] "GET / HTTP/1.1" 200 6856 "-" "Mozilla/5.0 (compatible; Googlebot/2.1; +http://www.google.com/bot.html)"
188.255.20.147 - - [04/May/2017:08:59:31 +0300] "GET / HTTP/1.1" 200 6856 "http://yandex.ru/clck/jsredir?from=yandex.ru%3Bsearch%3Bweb%3B%3B&text=&etext=1411.keGK8dvmI9IbQjMgMzov4pJsXtZFUlqybxUWqPETMrdlgAECC1bPOYPe3zkWaLqg.9bf9f8265ffc9bccec6c44c591ed0d00d10092a2&uuid=&state=_BLhILn4SxNIvvL0W45KSic66uCIg23qh8iRG98qeIXmeppkgUc0YLeQVNu7TCjFWhspMNrg36Y&data=UlNrNmk5WktYejR0eWJFYk1Ldmtxci1oM2JaMVJMVDNVVjZBRXpEa2k4SVdQa0ZBWlduQ0Uzd0w1dVAyczVrUmFmcFJRd3Bfc3dTeWhKR21tRzhUSDNaVm9KS3hBdHJydHdhTFRMeWdIY0U&b64e=2&sign=c47329f339a88bf4b28145e8e993afa0&keyno=0&cst=AiuY0DBWFJ7IXge4WdYJQYpgPUyh7uQleVtNxo-nX99f0MfOI96815C2z9mpnjXXXSJ_94hTJNALnfInleFM-T99h-st8yEYyfbtL43tkfWVE423HXIS-HTXng3VxB1xw0Zc0Gn--gfq-ZDcAz6fQlyH4bjtTeeZ&ref=orjY4mGPRjk5boDnW0uvlrrd71vZw9kp5uQozpMtKCVwjJVQHb9Cs_Z9Zc7nPaysoQBFf6q4QGLG__B94QaKLy5KkuIGBmlEUBV2QYnJzBViTeZph-3ZCQ&l10n=ru&cts=1493871586216&mc=5.06607613944" "Mozilla/4.0 (compatible; MSIE 8.0; Windows NT 5.1; Trident/4.0)"
188.255.20.147 - - [04/May/2017:08:59:32 +0300] "GET /libs/font-awesome-4.2.0/fonts/fontawesome-webfont.eot? HTTP/1.1" 200 56006 "http://polyanka44.info/" "Mozilla/4.0 (compatible; MSIE 8.0; Windows NT 5.1; Trident/4.0)"
188.255.20.147 - - [04/May/2017:08:59:32 +0300] "GET /fonts/RobotoRegular/RobotoRegular.eot? HTTP/1.1" 200 50854 "http://polyanka44.info/" "Mozilla/4.0 (compatible; MSIE 8.0; Windows NT 5.1; Trident/4.0)"
188.255.20.147 - - [04/May/2017:08:59:33 +0300] "GET /fonts/RobotoBold/RobotoBold.eot? HTTP/1.1" 200 48606 "http://polyanka44.info/" "Mozilla/4.0 (compatible; MSIE 8.0; Windows NT 5.1; Trident/4.0)"
188.255.20.147 - - [04/May/2017:08:59:33 +0300] "GET /fonts/RobotoMedium/RobotoMedium.eot? HTTP/1.1" 200 49802 "http://polyanka44.info/" "Mozilla/4.0 (compatible; MSIE 8.0; Windows NT 5.1; Trident/4.0)"
188.255.20.147 - - [04/May/2017:08:59:33 +0300] "GET /fonts/RobotoLight/RobotoLight.eot? HTTP/1.1" 200 49434 "http://polyanka44.info/" "Mozilla/4.0 (compatible; MSIE 8.0; Windows NT 5.1; Trident/4.0)"
195.210.139.130 - - [04/May/2017:11:22:47 +0300] "GET / HTTP/1.1" 200 6856 "-" "Mozilla/5.0 (Windows NT 6.1; WOW64) AppleWebKit/537.36 (KHTML, like Gecko) Chrome/49.0.2623.112 Safari/537.36"
195.210.139.130 - - [04/May/2017:11:22:47 +0300] "GET /fonts/RobotoBold/RobotoBold.woff HTTP/1.1" 200 24724 "http://polyanka44.info/css/fonts.css" "Mozilla/5.0 (Windows NT 6.1; WOW64) AppleWebKit/537.36 (KHTML, like Gecko) Chrome/49.0.2623.112 Safari/537.36"
195.210.139.130 - - [04/May/2017:11:22:47 +0300] "GET /fonts/RobotoLight/RobotoLight.woff HTTP/1.1" 200 25348 "http://polyanka44.info/css/fonts.css" "Mozilla/5.0 (Windows NT 6.1; WOW64) AppleWebKit/537.36 (KHTML, like Gecko) Chrome/49.0.2623.112 Safari/537.36"
195.210.139.130 - - [04/May/2017:11:22:47 +0300] "GET /libs/font-awesome-4.2.0/fonts/fontawesome-webfont.woff?v=4.2.0 HTTP/1.1" 200 65452 "http://polyanka44.info/libs/font-awesome-4.2.0/css/font-awesome.min.css" "Mozilla/5.0 (Windows NT 6.1; WOW64) AppleWebKit/537.36 (KHTML, like Gecko) Chrome/49.0.2623.112 Safari/537.36"
195.210.139.130 - - [04/May/2017:13:17:11 +0300] "GET / HTTP/1.1" 200 6856 "-" "Mozilla/5.0 (Windows NT 6.1; Win64; x64) AppleWebKit/537.36 (KHTML, like Gecko) Chrome/58.0.3029.96 Safari/537.36"
195.210.139.130 - - [04/May/2017:13:17:11 +0300] "GET /fonts/RobotoBold/RobotoBold.woff HTTP/1.1" 200 24724 "http://polyanka44.info/css/fonts.css" "Mozilla/5.0 (Windows NT 6.1; Win64; x64) AppleWebKit/537.36 (KHTML, like Gecko) Chrome/58.0.3029.96 Safari/537.36"
195.210.139.130 - - [04/May/2017:13:17:11 +0300] "GET /fonts/RobotoLight/RobotoLight.woff HTTP/1.1" 200 25348 "http://polyanka44.info/css/fonts.css" "Mozilla/5.0 (Windows NT 6.1; Win64; x64) AppleWebKit/537.36 (KHTML, like Gecko) Chrome/58.0.3029.96 Safari/537.36"
195.210.139.130 - - [04/May/2017:13:17:11 +0300] "GET /libs/font-awesome-4.2.0/fonts/fontawesome-webfont.woff?v=4.2.0 HTTP/1.1" 200 65452 "http://polyanka44.info/libs/font-awesome-4.2.0/css/font-awesome.min.css" "Mozilla/5.0 (Windows NT 6.1; Win64; x64) AppleWebKit/537.36 (KHTML, like Gecko) Chrome/58.0.3029.96 Safari/537.36"
195.210.139.130 - - [04/May/2017:13:17:30 +0300] "POST /mail.php HTTP/1.1" 200 31 "http://polyanka44.info/" "Mozilla/5.0 (Windows NT 6.1; Win64; x64) AppleWebKit/537.36 (KHTML, like Gecko) Chrome/58.0.3029.96 Safari/537.36"
195.210.139.130 - - [04/May/2017:13:17:42 +0300] "POST /mail.php HTTP/1.1" 200 31 "http://polyanka44.info/" "Mozilla/5.0 (Windows NT 6.1; Win64; x64) AppleWebKit/537.36 (KHTML, like Gecko) Chrome/58.0.3029.96 Safari/537.36"
195.210.139.130 - - [04/May/2017:13:18:11 +0300] "POST /mail.php HTTP/1.1" 200 31 "http://polyanka44.info/" "Mozilla/5.0 (Windows NT 6.1; Win64; x64) AppleWebKit/537.36 (KHTML, like Gecko) Chrome/58.0.3029.96 Safari/537.36"
195.210.139.130 - - [04/May/2017:13:18:22 +0300] "POST /mail.php HTTP/1.1" 200 31 "http://polyanka44.info/" "Mozilla/5.0 (Windows NT 6.1; Win64; x64) AppleWebKit/537.36 (KHTML, like Gecko) Chrome/58.0.3029.96 Safari/537.36"
195.210.139.130 - - [04/May/2017:13:18:50 +0300] "POST /mail.php HTTP/1.1" 200 31 "http://polyanka44.info/" "Mozilla/5.0 (Windows NT 6.1; Win64; x64) AppleWebKit/537.36 (KHTML, like Gecko) Chrome/58.0.3029.96 Safari/537.36"
195.210.139.130 - - [04/May/2017:13:19:02 +0300] "POST /mail.php HTTP/1.1" 200 31 "http://polyanka44.info/" "Mozilla/5.0 (Windows NT 6.1; Win64; x64) AppleWebKit/537.36 (KHTML, like Gecko) Chrome/58.0.3029.96 Safari/537.36"
195.210.139.130 - - [04/May/2017:13:19:21 +0300] "POST /mail.php HTTP/1.1" 200 31 "http://polyanka44.info/" "Mozilla/5.0 (Windows NT 6.1; Win64; x64) AppleWebKit/537.36 (KHTML, like Gecko) Chrome/58.0.3029.96 Safari/537.36"
66.249.64.229 - - [04/May/2017:13:49:12 +0300] "GET / HTTP/1.1" 200 6856 "-" "Mozilla/5.0 (Linux; Android 6.0.1; Nexus 5X Build/MMB29P) AppleWebKit/537.36 (KHTML, like Gecko) Chrome/41.0.2272.96 Mobile Safari/537.36 (compatible; Googlebot/2.1; +http://www.google.com/bot.html)"
66.249.64.229 - - [04/May/2017:15:45:41 +0300] "GET / HTTP/1.1" 200 6856 "-" "Mozilla/5.0 (Linux; Android 6.0.1; Nexus 5X Build/MMB29P) AppleWebKit/537.36 (KHTML, like Gecko) Chrome/41.0.2272.96 Mobile Safari/537.36 (compatible; Googlebot/2.1; +http://www.google.com/bot.html)"
66.249.64.229 - - [04/May/2017:16:24:37 +0300] "GET / HTTP/1.1" 200 6856 "-" "Mozilla/5.0 (Linux; Android 6.0.1; Nexus 5X Build/MMB29P) AppleWebKit/537.36 (KHTML, like Gecko) Chrome/41.0.2272.96 Mobile Safari/537.36 (compatible; Googlebot/2.1; +http://www.google.com/bot.html)"
195.210.139.130 - - [04/May/2017:17:23:16 +0300] "GET / HTTP/1.1" 200 6856 "-" "Mozilla/5.0 (Macintosh; Intel Mac OS X 10_10_5) AppleWebKit/603.1.30 (KHTML, like Gecko) Version/10.1 Safari/603.1.30"
195.210.139.130 - - [04/May/2017:17:23:16 +0300] "GET /fonts/RobotoLight/RobotoLight.woff HTTP/1.1" 200 25348 "http://polyanka44.info/" "Mozilla/5.0 (Macintosh; Intel Mac OS X 10_10_5) AppleWebKit/603.1.30 (KHTML, like Gecko) Version/10.1 Safari/603.1.30"
195.210.139.130 - - [04/May/2017:17:23:16 +0300] "GET /fonts/RobotoBold/RobotoBold.woff HTTP/1.1" 200 24724 "http://polyanka44.info/" "Mozilla/5.0 (Macintosh; Intel Mac OS X 10_10_5) AppleWebKit/603.1.30 (KHTML, like Gecko) Version/10.1 Safari/603.1.30"
195.210.139.130 - - [04/May/2017:17:23:16 +0300] "GET /libs/font-awesome-4.2.0/fonts/fontawesome-webfont.woff?v=4.2.0 HTTP/1.1" 200 65452 "http://polyanka44.info/" "Mozilla/5.0 (Macintosh; Intel Mac OS X 10_10_5) AppleWebKit/603.1.30 (KHTML, like Gecko) Version/10.1 Safari/603.1.30"
91.189.112.7 - - [04/May/2017:20:17:41 +0300] "GET / HTTP/1.1" 200 33649 "-" "Mozilla/5.0 (Windows NT 10.0; WOW64) AppleWebKit/537.36 (KHTML, like Gecko) Chrome/48.0.2564.109 Safari/537.36"
66.249.64.233 - - [04/May/2017:21:09:11 +0300] "GET / HTTP/1.1" 200 6856 "-" "Mozilla/5.0 (Linux; Android 6.0.1; Nexus 5X Build/MMB29P) AppleWebKit/537.36 (KHTML, like Gecko) Chrome/41.0.2272.96 Mobile Safari/537.36 (compatible; Googlebot/2.1; +http://www.google.com/bot.html)"
66.249.64.237 - - [04/May/2017:21:09:12 +0300] "GET / HTTP/1.1" 200 6856 "-" "Mozilla/5.0 (Linux; Android 6.0.1; Nexus 5X Build/MMB29P) AppleWebKit/537.36 (KHTML, like Gecko) Chrome/41.0.2272.96 Mobile Safari/537.36 (compatible; Googlebot/2.1; +http://www.google.com/bot.html)"
66.249.64.233 - - [05/May/2017:01:34:42 +0300] "GET / HTTP/1.1" 200 6856 "-" "Mozilla/5.0 (compatible; Googlebot/2.1; +http://www.google.com/bot.html)"
66.249.64.229 - - [05/May/2017:06:29:54 +0300] "GET / HTTP/1.1" 200 6856 "-" "Mozilla/5.0 (compatible; Googlebot/2.1; +http://www.google.com/bot.html)"
175.139.243.90 - - [05/May/2017:07:04:08 +0300] "GET / HTTP/1.1" 200 6856 "-" "Mozilla/5.0 (Windows; U; Windows NT 6.1; en-US) AppleWebKit/534.17 (KHTML, like Gecko) Chrome/11.0.654.0 Safari/534.17"
195.210.139.130 - - [05/May/2017:11:23:09 +0300] "GET /fonts/RobotoBold/RobotoBold.woff HTTP/1.1" 200 24724 "http://polyanka44.info/" "Mozilla/5.0 (Macintosh; Intel Mac OS X 10_10_5) AppleWebKit/603.1.30 (KHTML, like Gecko) Version/10.1 Safari/603.1.30"
195.210.139.130 - - [05/May/2017:11:23:53 +0300] "POST /mail.php HTTP/1.1" 200 31 "http://polyanka44.info/" "Mozilla/5.0 (Macintosh; Intel Mac OS X 10_10_5) AppleWebKit/603.1.30 (KHTML, like Gecko) Version/10.1 Safari/603.1.30"
195.210.139.130 - - [05/May/2017:11:24:44 +0300] "POST /mail.php HTTP/1.1" 200 31 "http://polyanka44.info/" "Mozilla/5.0 (Macintosh; Intel Mac OS X 10_10_5) AppleWebKit/603.1.30 (KHTML, like Gecko) Version/10.1 Safari/603.1.30"
45.55.135.194 - - [05/May/2017:16:22:54 +0300] "HEAD / HTTP/1.1" 200 0 "http://www.netcraft.com/survey/" "Mozilla/4.0 (compatible; Netcraft Web Server Survey)"
91.189.112.7 - - [05/May/2017:17:51:43 +0300] "GET / HTTP/1.1" 200 33649 "-" "Mozilla/5.0 (Windows NT 10.0; WOW64) AppleWebKit/537.36 (KHTML, like Gecko) Chrome/48.0.2564.109 Safari/537.36"
178.154.149.9 - - [05/May/2017:19:28:20 +0300] "GET / HTTP/1.1" 200 6856 "-" "Mozilla/5.0 (compatible; YandexBot/3.0; +http://yandex.com/bots)"
62.210.129.246 - - [06/May/2017:05:17:32 +0300] "GET / HTTP/1.1" 200 33649 "-" "Mozilla/5.0 (Windows NT 6.1) AppleWebKit/537.36 (KHTML, like Gecko) Chrome/27.0.1453.90 Safari/537.36"
66.249.64.229 - - [06/May/2017:07:34:21 +0300] "GET / HTTP/1.1" 200 6856 "-" "Mozilla/5.0 (Linux; Android 6.0.1; Nexus 5X Build/MMB29P) AppleWebKit/537.36 (KHTML, like Gecko) Chrome/41.0.2272.96 Mobile Safari/537.36 (compatible; Googlebot/2.1; +http://www.google.com/bot.html)"
66.249.64.237 - - [06/May/2017:08:05:00 +0300] "GET / HTTP/1.1" 200 6856 "-" "Mozilla/5.0 (compatible; Googlebot/2.1; +http://www.google.com/bot.html)"
66.249.64.229 - - [06/May/2017:09:16:23 +0300] "GET / HTTP/1.1" 200 6856 "-" "Mozilla/5.0 (Linux; Android 6.0.1; Nexus 5X Build/MMB29P) AppleWebKit/537.36 (KHTML, like Gecko) Chrome/41.0.2272.96 Mobile Safari/537.36 (compatible; Googlebot/2.1; +http://www.google.com/bot.html)"
66.249.64.233 - - [06/May/2017:11:48:30 +0300] "GET / HTTP/1.1" 200 6856 "-" "Mozilla/5.0 (Linux; Android 6.0.1; Nexus 5X Build/MMB29P) AppleWebKit/537.36 (KHTML, like Gecko) Chrome/41.0.2272.96 Mobile Safari/537.36 (compatible; Googlebot/2.1; +http://www.google.com/bot.html)"
66.249.64.233 - - [06/May/2017:13:00:10 +0300] "GET / HTTP/1.1" 200 6856 "-" "Mozilla/5.0 (compatible; Googlebot/2.1; +http://www.google.com/bot.html)"
66.249.64.233 - - [06/May/2017:21:03:22 +0300] "GET / HTTP/1.1" 200 6856 "-" "Mozilla/5.0 (compatible; Googlebot/2.1; +http://www.google.com/bot.html)"
66.249.64.229 - - [07/May/2017:00:32:18 +0300] "GET / HTTP/1.1" 200 6856 "-" "Mozilla/5.0 (Linux; Android 6.0.1; Nexus 5X Build/MMB29P) AppleWebKit/537.36 (KHTML, like Gecko) Chrome/41.0.2272.96 Mobile Safari/537.36 (compatible; Googlebot/2.1; +http://www.google.com/bot.html)"
66.249.64.237 - - [07/May/2017:01:48:45 +0300] "GET / HTTP/1.1" 200 6856 "-" "Mozilla/5.0 (compatible; Googlebot/2.1; +http://www.google.com/bot.html)"
94.228.201.181 - - [07/May/2017:12:45:43 +0300] "GET / HTTP/1.1" 200 6856 "-" "Mozilla/5.0 (iPad; CPU OS 9_3_4 like Mac OS X) AppleWebKit/601.1.46 (KHTML, like Gecko) Version/9.0 Mobile/13G35 Safari/601.1"
94.228.201.181 - - [07/May/2017:12:45:44 +0300] "GET /fonts/RobotoLight/RobotoLight.woff HTTP/1.1" 200 25348 "http://polyanka44.info/" "Mozilla/5.0 (iPad; CPU OS 9_3_4 like Mac OS X) AppleWebKit/601.1.46 (KHTML, like Gecko) Version/9.0 Mobile/13G35 Safari/601.1"
94.228.201.181 - - [07/May/2017:12:45:44 +0300] "GET /libs/font-awesome-4.2.0/fonts/fontawesome-webfont.woff?v=4.2.0 HTTP/1.1" 200 65452 "http://polyanka44.info/" "Mozilla/5.0 (iPad; CPU OS 9_3_4 like Mac OS X) AppleWebKit/601.1.46 (KHTML, like Gecko) Version/9.0 Mobile/13G35 Safari/601.1"
94.228.201.181 - - [07/May/2017:12:45:44 +0300] "GET /fonts/RobotoBold/RobotoBold.woff HTTP/1.1" 200 24724 "http://polyanka44.info/" "Mozilla/5.0 (iPad; CPU OS 9_3_4 like Mac OS X) AppleWebKit/601.1.46 (KHTML, like Gecko) Version/9.0 Mobile/13G35 Safari/601.1"
91.189.112.7 - - [07/May/2017:22:05:02 +0300] "GET / HTTP/1.1" 200 33649 "-" "Mozilla/5.0 (Windows NT 6.1; WOW64) AppleWebKit/537.36 (KHTML, like Gecko) Chrome/48.0.2564.116 Safari/537.36"
66.249.64.237 - - [08/May/2017:04:04:02 +0300] "GET / HTTP/1.1" 200 6856 "-" "Mozilla/5.0 (compatible; Googlebot/2.1; +http://www.google.com/bot.html)"
66.249.64.229 - - [08/May/2017:04:59:25 +0300] "GET / HTTP/1.1" 200 6856 "-" "Mozilla/5.0 (compatible; Googlebot/2.1; +http://www.google.com/bot.html)"
66.249.64.229 - - [08/May/2017:04:59:26 +0300] "GET / HTTP/1.1" 200 6856 "-" "Mozilla/5.0 (compatible; Googlebot/2.1; +http://www.google.com/bot.html)"
66.249.64.237 - - [08/May/2017:05:19:42 +0300] "GET / HTTP/1.1" 200 6856 "-" "Mozilla/5.0 (Linux; Android 6.0.1; Nexus 5X Build/MMB29P) AppleWebKit/537.36 (KHTML, like Gecko) Chrome/41.0.2272.96 Mobile Safari/537.36 (compatible; Googlebot/2.1; +http://www.google.com/bot.html)"
66.249.64.237 - - [08/May/2017:08:27:31 +0300] "GET / HTTP/1.1" 200 6856 "-" "Mozilla/5.0 (Linux; Android 6.0.1; Nexus 5X Build/MMB29P) AppleWebKit/537.36 (KHTML, like Gecko) Chrome/41.0.2272.96 Mobile Safari/537.36 (compatible; Googlebot/2.1; +http://www.google.com/bot.html)"
66.249.64.233 - - [08/May/2017:09:28:32 +0300] "GET / HTTP/1.1" 200 6856 "-" "Mozilla/5.0 (Linux; Android 6.0.1; Nexus 5X Build/MMB29P) AppleWebKit/537.36 (KHTML, like Gecko) Chrome/41.0.2272.96 Mobile Safari/537.36 (compatible; Googlebot/2.1; +http://www.google.com/bot.html)"
66.249.64.233 - - [08/May/2017:11:51:43 +0300] "GET / HTTP/1.1" 200 6856 "-" "Mozilla/5.0 (compatible; Googlebot/2.1; +http://www.google.com/bot.html)"
66.249.64.233 - - [08/May/2017:12:11:00 +0300] "GET / HTTP/1.1" 200 6856 "-" "Mozilla/5.0 (Linux; Android 6.0.1; Nexus 5X Build/MMB29P) AppleWebKit/537.36 (KHTML, like Gecko) Chrome/41.0.2272.96 Mobile Safari/537.36 (compatible; Googlebot/2.1; +http://www.google.com/bot.html)"
66.249.64.229 - - [08/May/2017:15:11:01 +0300] "GET / HTTP/1.1" 200 6856 "-" "Mozilla/5.0 (compatible; Googlebot/2.1; +http://www.google.com/bot.html)"
66.249.64.233 - - [08/May/2017:16:41:01 +0300] "GET / HTTP/1.1" 200 6856 "-" "Mozilla/5.0 (Linux; Android 6.0.1; Nexus 5X Build/MMB29P) AppleWebKit/537.36 (KHTML, like Gecko) Chrome/41.0.2272.96 Mobile Safari/537.36 (compatible; Googlebot/2.1; +http://www.google.com/bot.html)"
66.249.64.170 - - [08/May/2017:21:03:59 +0300] "GET / HTTP/1.1" 200 6856 "-" "Mozilla/5.0 (Linux; Android 6.0.1; Nexus 5X Build/MMB29P) AppleWebKit/537.36 (KHTML, like Gecko) Chrome/41.0.2272.96 Mobile Safari/537.36 (compatible; Googlebot/2.1; +http://www.google.com/bot.html)"
66.249.64.174 - - [09/May/2017:06:07:58 +0300] "GET / HTTP/1.1" 200 6856 "-" "Mozilla/5.0 (compatible; Googlebot/2.1; +http://www.google.com/bot.html)"
46.242.49.12 - - [09/May/2017:10:20:44 +0300] "GET / HTTP/1.1" 200 6856 "-" "Mozilla/5.0 (Windows NT 10.0; Win64; x64) AppleWebKit/537.36 (KHTML, like Gecko) Chrome/57.0.2987.133 Safari/537.36"
46.242.49.12 - - [09/May/2017:10:20:45 +0300] "GET /fonts/RobotoLight/RobotoLight.woff HTTP/1.1" 200 25348 "http://polyanka44.info/css/fonts.css" "Mozilla/5.0 (Windows NT 10.0; Win64; x64) AppleWebKit/537.36 (KHTML, like Gecko) Chrome/57.0.2987.133 Safari/537.36"
46.242.49.12 - - [09/May/2017:10:20:45 +0300] "GET /fonts/RobotoBold/RobotoBold.woff HTTP/1.1" 200 24724 "http://polyanka44.info/css/fonts.css" "Mozilla/5.0 (Windows NT 10.0; Win64; x64) AppleWebKit/537.36 (KHTML, like Gecko) Chrome/57.0.2987.133 Safari/537.36"
46.242.49.12 - - [09/May/2017:10:20:46 +0300] "GET /libs/font-awesome-4.2.0/fonts/fontawesome-webfont.woff?v=4.2.0 HTTP/1.1" 200 65452 "http://polyanka44.info/libs/font-awesome-4.2.0/css/font-awesome.min.css" "Mozilla/5.0 (Windows NT 10.0; Win64; x64) AppleWebKit/537.36 (KHTML, like Gecko) Chrome/57.0.2987.133 Safari/537.36"
46.242.49.12 - - [09/May/2017:10:46:38 +0300] "GET / HTTP/1.1" 200 6856 "-" "Mozilla/5.0 (Windows NT 10.0; Win64; x64) AppleWebKit/537.36 (KHTML, like Gecko) Chrome/57.0.2987.133 Safari/537.36"
46.242.49.12 - - [09/May/2017:10:46:38 +0300] "GET /fonts/RobotoBold/RobotoBold.woff HTTP/1.1" 200 24724 "http://polyanka44.info/css/fonts.css" "Mozilla/5.0 (Windows NT 10.0; Win64; x64) AppleWebKit/537.36 (KHTML, like Gecko) Chrome/57.0.2987.133 Safari/537.36"
46.242.49.12 - - [09/May/2017:10:46:38 +0300] "GET /fonts/RobotoLight/RobotoLight.woff HTTP/1.1" 200 25348 "http://polyanka44.info/css/fonts.css" "Mozilla/5.0 (Windows NT 10.0; Win64; x64) AppleWebKit/537.36 (KHTML, like Gecko) Chrome/57.0.2987.133 Safari/537.36"
46.242.49.12 - - [09/May/2017:10:46:38 +0300] "GET /libs/font-awesome-4.2.0/fonts/fontawesome-webfont.woff?v=4.2.0 HTTP/1.1" 200 65452 "http://polyanka44.info/libs/font-awesome-4.2.0/css/font-awesome.min.css" "Mozilla/5.0 (Windows NT 10.0; Win64; x64) AppleWebKit/537.36 (KHTML, like Gecko) Chrome/57.0.2987.133 Safari/537.36"
46.242.49.12 - - [09/May/2017:10:46:39 +0300] "GET / HTTP/1.1" 200 6856 "-" "Mozilla/5.0 (Windows NT 10.0; Win64; x64) AppleWebKit/537.36 (KHTML, like Gecko) Chrome/57.0.2987.133 Safari/537.36"
46.242.49.12 - - [09/May/2017:10:46:39 +0300] "GET /libs/font-awesome-4.2.0/fonts/fontawesome-webfont.woff?v=4.2.0 HTTP/1.1" 200 65452 "http://polyanka44.info/libs/font-awesome-4.2.0/css/font-awesome.min.css" "Mozilla/5.0 (Windows NT 10.0; Win64; x64) AppleWebKit/537.36 (KHTML, like Gecko) Chrome/57.0.2987.133 Safari/537.36"
46.242.49.12 - - [09/May/2017:10:46:39 +0300] "GET /fonts/RobotoBold/RobotoBold.woff HTTP/1.1" 200 24724 "http://polyanka44.info/css/fonts.css" "Mozilla/5.0 (Windows NT 10.0; Win64; x64) AppleWebKit/537.36 (KHTML, like Gecko) Chrome/57.0.2987.133 Safari/537.36"
46.242.49.12 - - [09/May/2017:10:46:39 +0300] "GET /fonts/RobotoLight/RobotoLight.woff HTTP/1.1" 200 25348 "http://polyanka44.info/css/fonts.css" "Mozilla/5.0 (Windows NT 10.0; Win64; x64) AppleWebKit/537.36 (KHTML, like Gecko) Chrome/57.0.2987.133 Safari/537.36"
46.242.49.12 - - [09/May/2017:10:46:54 +0300] "POST /mail.php HTTP/1.1" 200 31 "http://polyanka44.info/" "Mozilla/5.0 (Windows NT 10.0; Win64; x64) AppleWebKit/537.36 (KHTML, like Gecko) Chrome/57.0.2987.133 Safari/537.36"
46.242.49.12 - - [09/May/2017:10:55:58 +0300] "GET / HTTP/1.1" 200 6856 "-" "Mozilla/5.0 (Windows NT 10.0; Win64; x64) AppleWebKit/537.36 (KHTML, like Gecko) Chrome/57.0.2987.133 Safari/537.36"
46.242.49.12 - - [09/May/2017:10:55:58 +0300] "GET /fonts/RobotoBold/RobotoBold.woff HTTP/1.1" 200 24724 "http://polyanka44.info/css/fonts.css" "Mozilla/5.0 (Windows NT 10.0; Win64; x64) AppleWebKit/537.36 (KHTML, like Gecko) Chrome/57.0.2987.133 Safari/537.36"
46.242.49.12 - - [09/May/2017:10:55:58 +0300] "GET /fonts/RobotoLight/RobotoLight.woff HTTP/1.1" 200 25348 "http://polyanka44.info/css/fonts.css" "Mozilla/5.0 (Windows NT 10.0; Win64; x64) AppleWebKit/537.36 (KHTML, like Gecko) Chrome/57.0.2987.133 Safari/537.36"
46.242.49.12 - - [09/May/2017:10:55:58 +0300] "GET /libs/font-awesome-4.2.0/fonts/fontawesome-webfont.woff?v=4.2.0 HTTP/1.1" 200 65452 "http://polyanka44.info/libs/font-awesome-4.2.0/css/font-awesome.min.css" "Mozilla/5.0 (Windows NT 10.0; Win64; x64) AppleWebKit/537.36 (KHTML, like Gecko) Chrome/57.0.2987.133 Safari/537.36"
46.242.49.12 - - [09/May/2017:10:55:59 +0300] "GET / HTTP/1.1" 200 6856 "-" "Mozilla/5.0 (Windows NT 10.0; Win64; x64) AppleWebKit/537.36 (KHTML, like Gecko) Chrome/57.0.2987.133 Safari/537.36"
46.242.49.12 - - [09/May/2017:10:55:59 +0300] "GET /fonts/RobotoBold/RobotoBold.woff HTTP/1.1" 200 24724 "http://polyanka44.info/css/fonts.css" "Mozilla/5.0 (Windows NT 10.0; Win64; x64) AppleWebKit/537.36 (KHTML, like Gecko) Chrome/57.0.2987.133 Safari/537.36"
46.242.49.12 - - [09/May/2017:10:55:59 +0300] "GET /fonts/RobotoLight/RobotoLight.woff HTTP/1.1" 200 25348 "http://polyanka44.info/css/fonts.css" "Mozilla/5.0 (Windows NT 10.0; Win64; x64) AppleWebKit/537.36 (KHTML, like Gecko) Chrome/57.0.2987.133 Safari/537.36"
46.242.49.12 - - [09/May/2017:10:55:59 +0300] "GET /libs/font-awesome-4.2.0/fonts/fontawesome-webfont.woff?v=4.2.0 HTTP/1.1" 200 65452 "http://polyanka44.info/libs/font-awesome-4.2.0/css/font-awesome.min.css" "Mozilla/5.0 (Windows NT 10.0; Win64; x64) AppleWebKit/537.36 (KHTML, like Gecko) Chrome/57.0.2987.133 Safari/537.36"
46.242.49.12 - - [09/May/2017:10:56:06 +0300] "POST /mail.php HTTP/1.1" 500 5 "http://polyanka44.info/" "Mozilla/5.0 (Windows NT 10.0; Win64; x64) AppleWebKit/537.36 (KHTML, like Gecko) Chrome/57.0.2987.133 Safari/537.36"
46.242.49.12 - - [09/May/2017:10:56:10 +0300] "POST /mail.php HTTP/1.1" 500 5 "http://polyanka44.info/" "Mozilla/5.0 (Windows NT 10.0; Win64; x64) AppleWebKit/537.36 (KHTML, like Gecko) Chrome/57.0.2987.133 Safari/537.36"
46.242.49.12 - - [09/May/2017:10:56:12 +0300] "GET / HTTP/1.1" 200 6856 "-" "Mozilla/5.0 (Windows NT 10.0; Win64; x64) AppleWebKit/537.36 (KHTML, like Gecko) Chrome/57.0.2987.133 Safari/537.36"
46.242.49.12 - - [09/May/2017:10:56:12 +0300] "GET /fonts/RobotoBold/RobotoBold.woff HTTP/1.1" 200 24724 "http://polyanka44.info/css/fonts.css" "Mozilla/5.0 (Windows NT 10.0; Win64; x64) AppleWebKit/537.36 (KHTML, like Gecko) Chrome/57.0.2987.133 Safari/537.36"
46.242.49.12 - - [09/May/2017:10:56:12 +0300] "GET /fonts/RobotoLight/RobotoLight.woff HTTP/1.1" 200 25348 "http://polyanka44.info/css/fonts.css" "Mozilla/5.0 (Windows NT 10.0; Win64; x64) AppleWebKit/537.36 (KHTML, like Gecko) Chrome/57.0.2987.133 Safari/537.36"
46.242.49.12 - - [09/May/2017:10:56:12 +0300] "GET /libs/font-awesome-4.2.0/fonts/fontawesome-webfont.woff?v=4.2.0 HTTP/1.1" 200 65452 "http://polyanka44.info/libs/font-awesome-4.2.0/css/font-awesome.min.css" "Mozilla/5.0 (Windows NT 10.0; Win64; x64) AppleWebKit/537.36 (KHTML, like Gecko) Chrome/57.0.2987.133 Safari/537.36"
46.242.49.12 - - [09/May/2017:10:56:50 +0300] "POST /mail.php HTTP/1.1" 500 5 "http://polyanka44.info/" "Mozilla/5.0 (Windows NT 10.0; Win64; x64) AppleWebKit/537.36 (KHTML, like Gecko) Chrome/57.0.2987.133 Safari/537.36"
46.242.49.12 - - [09/May/2017:10:59:35 +0300] "GET / HTTP/1.1" 304 0 "-" "Mozilla/5.0 (Windows NT 10.0; Win64; x64) AppleWebKit/537.36 (KHTML, like Gecko) Chrome/57.0.2987.133 Safari/537.36"
46.242.49.12 - - [09/May/2017:10:59:41 +0300] "POST /mail.php HTTP/1.1" 500 5 "http://polyanka44.info/" "Mozilla/5.0 (Windows NT 10.0; Win64; x64) AppleWebKit/537.36 (KHTML, like Gecko) Chrome/57.0.2987.133 Safari/537.36"
46.242.49.12 - - [09/May/2017:10:59:44 +0300] "GET / HTTP/1.1" 200 6856 "-" "Mozilla/5.0 (Windows NT 10.0; Win64; x64) AppleWebKit/537.36 (KHTML, like Gecko) Chrome/57.0.2987.133 Safari/537.36"
46.242.49.12 - - [09/May/2017:10:59:44 +0300] "GET /fonts/RobotoLight/RobotoLight.woff HTTP/1.1" 200 25348 "http://polyanka44.info/css/fonts.css" "Mozilla/5.0 (Windows NT 10.0; Win64; x64) AppleWebKit/537.36 (KHTML, like Gecko) Chrome/57.0.2987.133 Safari/537.36"
46.242.49.12 - - [09/May/2017:10:59:44 +0300] "GET /fonts/RobotoBold/RobotoBold.woff HTTP/1.1" 200 24724 "http://polyanka44.info/css/fonts.css" "Mozilla/5.0 (Windows NT 10.0; Win64; x64) AppleWebKit/537.36 (KHTML, like Gecko) Chrome/57.0.2987.133 Safari/537.36"
46.242.49.12 - - [09/May/2017:10:59:44 +0300] "GET /libs/font-awesome-4.2.0/fonts/fontawesome-webfont.woff?v=4.2.0 HTTP/1.1" 200 65452 "http://polyanka44.info/libs/font-awesome-4.2.0/css/font-awesome.min.css" "Mozilla/5.0 (Windows NT 10.0; Win64; x64) AppleWebKit/537.36 (KHTML, like Gecko) Chrome/57.0.2987.133 Safari/537.36"
46.242.49.12 - - [09/May/2017:10:59:48 +0300] "POST /mail.php HTTP/1.1" 500 5 "http://polyanka44.info/" "Mozilla/5.0 (Windows NT 10.0; Win64; x64) AppleWebKit/537.36 (KHTML, like Gecko) Chrome/57.0.2987.133 Safari/537.36"
46.242.49.12 - - [09/May/2017:11:00:31 +0300] "GET / HTTP/1.1" 200 6856 "-" "Mozilla/5.0 (Windows NT 10.0; Win64; x64) AppleWebKit/537.36 (KHTML, like Gecko) Chrome/57.0.2987.133 Safari/537.36"
46.242.49.12 - - [09/May/2017:11:00:32 +0300] "GET /fonts/RobotoBold/RobotoBold.woff HTTP/1.1" 200 24724 "http://polyanka44.info/css/fonts.css" "Mozilla/5.0 (Windows NT 10.0; Win64; x64) AppleWebKit/537.36 (KHTML, like Gecko) Chrome/57.0.2987.133 Safari/537.36"
46.242.49.12 - - [09/May/2017:11:00:32 +0300] "GET /fonts/RobotoLight/RobotoLight.woff HTTP/1.1" 200 25348 "http://polyanka44.info/css/fonts.css" "Mozilla/5.0 (Windows NT 10.0; Win64; x64) AppleWebKit/537.36 (KHTML, like Gecko) Chrome/57.0.2987.133 Safari/537.36"
46.242.49.12 - - [09/May/2017:11:00:32 +0300] "GET /libs/font-awesome-4.2.0/fonts/fontawesome-webfont.woff?v=4.2.0 HTTP/1.1" 200 65452 "http://polyanka44.info/libs/font-awesome-4.2.0/css/font-awesome.min.css" "Mozilla/5.0 (Windows NT 10.0; Win64; x64) AppleWebKit/537.36 (KHTML, like Gecko) Chrome/57.0.2987.133 Safari/537.36"
46.242.49.12 - - [09/May/2017:11:00:38 +0300] "POST /mail.php HTTP/1.1" 500 5 "http://polyanka44.info/" "Mozilla/5.0 (Windows NT 10.0; Win64; x64) AppleWebKit/537.36 (KHTML, like Gecko) Chrome/57.0.2987.133 Safari/537.36"
46.242.49.12 - - [09/May/2017:11:00:42 +0300] "GET / HTTP/1.1" 200 6856 "-" "Mozilla/5.0 (Windows NT 10.0; Win64; x64) AppleWebKit/537.36 (KHTML, like Gecko) Chrome/57.0.2987.133 Safari/537.36"
46.242.49.12 - - [09/May/2017:11:00:42 +0300] "GET /fonts/RobotoBold/RobotoBold.woff HTTP/1.1" 200 24724 "http://polyanka44.info/css/fonts.css" "Mozilla/5.0 (Windows NT 10.0; Win64; x64) AppleWebKit/537.36 (KHTML, like Gecko) Chrome/57.0.2987.133 Safari/537.36"
46.242.49.12 - - [09/May/2017:11:00:42 +0300] "GET /libs/font-awesome-4.2.0/fonts/fontawesome-webfont.woff?v=4.2.0 HTTP/1.1" 200 65452 "http://polyanka44.info/libs/font-awesome-4.2.0/css/font-awesome.min.css" "Mozilla/5.0 (Windows NT 10.0; Win64; x64) AppleWebKit/537.36 (KHTML, like Gecko) Chrome/57.0.2987.133 Safari/537.36"
46.242.49.12 - - [09/May/2017:11:00:42 +0300] "GET /fonts/RobotoLight/RobotoLight.woff HTTP/1.1" 200 25348 "http://polyanka44.info/css/fonts.css" "Mozilla/5.0 (Windows NT 10.0; Win64; x64) AppleWebKit/537.36 (KHTML, like Gecko) Chrome/57.0.2987.133 Safari/537.36"
46.242.49.12 - - [09/May/2017:11:01:06 +0300] "GET / HTTP/1.1" 200 6856 "-" "Mozilla/5.0 (Windows NT 10.0; Win64; x64) AppleWebKit/537.36 (KHTML, like Gecko) Chrome/57.0.2987.133 Safari/537.36"
46.242.49.12 - - [09/May/2017:11:01:06 +0300] "GET /fonts/RobotoLight/RobotoLight.woff HTTP/1.1" 200 25348 "http://polyanka44.info/css/fonts.css" "Mozilla/5.0 (Windows NT 10.0; Win64; x64) AppleWebKit/537.36 (KHTML, like Gecko) Chrome/57.0.2987.133 Safari/537.36"
46.242.49.12 - - [09/May/2017:11:01:06 +0300] "GET /fonts/RobotoBold/RobotoBold.woff HTTP/1.1" 200 24724 "http://polyanka44.info/css/fonts.css" "Mozilla/5.0 (Windows NT 10.0; Win64; x64) AppleWebKit/537.36 (KHTML, like Gecko) Chrome/57.0.2987.133 Safari/537.36"
46.242.49.12 - - [09/May/2017:11:01:06 +0300] "GET /libs/font-awesome-4.2.0/fonts/fontawesome-webfont.woff?v=4.2.0 HTTP/1.1" 200 65452 "http://polyanka44.info/libs/font-awesome-4.2.0/css/font-awesome.min.css" "Mozilla/5.0 (Windows NT 10.0; Win64; x64) AppleWebKit/537.36 (KHTML, like Gecko) Chrome/57.0.2987.133 Safari/537.36"
46.242.49.12 - - [09/May/2017:11:01:12 +0300] "POST /mail.php HTTP/1.1" 200 31 "http://polyanka44.info/" "Mozilla/5.0 (Windows NT 10.0; Win64; x64) AppleWebKit/537.36 (KHTML, like Gecko) Chrome/57.0.2987.133 Safari/537.36"
66.249.64.174 - - [09/May/2017:12:55:20 +0300] "GET / HTTP/1.1" 200 6856 "-" "Mozilla/5.0 (compatible; Googlebot/2.1; +http://www.google.com/bot.html)"
66.249.64.170 - - [09/May/2017:19:25:11 +0300] "GET / HTTP/1.1" 200 6856 "-" "Mozilla/5.0 (compatible; Googlebot/2.1; +http://www.google.com/bot.html)"
66.249.64.174 - - [09/May/2017:20:56:08 +0300] "GET / HTTP/1.1" 200 6856 "-" "Mozilla/5.0 (Linux; Android 6.0.1; Nexus 5X Build/MMB29P) AppleWebKit/537.36 (KHTML, like Gecko) Chrome/41.0.2272.96 Mobile Safari/537.36 (compatible; Googlebot/2.1; +http://www.google.com/bot.html)"
66.249.64.237 - - [10/May/2017:00:31:48 +0300] "GET / HTTP/1.1" 200 6856 "-" "Mozilla/5.0 (Linux; Android 6.0.1; Nexus 5X Build/MMB29P) AppleWebKit/537.36 (KHTML, like Gecko) Chrome/41.0.2272.96 Mobile Safari/537.36 (compatible; Googlebot/2.1; +http://www.google.com/bot.html)"
66.249.64.166 - - [10/May/2017:01:50:00 +0300] "GET / HTTP/1.1" 200 6856 "-" "Mozilla/5.0 (compatible; Googlebot/2.1; +http://www.google.com/bot.html)"
66.249.64.166 - - [10/May/2017:01:50:01 +0300] "GET / HTTP/1.1" 200 6856 "-" "Mozilla/5.0 (compatible; Googlebot/2.1; +http://www.google.com/bot.html)"
66.249.64.166 - - [10/May/2017:02:05:21 +0300] "GET / HTTP/1.1" 200 6856 "-" "Mozilla/5.0 (Linux; Android 6.0.1; Nexus 5X Build/MMB29P) AppleWebKit/537.36 (KHTML, like Gecko) Chrome/41.0.2272.96 Mobile Safari/537.36 (compatible; Googlebot/2.1; +http://www.google.com/bot.html)"
66.249.64.174 - - [10/May/2017:03:05:57 +0300] "GET / HTTP/1.1" 200 6856 "-" "Mozilla/5.0 (compatible; Googlebot/2.1; +http://www.google.com/bot.html)"
66.249.64.166 - - [10/May/2017:03:31:17 +0300] "GET / HTTP/1.1" 200 6856 "-" "Mozilla/5.0 (Linux; Android 6.0.1; Nexus 5X Build/MMB29P) AppleWebKit/537.36 (KHTML, like Gecko) Chrome/41.0.2272.96 Mobile Safari/537.36 (compatible; Googlebot/2.1; +http://www.google.com/bot.html)"
66.249.64.166 - - [10/May/2017:03:31:17 +0300] "GET / HTTP/1.1" 200 6856 "-" "Mozilla/5.0 (Linux; Android 6.0.1; Nexus 5X Build/MMB29P) AppleWebKit/537.36 (KHTML, like Gecko) Chrome/41.0.2272.96 Mobile Safari/537.36 (compatible; Googlebot/2.1; +http://www.google.com/bot.html)"
66.249.64.174 - - [10/May/2017:04:42:47 +0300] "GET / HTTP/1.1" 200 6856 "-" "Mozilla/5.0 (Linux; Android 6.0.1; Nexus 5X Build/MMB29P) AppleWebKit/537.36 (KHTML, like Gecko) Chrome/41.0.2272.96 Mobile Safari/537.36 (compatible; Googlebot/2.1; +http://www.google.com/bot.html)"
66.249.64.166 - - [10/May/2017:04:57:48 +0300] "GET / HTTP/1.1" 200 6856 "-" "Mozilla/5.0 (compatible; Googlebot/2.1; +http://www.google.com/bot.html)"
66.249.64.170 - - [10/May/2017:07:45:02 +0300] "GET / HTTP/1.1" 200 6856 "-" "Mozilla/5.0 (Linux; Android 6.0.1; Nexus 5X Build/MMB29P) AppleWebKit/537.36 (KHTML, like Gecko) Chrome/41.0.2272.96 Mobile Safari/537.36 (compatible; Googlebot/2.1; +http://www.google.com/bot.html)"
66.249.64.170 - - [10/May/2017:08:10:28 +0300] "GET / HTTP/1.1" 200 6856 "-" "Mozilla/5.0 (compatible; Googlebot/2.1; +http://www.google.com/bot.html)"
195.210.139.130 - - [10/May/2017:11:07:43 +0300] "GET /fonts/RobotoBold/RobotoBold.woff HTTP/1.1" 304 0 "http://polyanka44.info/" "Mozilla/5.0 (Macintosh; Intel Mac OS X 10_10_5) AppleWebKit/603.1.30 (KHTML, like Gecko) Version/10.1 Safari/603.1.30"
195.210.139.130 - - [10/May/2017:11:07:43 +0300] "GET /libs/font-awesome-4.2.0/fonts/fontawesome-webfont.woff?v=4.2.0 HTTP/1.1" 304 0 "http://polyanka44.info/" "Mozilla/5.0 (Macintosh; Intel Mac OS X 10_10_5) AppleWebKit/603.1.30 (KHTML, like Gecko) Version/10.1 Safari/603.1.30"
195.210.139.130 - - [10/May/2017:11:07:43 +0300] "GET /fonts/RobotoLight/RobotoLight.woff HTTP/1.1" 304 0 "http://polyanka44.info/" "Mozilla/5.0 (Macintosh; Intel Mac OS X 10_10_5) AppleWebKit/603.1.30 (KHTML, like Gecko) Version/10.1 Safari/603.1.30"
66.249.64.174 - - [10/May/2017:16:42:03 +0300] "GET / HTTP/1.1" 200 6856 "-" "Mozilla/5.0 (compatible; Googlebot/2.1; +http://www.google.com/bot.html)"
66.249.64.174 - - [11/May/2017:04:31:07 +0300] "GET / HTTP/1.1" 200 6856 "-" "Mozilla/5.0 (compatible; Googlebot/2.1; +http://www.google.com/bot.html)"
66.249.64.174 - - [11/May/2017:04:41:06 +0300] "GET / HTTP/1.1" 200 6856 "-" "Mozilla/5.0 (Linux; Android 6.0.1; Nexus 5X Build/MMB29P) AppleWebKit/537.36 (KHTML, like Gecko) Chrome/41.0.2272.96 Mobile Safari/537.36 (compatible; Googlebot/2.1; +http://www.google.com/bot.html)"
66.249.64.174 - - [11/May/2017:08:38:42 +0300] "GET / HTTP/1.1" 200 6856 "-" "Mozilla/5.0 (compatible; Googlebot/2.1; +http://www.google.com/bot.html)"
66.249.64.170 - - [11/May/2017:12:02:07 +0300] "GET / HTTP/1.1" 200 6856 "-" "Mozilla/5.0 (Linux; Android 6.0.1; Nexus 5X Build/MMB29P) AppleWebKit/537.36 (KHTML, like Gecko) Chrome/41.0.2272.96 Mobile Safari/537.36 (compatible; Googlebot/2.1; +http://www.google.com/bot.html)"
66.249.64.229 - - [11/May/2017:16:08:16 +0300] "GET / HTTP/1.1" 200 6856 "-" "Mozilla/5.0 (compatible; Googlebot/2.1; +http://www.google.com/bot.html)"
45.55.131.126 - - [11/May/2017:17:57:47 +0300] "GET / HTTP/1.0" 200 33649 "-" "Mozilla/5.0 (compatible; NetcraftSurveyAgent/1.0; +info@netcraft.com)"
104.236.253.240 - - [11/May/2017:19:34:03 +0300] "GET / HTTP/1.0" 200 33649 "-" "Mozilla/5.0 (compatible; NetcraftSurveyAgent/1.0; +info@netcraft.com)"
188.165.2.183 - - [11/May/2017:19:46:27 +0300] "GET / HTTP/1.1" 200 6856 "https://google.com/" "Mozilla/5.0 (X11; Ubuntu; Linux x86_64; rv:26.0) Gecko/20100101 Firefox/26.0"
66.249.64.237 - - [11/May/2017:19:52:14 +0300] "GET / HTTP/1.1" 200 6856 "-" "Mozilla/5.0 (compatible; Googlebot/2.1; +http://www.google.com/bot.html)"
149.56.204.245 - - [12/May/2017:05:10:49 +0300] "GET / HTTP/1.1" 200 33649 "-" "Mozilla/5.0 (Windows NT 6.1) AppleWebKit/537.36 (KHTML, like Gecko) Chrome/27.0.1453.90 Safari/537.36"
66.249.64.233 - - [12/May/2017:09:53:57 +0300] "GET / HTTP/1.1" 200 6856 "-" "Mozilla/5.0 (Linux; Android 6.0.1; Nexus 5X Build/MMB29P) AppleWebKit/537.36 (KHTML, like Gecko) Chrome/41.0.2272.96 Mobile Safari/537.36 (compatible; Googlebot/2.1; +http://www.google.com/bot.html)"
66.249.64.233 - - [12/May/2017:13:56:56 +0300] "GET / HTTP/1.1" 200 6856 "-" "Mozilla/5.0 (compatible; Googlebot/2.1; +http://www.google.com/bot.html)"
66.249.64.229 - - [12/May/2017:15:22:39 +0300] "GET / HTTP/1.1" 200 6856 "-" "Mozilla/5.0 (Linux; Android 6.0.1; Nexus 5X Build/MMB29P) AppleWebKit/537.36 (KHTML, like Gecko) Chrome/41.0.2272.96 Mobile Safari/537.36 (compatible; Googlebot/2.1; +http://www.google.com/bot.html)"
66.249.64.237 - - [12/May/2017:15:22:40 +0300] "GET / HTTP/1.1" 200 6856 "-" "Mozilla/5.0 (Linux; Android 6.0.1; Nexus 5X Build/MMB29P) AppleWebKit/537.36 (KHTML, like Gecko) Chrome/41.0.2272.96 Mobile Safari/537.36 (compatible; Googlebot/2.1; +http://www.google.com/bot.html)"
66.249.64.233 - - [12/May/2017:15:47:46 +0300] "GET / HTTP/1.1" 200 6856 "-" "Mozilla/5.0 (compatible; Googlebot/2.1; +http://www.google.com/bot.html)"
66.249.64.237 - - [12/May/2017:17:34:56 +0300] "GET / HTTP/1.1" 200 6856 "-" "Mozilla/5.0 (Linux; Android 6.0.1; Nexus 5X Build/MMB29P) AppleWebKit/537.36 (KHTML, like Gecko) Chrome/41.0.2272.96 Mobile Safari/537.36 (compatible; Googlebot/2.1; +http://www.google.com/bot.html)"
66.249.64.233 - - [12/May/2017:19:52:13 +0300] "GET / HTTP/1.1" 200 6856 "-" "Mozilla/5.0 (Linux; Android 6.0.1; Nexus 5X Build/MMB29P) AppleWebKit/537.36 (KHTML, like Gecko) Chrome/41.0.2272.96 Mobile Safari/537.36 (compatible; Googlebot/2.1; +http://www.google.com/bot.html)"
66.249.64.237 - - [12/May/2017:20:17:53 +0300] "GET / HTTP/1.1" 200 6856 "-" "Mozilla/5.0 (compatible; Googlebot/2.1; +http://www.google.com/bot.html)"
66.249.64.237 - - [12/May/2017:20:33:08 +0300] "GET / HTTP/1.1" 200 6856 "-" "Mozilla/5.0 (compatible; Googlebot/2.1; +http://www.google.com/bot.html)"
128.69.232.241 - - [12/May/2017:21:05:25 +0300] "GET / HTTP/1.1" 200 6856 "http://yandex.ru/clck/jsredir?from=yandex.ru%3Bsearch%3Bweb%3B%3B&text=&etext=1419.z9HQDcC6bDHXM4yUlaz4xAV5OhUUoQxR02-AIQN_CYiTDRuq_ex4wZoFs_k6pjOc.6bed9647466c52667d03f1bc15b18b3349e7b8cb&uuid=&state=_BLhILn4SxNIvvL0W45KSic66uCIg23qh8iRG98qeIXmeppkgUc0YL_nDC5hqtEQ6WayFoZKRZE&data=UlNrNmk5WktYejR0eWJFYk1Ldmtxci1oM2JaMVJMVDNVVjZBRXpEa2k4SVdQa0ZBWlduQ0UtSVZySnd4SU9oVnpxR0l2bEtkcjFLcnBVRVhJS1dRTnpWVi1UeUFhXzYtLUprTWpURFBFdDQ&b64e=2&sign=2d823511b2f39b70abf6161b32f5ef78&keyno=0&cst=AiuY0DBWFJ7IXge4WdYJQYpgPUyh7uQl0M3UTRkwfaWotVfGJm84yv6nMty5HuLV9ghLGLCi2sFxu4salLlMHTBI8VIi477TaiqiZiGhr3PrD9nJ-1PAXQPpchtQhJmKfvjAm27A9t7Z41c-EGpaDP6y5YbgxHQu&ref=orjY4mGPRjk5boDnW0uvlrrd71vZw9kp5uQozpMtKCVz9TJ3Mp6DkUYoaEo3TtJxNt4khRtZWH8rcmeUDLpan0S7hSNO7ZOnu4y4BECpGbgVawvh3aUUXg&l10n=ru&cts=1494608292067&mc=7.01458135241" "Mozilla/4.0 (compatible; MSIE 8.0; Windows NT 5.1; Trident/4.0; .NET CLR 2.0.50727; .NET CLR 3.0.4506.2152; .NET CLR 3.5.30729)"
128.69.232.241 - - [12/May/2017:21:05:27 +0300] "GET /libs/font-awesome-4.2.0/fonts/fontawesome-webfont.eot? HTTP/1.1" 200 56006 "http://polyanka44.info/" "Mozilla/4.0 (compatible; MSIE 8.0; Windows NT 5.1; Trident/4.0; .NET CLR 2.0.50727; .NET CLR 3.0.4506.2152; .NET CLR 3.5.30729)"
128.69.232.241 - - [12/May/2017:21:05:27 +0300] "GET /fonts/RobotoRegular/RobotoRegular.eot? HTTP/1.1" 200 50854 "http://polyanka44.info/" "Mozilla/4.0 (compatible; MSIE 8.0; Windows NT 5.1; Trident/4.0; .NET CLR 2.0.50727; .NET CLR 3.0.4506.2152; .NET CLR 3.5.30729)"
128.69.232.241 - - [12/May/2017:21:05:27 +0300] "GET /fonts/RobotoLight/RobotoLight.eot? HTTP/1.1" 200 49434 "http://polyanka44.info/" "Mozilla/4.0 (compatible; MSIE 8.0; Windows NT 5.1; Trident/4.0; .NET CLR 2.0.50727; .NET CLR 3.0.4506.2152; .NET CLR 3.5.30729)"
128.69.232.241 - - [12/May/2017:21:05:27 +0300] "GET /fonts/RobotoMedium/RobotoMedium.eot? HTTP/1.1" 200 49802 "http://polyanka44.info/" "Mozilla/4.0 (compatible; MSIE 8.0; Windows NT 5.1; Trident/4.0; .NET CLR 2.0.50727; .NET CLR 3.0.4506.2152; .NET CLR 3.5.30729)"
128.69.232.241 - - [12/May/2017:21:05:28 +0300] "GET /fonts/RobotoBold/RobotoBold.eot? HTTP/1.1" 200 48606 "http://polyanka44.info/" "Mozilla/4.0 (compatible; MSIE 8.0; Windows NT 5.1; Trident/4.0; .NET CLR 2.0.50727; .NET CLR 3.0.4506.2152; .NET CLR 3.5.30729)"
66.249.64.229 - - [12/May/2017:22:15:14 +0300] "GET / HTTP/1.1" 200 6856 "-" "Mozilla/5.0 (Linux; Android 6.0.1; Nexus 5X Build/MMB29P) AppleWebKit/537.36 (KHTML, like Gecko) Chrome/41.0.2272.96 Mobile Safari/537.36 (compatible; Googlebot/2.1; +http://www.google.com/bot.html)"
66.249.64.229 - - [12/May/2017:23:21:02 +0300] "GET / HTTP/1.1" 200 6856 "-" "Mozilla/5.0 (Linux; Android 6.0.1; Nexus 5X Build/MMB29P) AppleWebKit/537.36 (KHTML, like Gecko) Chrome/41.0.2272.96 Mobile Safari/537.36 (compatible; Googlebot/2.1; +http://www.google.com/bot.html)"
66.249.64.237 - - [12/May/2017:23:41:12 +0300] "GET / HTTP/1.1" 200 6856 "-" "Mozilla/5.0 (compatible; Googlebot/2.1; +http://www.google.com/bot.html)"
66.249.64.233 - - [12/May/2017:23:51:24 +0300] "GET / HTTP/1.1" 200 6856 "-" "Mozilla/5.0 (compatible; Googlebot/2.1; +http://www.google.com/bot.html)"
66.249.64.237 - - [13/May/2017:01:02:55 +0300] "GET / HTTP/1.1" 200 6856 "-" "Mozilla/5.0 (compatible; Googlebot/2.1; +http://www.google.com/bot.html)"
66.249.64.233 - - [13/May/2017:01:04:11 +0300] "GET / HTTP/1.1" 200 6856 "-" "Mozilla/5.0 (compatible; Googlebot/2.1; +http://www.google.com/bot.html)"
66.249.64.233 - - [13/May/2017:05:33:08 +0300] "GET / HTTP/1.1" 200 6856 "-" "Mozilla/5.0 (compatible; Googlebot/2.1; +http://www.google.com/bot.html)"
66.249.64.229 - - [13/May/2017:05:48:18 +0300] "GET / HTTP/1.1" 200 6856 "-" "Mozilla/5.0 (compatible; Googlebot/2.1; +http://www.google.com/bot.html)"
66.249.64.237 - - [13/May/2017:06:38:54 +0300] "GET / HTTP/1.1" 200 6856 "-" "Mozilla/5.0 (compatible; Googlebot/2.1; +http://www.google.com/bot.html)"
66.249.64.229 - - [13/May/2017:07:04:34 +0300] "GET / HTTP/1.1" 200 6856 "-" "Mozilla/5.0 (compatible; Googlebot/2.1; +http://www.google.com/bot.html)"
146.185.223.122 - - [13/May/2017:15:20:51 +0300] "GET / HTTP/1.0" 200 33649 "http://polyanka44.info/" "Mozilla/5.0 (Windows NT 6.1; WOW64) AppleWebKit/537.36 (KHTML, like Gecko) Chrome/48.0.2564.97 Safari/537.36"
128.69.229.7 - - [14/May/2017:02:20:29 +0300] "GET / HTTP/1.1" 200 6856 "http://yandex.ru/clck/jsredir?from=yandex.ru%3Bsearch%3Bweb%3B%3B&text=&etext=1420.udfmMLI8khM4kIlwKHDNstrZZrODTkQV3zasa-usEh79NzqJjGRqDnekpdS6oAjE.96c3de9738bb1399a158501417b83c1b5f65393f&uuid=&state=_BLhILn4SxNIvvL0W45KSic66uCIg23qh8iRG98qeIXmeppkgUc0YFUVNhHyyhJgRFg5yeLMIWU&data=UlNrNmk5WktYejR0eWJFYk1Ldmtxci1oM2JaMVJMVDNVVjZBRXpEa2k4SVdQa0ZBWlduQ0V3R0F0NmZaVzA5NHJDczAzWVp6dlpqbEZiV3NHdTRvWlRtZmxTVzVCWl96Wmk3cmZOUVVvTjg&b64e=2&sign=3e98f77759a14365e6d0066d874970e2&keyno=0&cst=AiuY0DBWFJ7IXge4WdYJQSaYtyyri96Flw1df6tCnQrLjSVJGhlNlpfn1yq-uLVG6tde-ZxOXy5i4_HoCOTqrTpqZVbACF_v8nweAZR9QZkF6XnRJCZ8Dwk3L_JxNMU3J0Tr1mKoxbXpX22HtgBbfUUQINqWcDks&ref=orjY4mGPRjk5boDnW0uvlrrd71vZw9kp5uQozpMtKCXT9k-8MqJh86lr_i0FwLvt_MkAJwyFteCDxiZ0m1glRZW1BT2BeM9NW0ncLQ5xsUfgn-7hAhzxqw&l10n=ru&cts=1494716851938&mc=2.64389521709" "Mozilla/5.0 (Windows NT 6.1; rv:25.0) Gecko/20100101 Firefox/25.0"
66.249.64.229 - - [15/May/2017:03:40:46 +0300] "GET / HTTP/1.1" 200 6856 "-" "Mozilla/5.0 (Linux; Android 6.0.1; Nexus 5X Build/MMB29P) AppleWebKit/537.36 (KHTML, like Gecko) Chrome/41.0.2272.96 Mobile Safari/537.36 (compatible; Googlebot/2.1; +http://www.google.com/bot.html)"
66.249.64.229 - - [15/May/2017:05:27:06 +0300] "GET / HTTP/1.1" 200 6856 "-" "Mozilla/5.0 (compatible; Googlebot/2.1; +http://www.google.com/bot.html)"
66.249.64.233 - - [15/May/2017:05:27:11 +0300] "GET / HTTP/1.1" 200 6856 "-" "Mozilla/5.0 (compatible; Googlebot/2.1; +http://www.google.com/bot.html)"
66.249.64.233 - - [15/May/2017:06:48:06 +0300] "GET / HTTP/1.1" 200 6856 "-" "Mozilla/5.0 (Linux; Android 6.0.1; Nexus 5X Build/MMB29P) AppleWebKit/537.36 (KHTML, like Gecko) Chrome/41.0.2272.96 Mobile Safari/537.36 (compatible; Googlebot/2.1; +http://www.google.com/bot.html)"
66.249.64.229 - - [15/May/2017:08:35:06 +0300] "GET / HTTP/1.1" 200 6856 "-" "Mozilla/5.0 (compatible; Googlebot/2.1; +http://www.google.com/bot.html)"
66.249.64.237 - - [15/May/2017:12:08:38 +0300] "GET / HTTP/1.1" 200 6856 "-" "Mozilla/5.0 (compatible; Googlebot/2.1; +http://www.google.com/bot.html)"
66.249.64.229 - - [15/May/2017:14:45:12 +0300] "GET / HTTP/1.1" 200 6856 "-" "Mozilla/5.0 (Linux; Android 6.0.1; Nexus 5X Build/MMB29P) AppleWebKit/537.36 (KHTML, like Gecko) Chrome/41.0.2272.96 Mobile Safari/537.36 (compatible; Googlebot/2.1; +http://www.google.com/bot.html)"
66.249.64.229 - - [15/May/2017:17:16:52 +0300] "GET / HTTP/1.1" 200 6856 "-" "Mozilla/5.0 (compatible; Googlebot/2.1; +http://www.google.com/bot.html)"
104.130.124.209 - - [15/May/2017:17:25:31 +0300] "GET / HTTP/1.1" 200 6856 "-" "Mozilla/5.0 (Windows NT 6.1; WOW64) AppleWebKit/534.24 (KHTML, like Gecko) Chrome/11.0.696.71 Safari/534.24"
104.130.124.209 - - [15/May/2017:17:43:59 +0300] "GET / HTTP/1.1" 200 6856 "http://polyanka44.info/" "Mozilla/5.0 (Windows NT 6.1; WOW64) AppleWebKit/534.24 (KHTML, like Gecko) Chrome/11.0.696.71 Safari/534.24"
66.249.64.229 - - [15/May/2017:18:16:39 +0300] "GET / HTTP/1.1" 200 6856 "-" "Mozilla/5.0 (compatible; Googlebot/2.1; +http://www.google.com/bot.html)"
91.189.112.7 - - [15/May/2017:20:14:52 +0300] "GET / HTTP/1.1" 200 33649 "-" "Mozilla/5.0 (Windows NT 10.0; WOW64; rv:44.0) Gecko/20100101 Firefox/44.0"
66.249.64.233 - - [15/May/2017:22:37:31 +0300] "GET / HTTP/1.1" 200 6856 "-" "Mozilla/5.0 (compatible; Googlebot/2.1; +http://www.google.com/bot.html)"
66.249.64.233 - - [15/May/2017:22:40:26 +0300] "GET / HTTP/1.1" 200 6856 "-" "Mozilla/5.0 (compatible; Googlebot/2.1; +http://www.google.com/bot.html)"
104.238.248.15 - - [16/May/2017:03:13:05 +0300] "GET / HTTP/1.1" 200 33649 "-" "Mozilla/4.0 (compatible; MSIE 8.0; Windows NT 6.0)"
